<?xml version="1.0"?>
<link_info>
   <banner>TI ARM Linker PC v16.9.3.LTS</banner>
   <copyright>Copyright (c) 1996-2017 Texas Instruments Incorporated</copyright>
   <link_time>0x593859e0</link_time>
   <link_errors>0x0</link_errors>
   <output_file>BoardSupportPackage-MSP432.out</output_file>
   <entry_point>
      <name>_c_int00</name>
      <address>0x34ad</address>
   </entry_point>
   <input_file_list>
      <input_file id="fl-2">
         <path>.\</path>
         <kind>object</kind>
         <file>BSP.obj</file>
         <name>BSP.obj</name>
      </input_file>
      <input_file id="fl-3">
         <path>.\</path>
         <kind>object</kind>
         <file>BSPTestMain.obj</file>
         <name>BSPTestMain.obj</name>
      </input_file>
      <input_file id="fl-4">
         <path>.\</path>
         <kind>object</kind>
         <file>CortexM.obj</file>
         <name>CortexM.obj</name>
      </input_file>
      <input_file id="fl-5">
         <path>.\</path>
         <kind>object</kind>
         <file>startup_msp432p401r_ccs.obj</file>
         <name>startup_msp432p401r_ccs.obj</name>
      </input_file>
      <input_file id="fl-6">
         <path>.\</path>
         <kind>object</kind>
         <file>system_msp432p401r.obj</file>
         <name>system_msp432p401r.obj</name>
      </input_file>
      <input_file id="fl-a">
         <kind>object</kind>
         <file>&lt;internal&gt;</file>
         <name>&lt;internal&gt;</name>
      </input_file>
      <input_file id="fl-c0">
         <path>C:\ti\ccsv7\tools\compiler\ti-cgt-arm_16.9.3.LTS\lib\</path>
         <kind>archive</kind>
         <file>rtsv7M4_T_le_v4SPD16_eabi.lib</file>
         <name>boot.obj</name>
      </input_file>
      <input_file id="fl-c1">
         <path>C:\ti\ccsv7\tools\compiler\ti-cgt-arm_16.9.3.LTS\lib\</path>
         <kind>archive</kind>
         <file>rtsv7M4_T_le_v4SPD16_eabi.lib</file>
         <name>copy_decompress_lzss.obj</name>
      </input_file>
      <input_file id="fl-c2">
         <path>C:\ti\ccsv7\tools\compiler\ti-cgt-arm_16.9.3.LTS\lib\</path>
         <kind>archive</kind>
         <file>rtsv7M4_T_le_v4SPD16_eabi.lib</file>
         <name>copy_decompress_none.obj</name>
      </input_file>
      <input_file id="fl-c3">
         <path>C:\ti\ccsv7\tools\compiler\ti-cgt-arm_16.9.3.LTS\lib\</path>
         <kind>archive</kind>
         <file>rtsv7M4_T_le_v4SPD16_eabi.lib</file>
         <name>copy_zero_init.obj</name>
      </input_file>
      <input_file id="fl-c4">
         <path>C:\ti\ccsv7\tools\compiler\ti-cgt-arm_16.9.3.LTS\lib\</path>
         <kind>archive</kind>
         <file>rtsv7M4_T_le_v4SPD16_eabi.lib</file>
         <name>exit.obj</name>
      </input_file>
      <input_file id="fl-c5">
         <path>C:\ti\ccsv7\tools\compiler\ti-cgt-arm_16.9.3.LTS\lib\</path>
         <kind>archive</kind>
         <file>rtsv7M4_T_le_v4SPD16_eabi.lib</file>
         <name>i_divt2.obj</name>
      </input_file>
      <input_file id="fl-c6">
         <path>C:\ti\ccsv7\tools\compiler\ti-cgt-arm_16.9.3.LTS\lib\</path>
         <kind>archive</kind>
         <file>rtsv7M4_T_le_v4SPD16_eabi.lib</file>
         <name>memcpy_t2.obj</name>
      </input_file>
      <input_file id="fl-c7">
         <path>C:\ti\ccsv7\tools\compiler\ti-cgt-arm_16.9.3.LTS\lib\</path>
         <kind>archive</kind>
         <file>rtsv7M4_T_le_v4SPD16_eabi.lib</file>
         <name>memset_t2.obj</name>
      </input_file>
      <input_file id="fl-c8">
         <path>C:\ti\ccsv7\tools\compiler\ti-cgt-arm_16.9.3.LTS\lib\</path>
         <kind>archive</kind>
         <file>rtsv7M4_T_le_v4SPD16_eabi.lib</file>
         <name>mpu_init.obj</name>
      </input_file>
      <input_file id="fl-c9">
         <path>C:\ti\ccsv7\tools\compiler\ti-cgt-arm_16.9.3.LTS\lib\</path>
         <kind>archive</kind>
         <file>rtsv7M4_T_le_v4SPD16_eabi.lib</file>
         <name>pre_init.obj</name>
      </input_file>
      <input_file id="fl-ca">
         <path>C:\ti\ccsv7\tools\compiler\ti-cgt-arm_16.9.3.LTS\lib\</path>
         <kind>archive</kind>
         <file>rtsv7M4_T_le_v4SPD16_eabi.lib</file>
         <name>stkdepth_vars.obj</name>
      </input_file>
      <input_file id="fl-cb">
         <path>C:\ti\ccsv7\tools\compiler\ti-cgt-arm_16.9.3.LTS\lib\</path>
         <kind>archive</kind>
         <file>rtsv7M4_T_le_v4SPD16_eabi.lib</file>
         <name>_lock.obj</name>
      </input_file>
      <input_file id="fl-cc">
         <path>C:\ti\ccsv7\tools\compiler\ti-cgt-arm_16.9.3.LTS\lib\</path>
         <kind>archive</kind>
         <file>rtsv7M4_T_le_v4SPD16_eabi.lib</file>
         <name>args_main.obj</name>
      </input_file>
      <input_file id="fl-cd">
         <path>C:\ti\ccsv7\tools\compiler\ti-cgt-arm_16.9.3.LTS\lib\</path>
         <kind>archive</kind>
         <file>rtsv7M4_T_le_v4SPD16_eabi.lib</file>
         <name>autoinit.obj</name>
      </input_file>
      <input_file id="fl-ce">
         <path>C:\ti\ccsv7\tools\compiler\ti-cgt-arm_16.9.3.LTS\lib\</path>
         <kind>archive</kind>
         <file>rtsv7M4_T_le_v4SPD16_eabi.lib</file>
         <name>cpy_tbl.obj</name>
      </input_file>
      <input_file id="fl-cf">
         <path>C:\ti\ccsv7\tools\compiler\ti-cgt-arm_16.9.3.LTS\lib\</path>
         <kind>archive</kind>
         <file>rtsv7M4_T_le_v4SPD16_eabi.lib</file>
         <name>i_div0.obj</name>
      </input_file>
      <input_file id="fl-d0">
         <path>C:\ti\ccsv7\tools\compiler\ti-cgt-arm_16.9.3.LTS\lib\</path>
         <kind>archive</kind>
         <file>rtsv7M4_T_le_v4SPD16_eabi.lib</file>
         <name>startup.obj</name>
      </input_file>
   </input_file_list>
   <object_component_list>
      <object_component id="oc-2c">
         <name>.intvecs:retain</name>
         <load_address>0x0</load_address>
         <run_address>0x0</run_address>
         <size>0xe4</size>
         <input_file_ref idref="fl-5"/>
      </object_component>
      <object_component id="oc-7b">
         <name>.text</name>
         <load_address>0xe4</load_address>
         <run_address>0xe4</run_address>
         <size>0x23f0</size>
         <input_file_ref idref="fl-2"/>
      </object_component>
      <object_component id="oc-aa">
         <name>.text</name>
         <load_address>0x24d4</load_address>
         <run_address>0x24d4</run_address>
         <size>0xa5c</size>
         <input_file_ref idref="fl-3"/>
      </object_component>
      <object_component id="oc-bd">
         <name>.text</name>
         <load_address>0x2f30</load_address>
         <run_address>0x2f30</run_address>
         <size>0x32c</size>
         <input_file_ref idref="fl-6"/>
      </object_component>
      <object_component id="oc-3b">
         <name>.text</name>
         <load_address>0x325c</load_address>
         <run_address>0x325c</run_address>
         <size>0x9c</size>
         <input_file_ref idref="fl-c6"/>
      </object_component>
      <object_component id="oc-47">
         <name>.text</name>
         <load_address>0x32f8</load_address>
         <run_address>0x32f8</run_address>
         <size>0x7a</size>
         <input_file_ref idref="fl-c7"/>
      </object_component>
      <object_component id="oc-158">
         <name>.text</name>
         <load_address>0x3372</load_address>
         <run_address>0x3372</run_address>
         <size>0x2</size>
         <input_file_ref idref="fl-cf"/>
      </object_component>
      <object_component id="oc-5f">
         <name>.text</name>
         <load_address>0x3374</load_address>
         <run_address>0x3374</run_address>
         <size>0x70</size>
         <input_file_ref idref="fl-cd"/>
      </object_component>
      <object_component id="oc-14">
         <name>.text:decompress:lzss</name>
         <load_address>0x33e4</load_address>
         <run_address>0x33e4</run_address>
         <size>0x68</size>
         <input_file_ref idref="fl-c1"/>
      </object_component>
      <object_component id="oc-113">
         <name>.text</name>
         <load_address>0x344c</load_address>
         <run_address>0x344c</run_address>
         <size>0x5e</size>
         <input_file_ref idref="fl-c5"/>
      </object_component>
      <object_component id="oc-53">
         <name>.text</name>
         <load_address>0x34aa</load_address>
         <run_address>0x34aa</run_address>
         <size>0x2</size>
         <input_file_ref idref="fl-c8"/>
      </object_component>
      <object_component id="oc-26">
         <name>.text</name>
         <load_address>0x34ac</load_address>
         <run_address>0x34ac</run_address>
         <size>0x54</size>
         <input_file_ref idref="fl-c0"/>
      </object_component>
      <object_component id="oc-6b">
         <name>.text</name>
         <load_address>0x3500</load_address>
         <run_address>0x3500</run_address>
         <size>0x54</size>
         <input_file_ref idref="fl-c4"/>
      </object_component>
      <object_component id="oc-e2">
         <name>.text</name>
         <load_address>0x3554</load_address>
         <run_address>0x3554</run_address>
         <size>0x50</size>
         <input_file_ref idref="fl-4"/>
      </object_component>
      <object_component id="oc-9c">
         <name>.text</name>
         <load_address>0x35a4</load_address>
         <run_address>0x35a4</run_address>
         <size>0x4c</size>
         <input_file_ref idref="fl-ce"/>
      </object_component>
      <object_component id="oc-65">
         <name>.text</name>
         <load_address>0x35f0</load_address>
         <run_address>0x35f0</run_address>
         <size>0x18</size>
         <input_file_ref idref="fl-cc"/>
      </object_component>
      <object_component id="oc-122">
         <name>.text</name>
         <load_address>0x3608</load_address>
         <run_address>0x3608</run_address>
         <size>0x14</size>
         <input_file_ref idref="fl-cb"/>
      </object_component>
      <object_component id="oc-1a">
         <name>.text:decompress:none</name>
         <load_address>0x361c</load_address>
         <run_address>0x361c</run_address>
         <size>0xe</size>
         <input_file_ref idref="fl-c2"/>
      </object_component>
      <object_component id="oc-75">
         <name>.text</name>
         <load_address>0x362a</load_address>
         <run_address>0x362a</run_address>
         <size>0xe</size>
         <input_file_ref idref="fl-5"/>
      </object_component>
      <object_component id="oc-20">
         <name>.text:decompress:ZI</name>
         <load_address>0x3638</load_address>
         <run_address>0x3638</run_address>
         <size>0xc</size>
         <input_file_ref idref="fl-c3"/>
      </object_component>
      <object_component id="oc-59">
         <name>.text</name>
         <load_address>0x3644</load_address>
         <run_address>0x3644</run_address>
         <size>0x4</size>
         <input_file_ref idref="fl-c9"/>
      </object_component>
      <object_component id="oc-a2">
         <name>.text</name>
         <load_address>0x3648</load_address>
         <run_address>0x3648</run_address>
         <size>0x2</size>
         <input_file_ref idref="fl-d0"/>
      </object_component>
      <object_component id="oc-d6">
         <name>.const:.string:Font</name>
         <load_address>0x364a</load_address>
         <run_address>0x364a</run_address>
         <size>0x4fb</size>
         <input_file_ref idref="fl-2"/>
      </object_component>
      <object_component id="oc-ca">
         <name>.const:.string:Rcmd1</name>
         <load_address>0x3b45</load_address>
         <run_address>0x3b45</run_address>
         <size>0x3b</size>
         <input_file_ref idref="fl-2"/>
      </object_component>
      <object_component id="oc-d3">
         <name>.const:.string:Rcmd3</name>
         <load_address>0x3b80</load_address>
         <run_address>0x3b80</run_address>
         <size>0x2b</size>
         <input_file_ref idref="fl-2"/>
      </object_component>
      <object_component id="oc-cd">
         <name>.const:.string:Rcmd2green</name>
         <load_address>0x3bab</load_address>
         <run_address>0x3bab</run_address>
         <size>0xd</size>
         <input_file_ref idref="fl-2"/>
      </object_component>
      <object_component id="oc-d0">
         <name>.const:.string:Rcmd2red</name>
         <load_address>0x3bb8</load_address>
         <run_address>0x3bb8</run_address>
         <size>0xd</size>
         <input_file_ref idref="fl-2"/>
      </object_component>
      <object_component id="oc-18c">
         <name>.cinit..data.load</name>
         <load_address>0x3bc8</load_address>
         <run_address>0x3bc8</run_address>
         <size>0x26</size>
      </object_component>
      <object_component id="oc-18a">
         <name>__TI_handler_table</name>
         <load_address>0x3bf0</load_address>
         <run_address>0x3bf0</run_address>
         <size>0xc</size>
      </object_component>
      <object_component id="oc-18d">
         <name>.cinit..bss.load</name>
         <load_address>0x3c00</load_address>
         <run_address>0x3c00</run_address>
         <size>0x8</size>
      </object_component>
      <object_component id="oc-18b">
         <name>__TI_cinit_table</name>
         <load_address>0x3c08</load_address>
         <run_address>0x3c08</run_address>
         <size>0x10</size>
      </object_component>
      <object_component id="oc-167">
         <name>.binit</name>
         <load_address>0x0</load_address>
         <run_address>0x0</run_address>
         <size>0x0</size>
      </object_component>
      <object_component id="oc-c7">
         <name>.data</name>
         <load_address>0x20000000</load_address>
         <run_address>0x20000000</run_address>
         <size>0x34</size>
         <input_file_ref idref="fl-2"/>
      </object_component>
      <object_component id="oc-110">
         <name>.data</name>
         <load_address>0x20000040</load_address>
         <run_address>0x20000040</run_address>
         <size>0xa</size>
         <input_file_ref idref="fl-3"/>
      </object_component>
      <object_component id="oc-12e">
         <name>.data</name>
         <load_address>0x20000058</load_address>
         <run_address>0x20000058</run_address>
         <size>0x4</size>
         <input_file_ref idref="fl-6"/>
      </object_component>
      <object_component id="oc-b2">
         <name>.data:$O1$$</name>
         <load_address>0x20000034</load_address>
         <run_address>0x20000034</run_address>
         <size>0xc</size>
         <input_file_ref idref="fl-c4"/>
      </object_component>
      <object_component id="oc-71">
         <name>.data</name>
         <load_address>0x20000054</load_address>
         <run_address>0x20000054</run_address>
         <size>0x4</size>
         <input_file_ref idref="fl-ca"/>
      </object_component>
      <object_component id="oc-b5">
         <name>.data:$O1$$</name>
         <load_address>0x2000004c</load_address>
         <run_address>0x2000004c</run_address>
         <size>0x8</size>
         <input_file_ref idref="fl-cb"/>
      </object_component>
      <object_component id="oc-c4">
         <name>.bss</name>
         <uninitialized>true</uninitialized>
         <run_address>0x20000068</run_address>
         <size>0x4</size>
         <input_file_ref idref="fl-2"/>
      </object_component>
      <object_component id="oc-d9">
         <name>.common:Message</name>
         <uninitialized>true</uninitialized>
         <run_address>0x2000005c</run_address>
         <size>0xc</size>
      </object_component>
      <object_component id="oc-dc">
         <name>.common:Messageindex</name>
         <uninitialized>true</uninitialized>
         <run_address>0x2000006c</run_address>
         <size>0x4</size>
      </object_component>
      <object_component id="oc-e0">
         <name>.common:TimeIndex</name>
         <uninitialized>true</uninitialized>
         <run_address>0x2000007c</run_address>
         <size>0x4</size>
      </object_component>
      <object_component id="oc-dd">
         <name>.common:Ymax</name>
         <uninitialized>true</uninitialized>
         <run_address>0x20000080</run_address>
         <size>0x4</size>
      </object_component>
      <object_component id="oc-de">
         <name>.common:Ymin</name>
         <uninitialized>true</uninitialized>
         <run_address>0x20000084</run_address>
         <size>0x4</size>
      </object_component>
      <object_component id="oc-df">
         <name>.common:Yrange</name>
         <uninitialized>true</uninitialized>
         <run_address>0x20000088</run_address>
         <size>0x4</size>
      </object_component>
      <object_component id="oc-e1">
         <name>.common:PlotBGColor</name>
         <uninitialized>true</uninitialized>
         <run_address>0x20000096</run_address>
         <size>0x2</size>
      </object_component>
      <object_component id="oc-e8">
         <name>.common:PeriodicTask</name>
         <uninitialized>true</uninitialized>
         <run_address>0x20000070</run_address>
         <size>0x4</size>
      </object_component>
      <object_component id="oc-e9">
         <name>.common:PeriodicTaskB</name>
         <uninitialized>true</uninitialized>
         <run_address>0x20000074</run_address>
         <size>0x4</size>
      </object_component>
      <object_component id="oc-ea">
         <name>.common:PeriodicTaskC</name>
         <uninitialized>true</uninitialized>
         <run_address>0x20000078</run_address>
         <size>0x4</size>
      </object_component>
      <object_component id="oc-109">
         <name>.common:JoyX</name>
         <uninitialized>true</uninitialized>
         <run_address>0x20000092</run_address>
         <size>0x2</size>
      </object_component>
      <object_component id="oc-10c">
         <name>.common:JoyY</name>
         <uninitialized>true</uninitialized>
         <run_address>0x20000094</run_address>
         <size>0x2</size>
      </object_component>
      <object_component id="oc-10d">
         <name>.common:AccX</name>
         <uninitialized>true</uninitialized>
         <run_address>0x2000008c</run_address>
         <size>0x2</size>
      </object_component>
      <object_component id="oc-10e">
         <name>.common:AccY</name>
         <uninitialized>true</uninitialized>
         <run_address>0x2000008e</run_address>
         <size>0x2</size>
      </object_component>
      <object_component id="oc-10f">
         <name>.common:AccZ</name>
         <uninitialized>true</uninitialized>
         <run_address>0x20000090</run_address>
         <size>0x2</size>
      </object_component>
      <object_component id="oc-2f">
         <name>.stack</name>
         <uninitialized>true</uninitialized>
         <run_address>0x2000fe00</run_address>
         <size>0x0</size>
         <input_file_ref idref="fl-c0"/>
      </object_component>
      <object_component id="oc-18e">
         <name>.stack</name>
         <uninitialized>true</uninitialized>
         <run_address>0x2000fe00</run_address>
         <size>0x0</size>
      </object_component>
      <object_component id="oc-da">
         <name>.debug_info</name>
         <load_address>0x0</load_address>
         <run_address>0x0</run_address>
         <size>0x6f5</size>
         <input_file_ref idref="fl-2"/>
      </object_component>
      <object_component id="oc-c8">
         <name>.debug_info</name>
         <load_address>0x6f5</load_address>
         <run_address>0x6f5</run_address>
         <size>0x2cc</size>
         <input_file_ref idref="fl-2"/>
      </object_component>
      <object_component id="oc-c5">
         <name>.debug_info</name>
         <load_address>0x9c1</load_address>
         <run_address>0x9c1</run_address>
         <size>0x14b</size>
         <input_file_ref idref="fl-2"/>
      </object_component>
      <object_component id="oc-d7">
         <name>.debug_info</name>
         <load_address>0xb0c</load_address>
         <run_address>0xb0c</run_address>
         <size>0xff</size>
         <input_file_ref idref="fl-2"/>
      </object_component>
      <object_component id="oc-cb">
         <name>.debug_info</name>
         <load_address>0xc0b</load_address>
         <run_address>0xc0b</run_address>
         <size>0x101</size>
         <input_file_ref idref="fl-2"/>
      </object_component>
      <object_component id="oc-ce">
         <name>.debug_info</name>
         <load_address>0xd0c</load_address>
         <run_address>0xd0c</run_address>
         <size>0x10b</size>
         <input_file_ref idref="fl-2"/>
      </object_component>
      <object_component id="oc-d1">
         <name>.debug_info</name>
         <load_address>0xe17</load_address>
         <run_address>0xe17</run_address>
         <size>0x107</size>
         <input_file_ref idref="fl-2"/>
      </object_component>
      <object_component id="oc-d4">
         <name>.debug_info</name>
         <load_address>0xf1e</load_address>
         <run_address>0xf1e</run_address>
         <size>0x101</size>
         <input_file_ref idref="fl-2"/>
      </object_component>
      <object_component id="oc-7c">
         <name>.debug_info</name>
         <load_address>0x101f</load_address>
         <run_address>0x101f</run_address>
         <size>0x524b</size>
         <input_file_ref idref="fl-2"/>
      </object_component>
      <object_component id="oc-142">
         <name>.debug_info</name>
         <load_address>0x626a</load_address>
         <run_address>0x626a</run_address>
         <size>0x1055</size>
         <input_file_ref idref="fl-2"/>
      </object_component>
      <object_component id="oc-36">
         <name>.debug_info</name>
         <load_address>0x72bf</load_address>
         <run_address>0x72bf</run_address>
         <size>0x84</size>
         <input_file_ref idref="fl-2"/>
      </object_component>
      <object_component id="oc-ec">
         <name>.debug_info</name>
         <load_address>0x7343</load_address>
         <run_address>0x7343</run_address>
         <size>0x18b</size>
         <input_file_ref idref="fl-2"/>
      </object_component>
      <object_component id="oc-f1">
         <name>.debug_info</name>
         <load_address>0x74ce</load_address>
         <run_address>0x74ce</run_address>
         <size>0x56</size>
         <input_file_ref idref="fl-2"/>
      </object_component>
      <object_component id="oc-10a">
         <name>.debug_info</name>
         <load_address>0x7524</load_address>
         <run_address>0x7524</run_address>
         <size>0x9a8</size>
         <input_file_ref idref="fl-3"/>
      </object_component>
      <object_component id="oc-111">
         <name>.debug_info</name>
         <load_address>0x7ecc</load_address>
         <run_address>0x7ecc</run_address>
         <size>0x113</size>
         <input_file_ref idref="fl-3"/>
      </object_component>
      <object_component id="oc-ab">
         <name>.debug_info</name>
         <load_address>0x7fdf</load_address>
         <run_address>0x7fdf</run_address>
         <size>0xff2</size>
         <input_file_ref idref="fl-3"/>
      </object_component>
      <object_component id="oc-e3">
         <name>.debug_info</name>
         <load_address>0x8fd1</load_address>
         <run_address>0x8fd1</run_address>
         <size>0x59f</size>
         <input_file_ref idref="fl-4"/>
      </object_component>
      <object_component id="oc-83">
         <name>.debug_info</name>
         <load_address>0x9570</load_address>
         <run_address>0x9570</run_address>
         <size>0x2c7</size>
         <input_file_ref idref="fl-5"/>
      </object_component>
      <object_component id="oc-2d">
         <name>.debug_info</name>
         <load_address>0x9837</load_address>
         <run_address>0x9837</run_address>
         <size>0x105</size>
         <input_file_ref idref="fl-5"/>
      </object_component>
      <object_component id="oc-76">
         <name>.debug_info</name>
         <load_address>0x993c</load_address>
         <run_address>0x993c</run_address>
         <size>0x1cc</size>
         <input_file_ref idref="fl-5"/>
      </object_component>
      <object_component id="oc-12f">
         <name>.debug_info</name>
         <load_address>0x9b08</load_address>
         <run_address>0x9b08</run_address>
         <size>0xfe</size>
         <input_file_ref idref="fl-6"/>
      </object_component>
      <object_component id="oc-be">
         <name>.debug_info</name>
         <load_address>0x9c06</load_address>
         <run_address>0x9c06</run_address>
         <size>0x270</size>
         <input_file_ref idref="fl-6"/>
      </object_component>
      <object_component id="oc-27">
         <name>.debug_info</name>
         <load_address>0x9e76</load_address>
         <run_address>0x9e76</run_address>
         <size>0x160</size>
         <input_file_ref idref="fl-c0"/>
      </object_component>
      <object_component id="oc-89">
         <name>.debug_info</name>
         <load_address>0x9fd6</load_address>
         <run_address>0x9fd6</run_address>
         <size>0x293</size>
         <input_file_ref idref="fl-c1"/>
      </object_component>
      <object_component id="oc-18">
         <name>.debug_info</name>
         <load_address>0xa269</load_address>
         <run_address>0xa269</run_address>
         <size>0x245</size>
         <input_file_ref idref="fl-c1"/>
      </object_component>
      <object_component id="oc-31">
         <name>.debug_info</name>
         <load_address>0xa4ae</load_address>
         <run_address>0xa4ae</run_address>
         <size>0x60</size>
         <input_file_ref idref="fl-c1"/>
      </object_component>
      <object_component id="oc-84">
         <name>.debug_info</name>
         <load_address>0xa50e</load_address>
         <run_address>0xa50e</run_address>
         <size>0x46</size>
         <input_file_ref idref="fl-c1"/>
      </object_component>
      <object_component id="oc-46">
         <name>.debug_info</name>
         <load_address>0xa554</load_address>
         <run_address>0xa554</run_address>
         <size>0x2da</size>
         <input_file_ref idref="fl-c2"/>
      </object_component>
      <object_component id="oc-1d">
         <name>.debug_info</name>
         <load_address>0xa82e</load_address>
         <run_address>0xa82e</run_address>
         <size>0x1df</size>
         <input_file_ref idref="fl-c2"/>
      </object_component>
      <object_component id="oc-41">
         <name>.debug_info</name>
         <load_address>0xaa0d</load_address>
         <run_address>0xaa0d</run_address>
         <size>0x46</size>
         <input_file_ref idref="fl-c2"/>
      </object_component>
      <object_component id="oc-8b">
         <name>.debug_info</name>
         <load_address>0xaa53</load_address>
         <run_address>0xaa53</run_address>
         <size>0x2c</size>
         <input_file_ref idref="fl-c2"/>
      </object_component>
      <object_component id="oc-52">
         <name>.debug_info</name>
         <load_address>0xaa7f</load_address>
         <run_address>0xaa7f</run_address>
         <size>0x2c9</size>
         <input_file_ref idref="fl-c3"/>
      </object_component>
      <object_component id="oc-22">
         <name>.debug_info</name>
         <load_address>0xad48</load_address>
         <run_address>0xad48</run_address>
         <size>0x1aa</size>
         <input_file_ref idref="fl-c3"/>
      </object_component>
      <object_component id="oc-4d">
         <name>.debug_info</name>
         <load_address>0xaef2</load_address>
         <run_address>0xaef2</run_address>
         <size>0x46</size>
         <input_file_ref idref="fl-c3"/>
      </object_component>
      <object_component id="oc-93">
         <name>.debug_info</name>
         <load_address>0xaf38</load_address>
         <run_address>0xaf38</run_address>
         <size>0x2c</size>
         <input_file_ref idref="fl-c3"/>
      </object_component>
      <object_component id="oc-b9">
         <name>.debug_info</name>
         <load_address>0xaf64</load_address>
         <run_address>0xaf64</run_address>
         <size>0x3ce</size>
         <input_file_ref idref="fl-c4"/>
      </object_component>
      <object_component id="oc-b3">
         <name>.debug_info</name>
         <load_address>0xb332</load_address>
         <run_address>0xb332</run_address>
         <size>0x185</size>
         <input_file_ref idref="fl-c4"/>
      </object_component>
      <object_component id="oc-6c">
         <name>.debug_info</name>
         <load_address>0xb4b7</load_address>
         <run_address>0xb4b7</run_address>
         <size>0x214</size>
         <input_file_ref idref="fl-c4"/>
      </object_component>
      <object_component id="oc-114">
         <name>.debug_info</name>
         <load_address>0xb6cb</load_address>
         <run_address>0xb6cb</run_address>
         <size>0x138</size>
         <input_file_ref idref="fl-c5"/>
      </object_component>
      <object_component id="oc-3c">
         <name>.debug_info</name>
         <load_address>0xb803</load_address>
         <run_address>0xb803</run_address>
         <size>0x111</size>
         <input_file_ref idref="fl-c6"/>
      </object_component>
      <object_component id="oc-48">
         <name>.debug_info</name>
         <load_address>0xb914</load_address>
         <run_address>0xb914</run_address>
         <size>0x13f</size>
         <input_file_ref idref="fl-c7"/>
      </object_component>
      <object_component id="oc-54">
         <name>.debug_info</name>
         <load_address>0xba53</load_address>
         <run_address>0xba53</run_address>
         <size>0x138</size>
         <input_file_ref idref="fl-c8"/>
      </object_component>
      <object_component id="oc-5a">
         <name>.debug_info</name>
         <load_address>0xbb8b</load_address>
         <run_address>0xbb8b</run_address>
         <size>0x148</size>
         <input_file_ref idref="fl-c9"/>
      </object_component>
      <object_component id="oc-72">
         <name>.debug_info</name>
         <load_address>0xbcd3</load_address>
         <run_address>0xbcd3</run_address>
         <size>0x109</size>
         <input_file_ref idref="fl-ca"/>
      </object_component>
      <object_component id="oc-12a">
         <name>.debug_info</name>
         <load_address>0xbddc</load_address>
         <run_address>0xbddc</run_address>
         <size>0x2be</size>
         <input_file_ref idref="fl-cb"/>
      </object_component>
      <object_component id="oc-b6">
         <name>.debug_info</name>
         <load_address>0xc09a</load_address>
         <run_address>0xc09a</run_address>
         <size>0x113</size>
         <input_file_ref idref="fl-cb"/>
      </object_component>
      <object_component id="oc-123">
         <name>.debug_info</name>
         <load_address>0xc1ad</load_address>
         <run_address>0xc1ad</run_address>
         <size>0x21f</size>
         <input_file_ref idref="fl-cb"/>
      </object_component>
      <object_component id="oc-b1">
         <name>.debug_info</name>
         <load_address>0xc3cc</load_address>
         <run_address>0xc3cc</run_address>
         <size>0x300</size>
         <input_file_ref idref="fl-cc"/>
      </object_component>
      <object_component id="oc-66">
         <name>.debug_info</name>
         <load_address>0xc6cc</load_address>
         <run_address>0xc6cc</run_address>
         <size>0x167</size>
         <input_file_ref idref="fl-cc"/>
      </object_component>
      <object_component id="oc-11b">
         <name>.debug_info</name>
         <load_address>0xc833</load_address>
         <run_address>0xc833</run_address>
         <size>0x5e</size>
         <input_file_ref idref="fl-cc"/>
      </object_component>
      <object_component id="oc-a9">
         <name>.debug_info</name>
         <load_address>0xc891</load_address>
         <run_address>0xc891</run_address>
         <size>0x483</size>
         <input_file_ref idref="fl-cd"/>
      </object_component>
      <object_component id="oc-60">
         <name>.debug_info</name>
         <load_address>0xcd14</load_address>
         <run_address>0xcd14</run_address>
         <size>0x190</size>
         <input_file_ref idref="fl-cd"/>
      </object_component>
      <object_component id="oc-ff">
         <name>.debug_info</name>
         <load_address>0xcea4</load_address>
         <run_address>0xcea4</run_address>
         <size>0x39</size>
         <input_file_ref idref="fl-cd"/>
      </object_component>
      <object_component id="oc-14f">
         <name>.debug_info</name>
         <load_address>0xcedd</load_address>
         <run_address>0xcedd</run_address>
         <size>0x39</size>
         <input_file_ref idref="fl-cd"/>
      </object_component>
      <object_component id="oc-104">
         <name>.debug_info</name>
         <load_address>0xcf16</load_address>
         <run_address>0xcf16</run_address>
         <size>0xcd</size>
         <input_file_ref idref="fl-cd"/>
      </object_component>
      <object_component id="oc-fb">
         <name>.debug_info</name>
         <load_address>0xcfe3</load_address>
         <run_address>0xcfe3</run_address>
         <size>0x37a</size>
         <input_file_ref idref="fl-ce"/>
      </object_component>
      <object_component id="oc-9d">
         <name>.debug_info</name>
         <load_address>0xd35d</load_address>
         <run_address>0xd35d</run_address>
         <size>0x183</size>
         <input_file_ref idref="fl-ce"/>
      </object_component>
      <object_component id="oc-14a">
         <name>.debug_info</name>
         <load_address>0xd4e0</load_address>
         <run_address>0xd4e0</run_address>
         <size>0x2c</size>
         <input_file_ref idref="fl-ce"/>
      </object_component>
      <object_component id="oc-159">
         <name>.debug_info</name>
         <load_address>0xd50c</load_address>
         <run_address>0xd50c</run_address>
         <size>0x147</size>
         <input_file_ref idref="fl-cf"/>
      </object_component>
      <object_component id="oc-a4">
         <name>.debug_info</name>
         <load_address>0xd653</load_address>
         <run_address>0xd653</run_address>
         <size>0x145</size>
         <input_file_ref idref="fl-d0"/>
      </object_component>
      <object_component id="oc-18f">
         <name>.debug_info</name>
         <load_address>0xd798</load_address>
         <run_address>0xd798</run_address>
         <size>0xb4</size>
      </object_component>
      <object_component id="oc-141">
         <name>.debug_line</name>
         <load_address>0x0</load_address>
         <run_address>0x0</run_address>
         <size>0x8f</size>
         <input_file_ref idref="fl-2"/>
      </object_component>
      <object_component id="oc-135">
         <name>.debug_line</name>
         <load_address>0x8f</load_address>
         <run_address>0x8f</run_address>
         <size>0x52</size>
         <input_file_ref idref="fl-2"/>
      </object_component>
      <object_component id="oc-133">
         <name>.debug_line</name>
         <load_address>0xe1</load_address>
         <run_address>0xe1</run_address>
         <size>0x52</size>
         <input_file_ref idref="fl-2"/>
      </object_component>
      <object_component id="oc-13f">
         <name>.debug_line</name>
         <load_address>0x133</load_address>
         <run_address>0x133</run_address>
         <size>0x52</size>
         <input_file_ref idref="fl-2"/>
      </object_component>
      <object_component id="oc-137">
         <name>.debug_line</name>
         <load_address>0x185</load_address>
         <run_address>0x185</run_address>
         <size>0x52</size>
         <input_file_ref idref="fl-2"/>
      </object_component>
      <object_component id="oc-139">
         <name>.debug_line</name>
         <load_address>0x1d7</load_address>
         <run_address>0x1d7</run_address>
         <size>0x52</size>
         <input_file_ref idref="fl-2"/>
      </object_component>
      <object_component id="oc-13b">
         <name>.debug_line</name>
         <load_address>0x229</load_address>
         <run_address>0x229</run_address>
         <size>0x52</size>
         <input_file_ref idref="fl-2"/>
      </object_component>
      <object_component id="oc-13d">
         <name>.debug_line</name>
         <load_address>0x27b</load_address>
         <run_address>0x27b</run_address>
         <size>0x52</size>
         <input_file_ref idref="fl-2"/>
      </object_component>
      <object_component id="oc-7f">
         <name>.debug_line</name>
         <load_address>0x2cd</load_address>
         <run_address>0x2cd</run_address>
         <size>0xeca</size>
         <input_file_ref idref="fl-2"/>
      </object_component>
      <object_component id="oc-145">
         <name>.debug_line</name>
         <load_address>0x1197</load_address>
         <run_address>0x1197</run_address>
         <size>0x55</size>
         <input_file_ref idref="fl-2"/>
      </object_component>
      <object_component id="oc-39">
         <name>.debug_line</name>
         <load_address>0x11ec</load_address>
         <run_address>0x11ec</run_address>
         <size>0x20</size>
         <input_file_ref idref="fl-2"/>
      </object_component>
      <object_component id="oc-ef">
         <name>.debug_line</name>
         <load_address>0x120c</load_address>
         <run_address>0x120c</run_address>
         <size>0x65</size>
         <input_file_ref idref="fl-2"/>
      </object_component>
      <object_component id="oc-f4">
         <name>.debug_line</name>
         <load_address>0x1271</load_address>
         <run_address>0x1271</run_address>
         <size>0x52</size>
         <input_file_ref idref="fl-2"/>
      </object_component>
      <object_component id="oc-155">
         <name>.debug_line</name>
         <load_address>0x12c3</load_address>
         <run_address>0x12c3</run_address>
         <size>0x5e</size>
         <input_file_ref idref="fl-3"/>
      </object_component>
      <object_component id="oc-157">
         <name>.debug_line</name>
         <load_address>0x1321</load_address>
         <run_address>0x1321</run_address>
         <size>0x34</size>
         <input_file_ref idref="fl-3"/>
      </object_component>
      <object_component id="oc-ae">
         <name>.debug_line</name>
         <load_address>0x1355</load_address>
         <run_address>0x1355</run_address>
         <size>0x222</size>
         <input_file_ref idref="fl-3"/>
      </object_component>
      <object_component id="oc-e6">
         <name>.debug_line</name>
         <load_address>0x1577</load_address>
         <run_address>0x1577</run_address>
         <size>0x110</size>
         <input_file_ref idref="fl-4"/>
      </object_component>
      <object_component id="oc-f7">
         <name>.debug_line</name>
         <load_address>0x1687</load_address>
         <run_address>0x1687</run_address>
         <size>0x40</size>
         <input_file_ref idref="fl-5"/>
      </object_component>
      <object_component id="oc-82">
         <name>.debug_line</name>
         <load_address>0x16c7</load_address>
         <run_address>0x16c7</run_address>
         <size>0x40</size>
         <input_file_ref idref="fl-5"/>
      </object_component>
      <object_component id="oc-79">
         <name>.debug_line</name>
         <load_address>0x1707</load_address>
         <run_address>0x1707</run_address>
         <size>0x71</size>
         <input_file_ref idref="fl-5"/>
      </object_component>
      <object_component id="oc-163">
         <name>.debug_line</name>
         <load_address>0x1778</load_address>
         <run_address>0x1778</run_address>
         <size>0x3b</size>
         <input_file_ref idref="fl-6"/>
      </object_component>
      <object_component id="oc-c1">
         <name>.debug_line</name>
         <load_address>0x17b3</load_address>
         <run_address>0x17b3</run_address>
         <size>0x146</size>
         <input_file_ref idref="fl-6"/>
      </object_component>
      <object_component id="oc-2a">
         <name>.debug_line</name>
         <load_address>0x18f9</load_address>
         <run_address>0x18f9</run_address>
         <size>0x53</size>
         <input_file_ref idref="fl-c0"/>
      </object_component>
      <object_component id="oc-f9">
         <name>.debug_line</name>
         <load_address>0x194c</load_address>
         <run_address>0x194c</run_address>
         <size>0x20</size>
         <input_file_ref idref="fl-c1"/>
      </object_component>
      <object_component id="oc-17">
         <name>.debug_line</name>
         <load_address>0x196c</load_address>
         <run_address>0x196c</run_address>
         <size>0xa9</size>
         <input_file_ref idref="fl-c1"/>
      </object_component>
      <object_component id="oc-34">
         <name>.debug_line</name>
         <load_address>0x1a15</load_address>
         <run_address>0x1a15</run_address>
         <size>0x3a</size>
         <input_file_ref idref="fl-c1"/>
      </object_component>
      <object_component id="oc-87">
         <name>.debug_line</name>
         <load_address>0x1a4f</load_address>
         <run_address>0x1a4f</run_address>
         <size>0x8a</size>
         <input_file_ref idref="fl-c1"/>
      </object_component>
      <object_component id="oc-91">
         <name>.debug_line</name>
         <load_address>0x1ad9</load_address>
         <run_address>0x1ad9</run_address>
         <size>0x8a</size>
         <input_file_ref idref="fl-c2"/>
      </object_component>
      <object_component id="oc-1b">
         <name>.debug_line</name>
         <load_address>0x1b63</load_address>
         <run_address>0x1b63</run_address>
         <size>0x55</size>
         <input_file_ref idref="fl-c2"/>
      </object_component>
      <object_component id="oc-44">
         <name>.debug_line</name>
         <load_address>0x1bb8</load_address>
         <run_address>0x1bb8</run_address>
         <size>0x3a</size>
         <input_file_ref idref="fl-c2"/>
      </object_component>
      <object_component id="oc-8e">
         <name>.debug_line</name>
         <load_address>0x1bf2</load_address>
         <run_address>0x1bf2</run_address>
         <size>0x8a</size>
         <input_file_ref idref="fl-c2"/>
      </object_component>
      <object_component id="oc-99">
         <name>.debug_line</name>
         <load_address>0x1c7c</load_address>
         <run_address>0x1c7c</run_address>
         <size>0x8a</size>
         <input_file_ref idref="fl-c3"/>
      </object_component>
      <object_component id="oc-24">
         <name>.debug_line</name>
         <load_address>0x1d06</load_address>
         <run_address>0x1d06</run_address>
         <size>0x4f</size>
         <input_file_ref idref="fl-c3"/>
      </object_component>
      <object_component id="oc-50">
         <name>.debug_line</name>
         <load_address>0x1d55</load_address>
         <run_address>0x1d55</run_address>
         <size>0x34</size>
         <input_file_ref idref="fl-c3"/>
      </object_component>
      <object_component id="oc-96">
         <name>.debug_line</name>
         <load_address>0x1d89</load_address>
         <run_address>0x1d89</run_address>
         <size>0x8a</size>
         <input_file_ref idref="fl-c3"/>
      </object_component>
      <object_component id="oc-12d">
         <name>.debug_line</name>
         <load_address>0x1e13</load_address>
         <run_address>0x1e13</run_address>
         <size>0xf2</size>
         <input_file_ref idref="fl-c4"/>
      </object_component>
      <object_component id="oc-121">
         <name>.debug_line</name>
         <load_address>0x1f05</load_address>
         <run_address>0x1f05</run_address>
         <size>0x2a</size>
         <input_file_ref idref="fl-c4"/>
      </object_component>
      <object_component id="oc-6f">
         <name>.debug_line</name>
         <load_address>0x1f2f</load_address>
         <run_address>0x1f2f</run_address>
         <size>0x86</size>
         <input_file_ref idref="fl-c4"/>
      </object_component>
      <object_component id="oc-117">
         <name>.debug_line</name>
         <load_address>0x1fb5</load_address>
         <run_address>0x1fb5</run_address>
         <size>0x6a</size>
         <input_file_ref idref="fl-c5"/>
      </object_component>
      <object_component id="oc-3f">
         <name>.debug_line</name>
         <load_address>0x201f</load_address>
         <run_address>0x201f</run_address>
         <size>0x88</size>
         <input_file_ref idref="fl-c6"/>
      </object_component>
      <object_component id="oc-4b">
         <name>.debug_line</name>
         <load_address>0x20a7</load_address>
         <run_address>0x20a7</run_address>
         <size>0x79</size>
         <input_file_ref idref="fl-c7"/>
      </object_component>
      <object_component id="oc-57">
         <name>.debug_line</name>
         <load_address>0x2120</load_address>
         <run_address>0x2120</run_address>
         <size>0x3d</size>
         <input_file_ref idref="fl-c8"/>
      </object_component>
      <object_component id="oc-5d">
         <name>.debug_line</name>
         <load_address>0x215d</load_address>
         <run_address>0x215d</run_address>
         <size>0x40</size>
         <input_file_ref idref="fl-c9"/>
      </object_component>
      <object_component id="oc-bc">
         <name>.debug_line</name>
         <load_address>0x219d</load_address>
         <run_address>0x219d</run_address>
         <size>0x33</size>
         <input_file_ref idref="fl-ca"/>
      </object_component>
      <object_component id="oc-161">
         <name>.debug_line</name>
         <load_address>0x21d0</load_address>
         <run_address>0x21d0</run_address>
         <size>0x20</size>
         <input_file_ref idref="fl-cb"/>
      </object_component>
      <object_component id="oc-129">
         <name>.debug_line</name>
         <load_address>0x21f0</load_address>
         <run_address>0x21f0</run_address>
         <size>0x2b</size>
         <input_file_ref idref="fl-cb"/>
      </object_component>
      <object_component id="oc-126">
         <name>.debug_line</name>
         <load_address>0x221b</load_address>
         <run_address>0x221b</run_address>
         <size>0x68</size>
         <input_file_ref idref="fl-cb"/>
      </object_component>
      <object_component id="oc-11a">
         <name>.debug_line</name>
         <load_address>0x2283</load_address>
         <run_address>0x2283</run_address>
         <size>0x2b</size>
         <input_file_ref idref="fl-cc"/>
      </object_component>
      <object_component id="oc-69">
         <name>.debug_line</name>
         <load_address>0x22ae</load_address>
         <run_address>0x22ae</run_address>
         <size>0x4a</size>
         <input_file_ref idref="fl-cc"/>
      </object_component>
      <object_component id="oc-11e">
         <name>.debug_line</name>
         <load_address>0x22f8</load_address>
         <run_address>0x22f8</run_address>
         <size>0x2b</size>
         <input_file_ref idref="fl-cc"/>
      </object_component>
      <object_component id="oc-fe">
         <name>.debug_line</name>
         <load_address>0x2323</load_address>
         <run_address>0x2323</run_address>
         <size>0xa9</size>
         <input_file_ref idref="fl-cd"/>
      </object_component>
      <object_component id="oc-63">
         <name>.debug_line</name>
         <load_address>0x23cc</load_address>
         <run_address>0x23cc</run_address>
         <size>0x8b</size>
         <input_file_ref idref="fl-cd"/>
      </object_component>
      <object_component id="oc-102">
         <name>.debug_line</name>
         <load_address>0x2457</load_address>
         <run_address>0x2457</run_address>
         <size>0x2e</size>
         <input_file_ref idref="fl-cd"/>
      </object_component>
      <object_component id="oc-152">
         <name>.debug_line</name>
         <load_address>0x2485</load_address>
         <run_address>0x2485</run_address>
         <size>0x8a</size>
         <input_file_ref idref="fl-cd"/>
      </object_component>
      <object_component id="oc-107">
         <name>.debug_line</name>
         <load_address>0x250f</load_address>
         <run_address>0x250f</run_address>
         <size>0x8b</size>
         <input_file_ref idref="fl-cd"/>
      </object_component>
      <object_component id="oc-149">
         <name>.debug_line</name>
         <load_address>0x259a</load_address>
         <run_address>0x259a</run_address>
         <size>0x98</size>
         <input_file_ref idref="fl-ce"/>
      </object_component>
      <object_component id="oc-a0">
         <name>.debug_line</name>
         <load_address>0x2632</load_address>
         <run_address>0x2632</run_address>
         <size>0x68</size>
         <input_file_ref idref="fl-ce"/>
      </object_component>
      <object_component id="oc-14d">
         <name>.debug_line</name>
         <load_address>0x269a</load_address>
         <run_address>0x269a</run_address>
         <size>0x2e</size>
         <input_file_ref idref="fl-ce"/>
      </object_component>
      <object_component id="oc-15c">
         <name>.debug_line</name>
         <load_address>0x26c8</load_address>
         <run_address>0x26c8</run_address>
         <size>0x3b</size>
         <input_file_ref idref="fl-cf"/>
      </object_component>
      <object_component id="oc-a7">
         <name>.debug_line</name>
         <load_address>0x2703</load_address>
         <run_address>0x2703</run_address>
         <size>0x3c</size>
         <input_file_ref idref="fl-d0"/>
      </object_component>
      <object_component id="oc-80">
         <name>.debug_frame</name>
         <load_address>0x0</load_address>
         <run_address>0x0</run_address>
         <size>0x833</size>
         <input_file_ref idref="fl-2"/>
      </object_component>
      <object_component id="oc-af">
         <name>.debug_frame</name>
         <load_address>0x833</load_address>
         <run_address>0x833</run_address>
         <size>0x8e</size>
         <input_file_ref idref="fl-3"/>
      </object_component>
      <object_component id="oc-e7">
         <name>.debug_frame</name>
         <load_address>0x8c1</load_address>
         <run_address>0x8c1</run_address>
         <size>0xc4</size>
         <input_file_ref idref="fl-4"/>
      </object_component>
      <object_component id="oc-7a">
         <name>.debug_frame</name>
         <load_address>0x985</load_address>
         <run_address>0x985</run_address>
         <size>0x69</size>
         <input_file_ref idref="fl-5"/>
      </object_component>
      <object_component id="oc-c2">
         <name>.debug_frame</name>
         <load_address>0x9ee</load_address>
         <run_address>0x9ee</run_address>
         <size>0x6a</size>
         <input_file_ref idref="fl-6"/>
      </object_component>
      <object_component id="oc-15">
         <name>.debug_frame</name>
         <load_address>0xa58</load_address>
         <run_address>0xa58</run_address>
         <size>0x60</size>
         <input_file_ref idref="fl-c1"/>
      </object_component>
      <object_component id="oc-1c">
         <name>.debug_frame</name>
         <load_address>0xab8</load_address>
         <run_address>0xab8</run_address>
         <size>0x51</size>
         <input_file_ref idref="fl-c2"/>
      </object_component>
      <object_component id="oc-25">
         <name>.debug_frame</name>
         <load_address>0xb09</load_address>
         <run_address>0xb09</run_address>
         <size>0x51</size>
         <input_file_ref idref="fl-c3"/>
      </object_component>
      <object_component id="oc-70">
         <name>.debug_frame</name>
         <load_address>0xb5a</load_address>
         <run_address>0xb5a</run_address>
         <size>0x85</size>
         <input_file_ref idref="fl-c4"/>
      </object_component>
      <object_component id="oc-58">
         <name>.debug_frame</name>
         <load_address>0xbdf</load_address>
         <run_address>0xbdf</run_address>
         <size>0x51</size>
         <input_file_ref idref="fl-c8"/>
      </object_component>
      <object_component id="oc-5e">
         <name>.debug_frame</name>
         <load_address>0xc30</load_address>
         <run_address>0xc30</run_address>
         <size>0x51</size>
         <input_file_ref idref="fl-c9"/>
      </object_component>
      <object_component id="oc-127">
         <name>.debug_frame</name>
         <load_address>0xc81</load_address>
         <run_address>0xc81</run_address>
         <size>0x73</size>
         <input_file_ref idref="fl-cb"/>
      </object_component>
      <object_component id="oc-6a">
         <name>.debug_frame</name>
         <load_address>0xcf4</load_address>
         <run_address>0xcf4</run_address>
         <size>0x51</size>
         <input_file_ref idref="fl-cc"/>
      </object_component>
      <object_component id="oc-64">
         <name>.debug_frame</name>
         <load_address>0xd45</load_address>
         <run_address>0xd45</run_address>
         <size>0x5c</size>
         <input_file_ref idref="fl-cd"/>
      </object_component>
      <object_component id="oc-a1">
         <name>.debug_frame</name>
         <load_address>0xda1</load_address>
         <run_address>0xda1</run_address>
         <size>0x60</size>
         <input_file_ref idref="fl-ce"/>
      </object_component>
      <object_component id="oc-15d">
         <name>.debug_frame</name>
         <load_address>0xe01</load_address>
         <run_address>0xe01</run_address>
         <size>0x51</size>
         <input_file_ref idref="fl-cf"/>
      </object_component>
      <object_component id="oc-a3">
         <name>.debug_frame</name>
         <load_address>0xe52</load_address>
         <run_address>0xe52</run_address>
         <size>0x51</size>
         <input_file_ref idref="fl-d0"/>
      </object_component>
      <object_component id="oc-140">
         <name>.debug_abbrev</name>
         <load_address>0x0</load_address>
         <run_address>0x0</run_address>
         <size>0xed</size>
         <input_file_ref idref="fl-2"/>
      </object_component>
      <object_component id="oc-134">
         <name>.debug_abbrev</name>
         <load_address>0xed</load_address>
         <run_address>0xed</run_address>
         <size>0x51</size>
         <input_file_ref idref="fl-2"/>
      </object_component>
      <object_component id="oc-132">
         <name>.debug_abbrev</name>
         <load_address>0x13e</load_address>
         <run_address>0x13e</run_address>
         <size>0x27</size>
         <input_file_ref idref="fl-2"/>
      </object_component>
      <object_component id="oc-13e">
         <name>.debug_abbrev</name>
         <load_address>0x165</load_address>
         <run_address>0x165</run_address>
         <size>0x27</size>
         <input_file_ref idref="fl-2"/>
      </object_component>
      <object_component id="oc-136">
         <name>.debug_abbrev</name>
         <load_address>0x18c</load_address>
         <run_address>0x18c</run_address>
         <size>0x27</size>
         <input_file_ref idref="fl-2"/>
      </object_component>
      <object_component id="oc-138">
         <name>.debug_abbrev</name>
         <load_address>0x1b3</load_address>
         <run_address>0x1b3</run_address>
         <size>0x27</size>
         <input_file_ref idref="fl-2"/>
      </object_component>
      <object_component id="oc-13a">
         <name>.debug_abbrev</name>
         <load_address>0x1da</load_address>
         <run_address>0x1da</run_address>
         <size>0x27</size>
         <input_file_ref idref="fl-2"/>
      </object_component>
      <object_component id="oc-13c">
         <name>.debug_abbrev</name>
         <load_address>0x201</load_address>
         <run_address>0x201</run_address>
         <size>0x27</size>
         <input_file_ref idref="fl-2"/>
      </object_component>
      <object_component id="oc-eb">
         <name>.debug_abbrev</name>
         <load_address>0x228</load_address>
         <run_address>0x228</run_address>
         <size>0x197</size>
         <input_file_ref idref="fl-2"/>
      </object_component>
      <object_component id="oc-144">
         <name>.debug_abbrev</name>
         <load_address>0x3bf</load_address>
         <run_address>0x3bf</run_address>
         <size>0x97</size>
         <input_file_ref idref="fl-2"/>
      </object_component>
      <object_component id="oc-38">
         <name>.debug_abbrev</name>
         <load_address>0x456</load_address>
         <run_address>0x456</run_address>
         <size>0x1f</size>
         <input_file_ref idref="fl-2"/>
      </object_component>
      <object_component id="oc-ee">
         <name>.debug_abbrev</name>
         <load_address>0x475</load_address>
         <run_address>0x475</run_address>
         <size>0x35</size>
         <input_file_ref idref="fl-2"/>
      </object_component>
      <object_component id="oc-f3">
         <name>.debug_abbrev</name>
         <load_address>0x4aa</load_address>
         <run_address>0x4aa</run_address>
         <size>0x33</size>
         <input_file_ref idref="fl-2"/>
      </object_component>
      <object_component id="oc-154">
         <name>.debug_abbrev</name>
         <load_address>0x4dd</load_address>
         <run_address>0x4dd</run_address>
         <size>0xf3</size>
         <input_file_ref idref="fl-3"/>
      </object_component>
      <object_component id="oc-156">
         <name>.debug_abbrev</name>
         <load_address>0x5d0</load_address>
         <run_address>0x5d0</run_address>
         <size>0x29</size>
         <input_file_ref idref="fl-3"/>
      </object_component>
      <object_component id="oc-118">
         <name>.debug_abbrev</name>
         <load_address>0x5f9</load_address>
         <run_address>0x5f9</run_address>
         <size>0xd8</size>
         <input_file_ref idref="fl-3"/>
      </object_component>
      <object_component id="oc-147">
         <name>.debug_abbrev</name>
         <load_address>0x6d1</load_address>
         <run_address>0x6d1</run_address>
         <size>0x7a</size>
         <input_file_ref idref="fl-4"/>
      </object_component>
      <object_component id="oc-f6">
         <name>.debug_abbrev</name>
         <load_address>0x74b</load_address>
         <run_address>0x74b</run_address>
         <size>0x73</size>
         <input_file_ref idref="fl-5"/>
      </object_component>
      <object_component id="oc-81">
         <name>.debug_abbrev</name>
         <load_address>0x7be</load_address>
         <run_address>0x7be</run_address>
         <size>0x29</size>
         <input_file_ref idref="fl-5"/>
      </object_component>
      <object_component id="oc-c3">
         <name>.debug_abbrev</name>
         <load_address>0x7e7</load_address>
         <run_address>0x7e7</run_address>
         <size>0x89</size>
         <input_file_ref idref="fl-5"/>
      </object_component>
      <object_component id="oc-162">
         <name>.debug_abbrev</name>
         <load_address>0x870</load_address>
         <run_address>0x870</run_address>
         <size>0x29</size>
         <input_file_ref idref="fl-6"/>
      </object_component>
      <object_component id="oc-131">
         <name>.debug_abbrev</name>
         <load_address>0x899</load_address>
         <run_address>0x899</run_address>
         <size>0x8b</size>
         <input_file_ref idref="fl-6"/>
      </object_component>
      <object_component id="oc-74">
         <name>.debug_abbrev</name>
         <load_address>0x924</load_address>
         <run_address>0x924</run_address>
         <size>0x3e</size>
         <input_file_ref idref="fl-c0"/>
      </object_component>
      <object_component id="oc-f8">
         <name>.debug_abbrev</name>
         <load_address>0x962</load_address>
         <run_address>0x962</run_address>
         <size>0x37</size>
         <input_file_ref idref="fl-c1"/>
      </object_component>
      <object_component id="oc-30">
         <name>.debug_abbrev</name>
         <load_address>0x999</load_address>
         <run_address>0x999</run_address>
         <size>0x6f</size>
         <input_file_ref idref="fl-c1"/>
      </object_component>
      <object_component id="oc-33">
         <name>.debug_abbrev</name>
         <load_address>0xa08</load_address>
         <run_address>0xa08</run_address>
         <size>0x24</size>
         <input_file_ref idref="fl-c1"/>
      </object_component>
      <object_component id="oc-86">
         <name>.debug_abbrev</name>
         <load_address>0xa2c</load_address>
         <run_address>0xa2c</run_address>
         <size>0x35</size>
         <input_file_ref idref="fl-c1"/>
      </object_component>
      <object_component id="oc-90">
         <name>.debug_abbrev</name>
         <load_address>0xa61</load_address>
         <run_address>0xa61</run_address>
         <size>0x5d</size>
         <input_file_ref idref="fl-c2"/>
      </object_component>
      <object_component id="oc-40">
         <name>.debug_abbrev</name>
         <load_address>0xabe</load_address>
         <run_address>0xabe</run_address>
         <size>0x74</size>
         <input_file_ref idref="fl-c2"/>
      </object_component>
      <object_component id="oc-43">
         <name>.debug_abbrev</name>
         <load_address>0xb32</load_address>
         <run_address>0xb32</run_address>
         <size>0x24</size>
         <input_file_ref idref="fl-c2"/>
      </object_component>
      <object_component id="oc-8d">
         <name>.debug_abbrev</name>
         <load_address>0xb56</load_address>
         <run_address>0xb56</run_address>
         <size>0x24</size>
         <input_file_ref idref="fl-c2"/>
      </object_component>
      <object_component id="oc-98">
         <name>.debug_abbrev</name>
         <load_address>0xb7a</load_address>
         <run_address>0xb7a</run_address>
         <size>0x5d</size>
         <input_file_ref idref="fl-c3"/>
      </object_component>
      <object_component id="oc-4c">
         <name>.debug_abbrev</name>
         <load_address>0xbd7</load_address>
         <run_address>0xbd7</run_address>
         <size>0x74</size>
         <input_file_ref idref="fl-c3"/>
      </object_component>
      <object_component id="oc-4f">
         <name>.debug_abbrev</name>
         <load_address>0xc4b</load_address>
         <run_address>0xc4b</run_address>
         <size>0x24</size>
         <input_file_ref idref="fl-c3"/>
      </object_component>
      <object_component id="oc-95">
         <name>.debug_abbrev</name>
         <load_address>0xc6f</load_address>
         <run_address>0xc6f</run_address>
         <size>0x24</size>
         <input_file_ref idref="fl-c3"/>
      </object_component>
      <object_component id="oc-12c">
         <name>.debug_abbrev</name>
         <load_address>0xc93</load_address>
         <run_address>0xc93</run_address>
         <size>0xb3</size>
         <input_file_ref idref="fl-c4"/>
      </object_component>
      <object_component id="oc-120">
         <name>.debug_abbrev</name>
         <load_address>0xd46</load_address>
         <run_address>0xd46</run_address>
         <size>0x29</size>
         <input_file_ref idref="fl-c4"/>
      </object_component>
      <object_component id="oc-b8">
         <name>.debug_abbrev</name>
         <load_address>0xd6f</load_address>
         <run_address>0xd6f</run_address>
         <size>0xba</size>
         <input_file_ref idref="fl-c4"/>
      </object_component>
      <object_component id="oc-15e">
         <name>.debug_abbrev</name>
         <load_address>0xe29</load_address>
         <run_address>0xe29</run_address>
         <size>0x4a</size>
         <input_file_ref idref="fl-c5"/>
      </object_component>
      <object_component id="oc-8a">
         <name>.debug_abbrev</name>
         <load_address>0xe73</load_address>
         <run_address>0xe73</run_address>
         <size>0x3e</size>
         <input_file_ref idref="fl-c6"/>
      </object_component>
      <object_component id="oc-92">
         <name>.debug_abbrev</name>
         <load_address>0xeb1</load_address>
         <run_address>0xeb1</run_address>
         <size>0x4f</size>
         <input_file_ref idref="fl-c7"/>
      </object_component>
      <object_component id="oc-9a">
         <name>.debug_abbrev</name>
         <load_address>0xf00</load_address>
         <run_address>0xf00</run_address>
         <size>0x53</size>
         <input_file_ref idref="fl-c8"/>
      </object_component>
      <object_component id="oc-9b">
         <name>.debug_abbrev</name>
         <load_address>0xf53</load_address>
         <run_address>0xf53</run_address>
         <size>0x55</size>
         <input_file_ref idref="fl-c9"/>
      </object_component>
      <object_component id="oc-bb">
         <name>.debug_abbrev</name>
         <load_address>0xfa8</load_address>
         <run_address>0xfa8</run_address>
         <size>0x27</size>
         <input_file_ref idref="fl-ca"/>
      </object_component>
      <object_component id="oc-160">
         <name>.debug_abbrev</name>
         <load_address>0xfcf</load_address>
         <run_address>0xfcf</run_address>
         <size>0x50</size>
         <input_file_ref idref="fl-cb"/>
      </object_component>
      <object_component id="oc-128">
         <name>.debug_abbrev</name>
         <load_address>0x101f</load_address>
         <run_address>0x101f</run_address>
         <size>0x29</size>
         <input_file_ref idref="fl-cb"/>
      </object_component>
      <object_component id="oc-15f">
         <name>.debug_abbrev</name>
         <load_address>0x1048</load_address>
         <run_address>0x1048</run_address>
         <size>0x6f</size>
         <input_file_ref idref="fl-cb"/>
      </object_component>
      <object_component id="oc-119">
         <name>.debug_abbrev</name>
         <load_address>0x10b7</load_address>
         <run_address>0x10b7</run_address>
         <size>0x99</size>
         <input_file_ref idref="fl-cc"/>
      </object_component>
      <object_component id="oc-b0">
         <name>.debug_abbrev</name>
         <load_address>0x1150</load_address>
         <run_address>0x1150</run_address>
         <size>0x68</size>
         <input_file_ref idref="fl-cc"/>
      </object_component>
      <object_component id="oc-11d">
         <name>.debug_abbrev</name>
         <load_address>0x11b8</load_address>
         <run_address>0x11b8</run_address>
         <size>0x49</size>
         <input_file_ref idref="fl-cc"/>
      </object_component>
      <object_component id="oc-fd">
         <name>.debug_abbrev</name>
         <load_address>0x1201</load_address>
         <run_address>0x1201</run_address>
         <size>0xb9</size>
         <input_file_ref idref="fl-cd"/>
      </object_component>
      <object_component id="oc-a8">
         <name>.debug_abbrev</name>
         <load_address>0x12ba</load_address>
         <run_address>0x12ba</run_address>
         <size>0x7e</size>
         <input_file_ref idref="fl-cd"/>
      </object_component>
      <object_component id="oc-101">
         <name>.debug_abbrev</name>
         <load_address>0x1338</load_address>
         <run_address>0x1338</run_address>
         <size>0x24</size>
         <input_file_ref idref="fl-cd"/>
      </object_component>
      <object_component id="oc-151">
         <name>.debug_abbrev</name>
         <load_address>0x135c</load_address>
         <run_address>0x135c</run_address>
         <size>0x24</size>
         <input_file_ref idref="fl-cd"/>
      </object_component>
      <object_component id="oc-106">
         <name>.debug_abbrev</name>
         <load_address>0x1380</load_address>
         <run_address>0x1380</run_address>
         <size>0x4b</size>
         <input_file_ref idref="fl-cd"/>
      </object_component>
      <object_component id="oc-148">
         <name>.debug_abbrev</name>
         <load_address>0x13cb</load_address>
         <run_address>0x13cb</run_address>
         <size>0xa7</size>
         <input_file_ref idref="fl-ce"/>
      </object_component>
      <object_component id="oc-fa">
         <name>.debug_abbrev</name>
         <load_address>0x1472</load_address>
         <run_address>0x1472</run_address>
         <size>0x8c</size>
         <input_file_ref idref="fl-ce"/>
      </object_component>
      <object_component id="oc-14c">
         <name>.debug_abbrev</name>
         <load_address>0x14fe</load_address>
         <run_address>0x14fe</run_address>
         <size>0x24</size>
         <input_file_ref idref="fl-ce"/>
      </object_component>
      <object_component id="oc-164">
         <name>.debug_abbrev</name>
         <load_address>0x1522</load_address>
         <run_address>0x1522</run_address>
         <size>0x63</size>
         <input_file_ref idref="fl-cf"/>
      </object_component>
      <object_component id="oc-fc">
         <name>.debug_abbrev</name>
         <load_address>0x1585</load_address>
         <run_address>0x1585</run_address>
         <size>0x53</size>
         <input_file_ref idref="fl-d0"/>
      </object_component>
      <object_component id="oc-190">
         <name>.debug_abbrev</name>
         <load_address>0x15d8</load_address>
         <run_address>0x15d8</run_address>
         <size>0xf</size>
      </object_component>
      <object_component id="oc-146">
         <name>.debug_str</name>
         <load_address>0x0</load_address>
         <run_address>0x0</run_address>
         <size>0x491</size>
         <input_file_ref idref="fl-2"/>
      </object_component>
      <object_component id="oc-3a">
         <name>.debug_str</name>
         <load_address>0x491</load_address>
         <run_address>0x491</run_address>
         <size>0xfa</size>
         <input_file_ref idref="fl-2"/>
      </object_component>
      <object_component id="oc-f0">
         <name>.debug_str</name>
         <load_address>0x58b</load_address>
         <run_address>0x58b</run_address>
         <size>0x22b</size>
         <input_file_ref idref="fl-2"/>
      </object_component>
      <object_component id="oc-f5">
         <name>.debug_str</name>
         <load_address>0x7b6</load_address>
         <run_address>0x7b6</run_address>
         <size>0x10f</size>
         <input_file_ref idref="fl-2"/>
      </object_component>
      <object_component id="oc-35">
         <name>.debug_str</name>
         <load_address>0x8c5</load_address>
         <run_address>0x8c5</run_address>
         <size>0x10d</size>
         <input_file_ref idref="fl-c1"/>
      </object_component>
      <object_component id="oc-88">
         <name>.debug_str</name>
         <load_address>0x9d2</load_address>
         <run_address>0x9d2</run_address>
         <size>0x14a</size>
         <input_file_ref idref="fl-c1"/>
      </object_component>
      <object_component id="oc-45">
         <name>.debug_str</name>
         <load_address>0xb1c</load_address>
         <run_address>0xb1c</run_address>
         <size>0x100</size>
         <input_file_ref idref="fl-c2"/>
      </object_component>
      <object_component id="oc-8f">
         <name>.debug_str</name>
         <load_address>0xc1c</load_address>
         <run_address>0xc1c</run_address>
         <size>0x12d</size>
         <input_file_ref idref="fl-c2"/>
      </object_component>
      <object_component id="oc-51">
         <name>.debug_str</name>
         <load_address>0xd49</load_address>
         <run_address>0xd49</run_address>
         <size>0xfa</size>
         <input_file_ref idref="fl-c3"/>
      </object_component>
      <object_component id="oc-97">
         <name>.debug_str</name>
         <load_address>0xe43</load_address>
         <run_address>0xe43</run_address>
         <size>0x12d</size>
         <input_file_ref idref="fl-c3"/>
      </object_component>
      <object_component id="oc-11f">
         <name>.debug_str</name>
         <load_address>0xf70</load_address>
         <run_address>0xf70</run_address>
         <size>0xd6</size>
         <input_file_ref idref="fl-cc"/>
      </object_component>
      <object_component id="oc-103">
         <name>.debug_str</name>
         <load_address>0x1046</load_address>
         <run_address>0x1046</run_address>
         <size>0xe2</size>
         <input_file_ref idref="fl-cd"/>
      </object_component>
      <object_component id="oc-153">
         <name>.debug_str</name>
         <load_address>0x1128</load_address>
         <run_address>0x1128</run_address>
         <size>0x138</size>
         <input_file_ref idref="fl-cd"/>
      </object_component>
      <object_component id="oc-108">
         <name>.debug_str</name>
         <load_address>0x1260</load_address>
         <run_address>0x1260</run_address>
         <size>0x184</size>
         <input_file_ref idref="fl-cd"/>
      </object_component>
      <object_component id="oc-14e">
         <name>.debug_str</name>
         <load_address>0x13e4</load_address>
         <run_address>0x13e4</run_address>
         <size>0xd7</size>
         <input_file_ref idref="fl-ce"/>
      </object_component>
      <object_component id="oc-7d">
         <name>.debug_aranges</name>
         <load_address>0x0</load_address>
         <run_address>0x0</run_address>
         <size>0x2a8</size>
         <input_file_ref idref="fl-2"/>
      </object_component>
      <object_component id="oc-ac">
         <name>.debug_aranges</name>
         <load_address>0x2a8</load_address>
         <run_address>0x2a8</run_address>
         <size>0x30</size>
         <input_file_ref idref="fl-3"/>
      </object_component>
      <object_component id="oc-e4">
         <name>.debug_aranges</name>
         <load_address>0x2d8</load_address>
         <run_address>0x2d8</run_address>
         <size>0x50</size>
         <input_file_ref idref="fl-4"/>
      </object_component>
      <object_component id="oc-77">
         <name>.debug_aranges</name>
         <load_address>0x328</load_address>
         <run_address>0x328</run_address>
         <size>0x28</size>
         <input_file_ref idref="fl-5"/>
      </object_component>
      <object_component id="oc-bf">
         <name>.debug_aranges</name>
         <load_address>0x350</load_address>
         <run_address>0x350</run_address>
         <size>0x28</size>
         <input_file_ref idref="fl-6"/>
      </object_component>
      <object_component id="oc-29">
         <name>.debug_aranges</name>
         <load_address>0x378</load_address>
         <run_address>0x378</run_address>
         <size>0x20</size>
         <input_file_ref idref="fl-c0"/>
      </object_component>
      <object_component id="oc-16">
         <name>.debug_aranges</name>
         <load_address>0x398</load_address>
         <run_address>0x398</run_address>
         <size>0x20</size>
         <input_file_ref idref="fl-c1"/>
      </object_component>
      <object_component id="oc-1e">
         <name>.debug_aranges</name>
         <load_address>0x3b8</load_address>
         <run_address>0x3b8</run_address>
         <size>0x20</size>
         <input_file_ref idref="fl-c2"/>
      </object_component>
      <object_component id="oc-21">
         <name>.debug_aranges</name>
         <load_address>0x3d8</load_address>
         <run_address>0x3d8</run_address>
         <size>0x20</size>
         <input_file_ref idref="fl-c3"/>
      </object_component>
      <object_component id="oc-6d">
         <name>.debug_aranges</name>
         <load_address>0x3f8</load_address>
         <run_address>0x3f8</run_address>
         <size>0x30</size>
         <input_file_ref idref="fl-c4"/>
      </object_component>
      <object_component id="oc-115">
         <name>.debug_aranges</name>
         <load_address>0x428</load_address>
         <run_address>0x428</run_address>
         <size>0x20</size>
         <input_file_ref idref="fl-c5"/>
      </object_component>
      <object_component id="oc-3d">
         <name>.debug_aranges</name>
         <load_address>0x448</load_address>
         <run_address>0x448</run_address>
         <size>0x20</size>
         <input_file_ref idref="fl-c6"/>
      </object_component>
      <object_component id="oc-49">
         <name>.debug_aranges</name>
         <load_address>0x468</load_address>
         <run_address>0x468</run_address>
         <size>0x28</size>
         <input_file_ref idref="fl-c7"/>
      </object_component>
      <object_component id="oc-55">
         <name>.debug_aranges</name>
         <load_address>0x490</load_address>
         <run_address>0x490</run_address>
         <size>0x20</size>
         <input_file_ref idref="fl-c8"/>
      </object_component>
      <object_component id="oc-5b">
         <name>.debug_aranges</name>
         <load_address>0x4b0</load_address>
         <run_address>0x4b0</run_address>
         <size>0x20</size>
         <input_file_ref idref="fl-c9"/>
      </object_component>
      <object_component id="oc-124">
         <name>.debug_aranges</name>
         <load_address>0x4d0</load_address>
         <run_address>0x4d0</run_address>
         <size>0x30</size>
         <input_file_ref idref="fl-cb"/>
      </object_component>
      <object_component id="oc-67">
         <name>.debug_aranges</name>
         <load_address>0x500</load_address>
         <run_address>0x500</run_address>
         <size>0x20</size>
         <input_file_ref idref="fl-cc"/>
      </object_component>
      <object_component id="oc-61">
         <name>.debug_aranges</name>
         <load_address>0x520</load_address>
         <run_address>0x520</run_address>
         <size>0x20</size>
         <input_file_ref idref="fl-cd"/>
      </object_component>
      <object_component id="oc-9e">
         <name>.debug_aranges</name>
         <load_address>0x540</load_address>
         <run_address>0x540</run_address>
         <size>0x20</size>
         <input_file_ref idref="fl-ce"/>
      </object_component>
      <object_component id="oc-15a">
         <name>.debug_aranges</name>
         <load_address>0x560</load_address>
         <run_address>0x560</run_address>
         <size>0x20</size>
[...]
         <object_component_ref idref="oc-7b"/>
      </symbol>
      <symbol id="sm-2d7">
         <name>BSP_LCD_DrawBitmap</name>
         <value>0xe71</value>
         <object_component_ref idref="oc-7b"/>
      </symbol>
      <symbol id="sm-2d8">
         <name>CPMwait</name>
         <value>0x2000001c</value>
         <object_component_ref idref="oc-c7"/>
      </symbol>
      <symbol id="sm-2d9">
         <name>BSP_PeriodicTask_Stop</name>
         <value>0x1caf</value>
         <object_component_ref idref="oc-7b"/>
      </symbol>
      <symbol id="sm-2da">
         <name>BSP_LCD_SwapColor</name>
         <value>0xe41</value>
         <object_component_ref idref="oc-7b"/>
      </symbol>
      <symbol id="sm-2db">
         <name>BSP_LCD_Init</name>
         <value>0xa0d</value>
         <object_component_ref idref="oc-7b"/>
      </symbol>
      <symbol id="sm-2dc">
         <name>BSP_Joystick_Init</name>
         <value>0x171</value>
         <object_component_ref idref="oc-7b"/>
      </symbol>
      <symbol id="sm-2dd">
         <name>LightBusy</name>
         <value>0x2000002c</value>
         <object_component_ref idref="oc-c7"/>
      </symbol>
      <symbol id="sm-2de">
         <name>BSP_Microphone_Input</name>
         <value>0x73d</value>
         <object_component_ref idref="oc-7b"/>
      </symbol>
      <symbol id="sm-2df">
         <name>TA1_0_IRQHandler</name>
         <value>0x1d71</value>
         <object_component_ref idref="oc-7b"/>
      </symbol>
      <symbol id="sm-2e0">
         <name>BSP_LCD_DrawFastVLine</name>
         <value>0xb3b</value>
         <object_component_ref idref="oc-7b"/>
      </symbol>
      <symbol id="sm-2e1">
         <name>BSP_LCD_PlotPoint</name>
         <value>0x1a49</value>
         <object_component_ref idref="oc-7b"/>
      </symbol>
      <symbol id="sm-2e2">
         <name>BSP_LCD_OutUDec4</name>
         <value>0x16ed</value>
         <object_component_ref idref="oc-7b"/>
      </symbol>
      <symbol id="sm-2e3">
         <name>BSP_LCD_OutUDec5</name>
         <value>0x176d</value>
         <object_component_ref idref="oc-7b"/>
      </symbol>
      <symbol id="sm-2e4">
         <name>BSP_Button1_Input</name>
         <value>0x10f</value>
         <object_component_ref idref="oc-7b"/>
      </symbol>
      <symbol id="sm-2e5">
         <name>BSP_PeriodicTask_InitC</name>
         <value>0x1d85</value>
         <object_component_ref idref="oc-7b"/>
      </symbol>
      <symbol id="sm-2e6">
         <name>BSP_PeriodicTask_InitB</name>
         <value>0x1cbf</value>
         <object_component_ref idref="oc-7b"/>
      </symbol>
      <symbol id="sm-2e7">
         <name>BSP_Buzzer_Init</name>
         <value>0x551</value>
         <object_component_ref idref="oc-7b"/>
      </symbol>
      <symbol id="sm-2e8">
         <name>BSP_RGB_Init</name>
         <value>0x24b</value>
         <object_component_ref idref="oc-7b"/>
      </symbol>
      <symbol id="sm-2e9">
         <name>BSP_Accelerometer_Init</name>
         <value>0x635</value>
         <object_component_ref idref="oc-7b"/>
      </symbol>
      <symbol id="sm-2ea">
         <name>T32_INT1_IRQHandler</name>
         <value>0x1c9f</value>
         <object_component_ref idref="oc-7b"/>
      </symbol>
      <symbol id="sm-2eb">
         <name>BSP_Accelerometer_Input</name>
         <value>0x691</value>
         <object_component_ref idref="oc-7b"/>
      </symbol>
      <symbol id="sm-2ec">
         <name>BSP_PeriodicTask_Init</name>
         <value>0x1c25</value>
         <object_component_ref idref="oc-7b"/>
      </symbol>
      <symbol id="sm-2ed">
         <name>BSP_LCD_Drawaxes</name>
         <value>0x18d9</value>
         <object_component_ref idref="oc-7b"/>
      </symbol>
      <symbol id="sm-2ee">
         <name>BSP_LCD_DrawFastHLine</name>
         <value>0xc0d</value>
         <object_component_ref idref="oc-7b"/>
      </symbol>
      <symbol id="sm-372">
         <name>JoyX</name>
         <value>0x20000092</value>
      </symbol>
      <symbol id="sm-373">
         <name>JoyY</name>
         <value>0x20000094</value>
      </symbol>
      <symbol id="sm-374">
         <name>AccX</name>
         <value>0x2000008c</value>
      </symbol>
      <symbol id="sm-375">
         <name>AccY</name>
         <value>0x2000008e</value>
      </symbol>
      <symbol id="sm-376">
         <name>AccZ</name>
         <value>0x20000090</value>
      </symbol>
      <symbol id="sm-377">
         <name>checkbuttons</name>
         <value>0x24d5</value>
         <object_component_ref idref="oc-aa"/>
      </symbol>
      <symbol id="sm-378">
         <name>Red</name>
         <value>0x20000040</value>
         <object_component_ref idref="oc-110"/>
      </symbol>
      <symbol id="sm-379">
         <name>Green</name>
         <value>0x20000042</value>
         <object_component_ref idref="oc-110"/>
      </symbol>
      <symbol id="sm-37a">
         <name>numlength</name>
         <value>0x2719</value>
         <object_component_ref idref="oc-aa"/>
      </symbol>
      <symbol id="sm-37b">
         <name>main</name>
         <value>0x27d5</value>
         <object_component_ref idref="oc-aa"/>
      </symbol>
      <symbol id="sm-37c">
         <name>Blue</name>
         <value>0x20000044</value>
         <object_component_ref idref="oc-110"/>
      </symbol>
      <symbol id="sm-38f">
         <name>Clock_Delay1ms</name>
         <value>0x3587</value>
         <object_component_ref idref="oc-e2"/>
      </symbol>
      <symbol id="sm-390">
         <name>StartCritical</name>
         <value>0x3561</value>
         <object_component_ref idref="oc-e2"/>
      </symbol>
      <symbol id="sm-391">
         <name>delay</name>
         <value>0x3579</value>
         <object_component_ref idref="oc-e2"/>
      </symbol>
      <symbol id="sm-392">
         <name>EndCritical</name>
         <value>0x356b</value>
         <object_component_ref idref="oc-e2"/>
      </symbol>
      <symbol id="sm-393">
         <name>DisableInterrupts</name>
         <value>0x3555</value>
         <object_component_ref idref="oc-e2"/>
      </symbol>
      <symbol id="sm-394">
         <name>WaitForInterrupt</name>
         <value>0x3573</value>
         <object_component_ref idref="oc-e2"/>
      </symbol>
      <symbol id="sm-395">
         <name>EnableInterrupts</name>
         <value>0x355b</value>
         <object_component_ref idref="oc-e2"/>
      </symbol>
      <symbol id="sm-3aa">
         <name>Reset_Handler</name>
         <value>0x362b</value>
         <object_component_ref idref="oc-75"/>
      </symbol>
      <symbol id="sm-3ab">
         <name>Default_Handler</name>
         <value>0x3637</value>
         <object_component_ref idref="oc-75"/>
      </symbol>
      <symbol id="sm-3ac">
         <name>interruptVectors</name>
         <value>0x0</value>
         <object_component_ref idref="oc-2c"/>
      </symbol>
      <symbol id="sm-3f2">
         <name>SystemInit</name>
         <value>0x31a5</value>
         <object_component_ref idref="oc-bd"/>
      </symbol>
      <symbol id="sm-3f3">
         <name>SystemCoreClockUpdate</name>
         <value>0x2f31</value>
         <object_component_ref idref="oc-bd"/>
      </symbol>
      <symbol id="sm-3f4">
         <name>SystemCoreClock</name>
         <value>0x20000058</value>
         <object_component_ref idref="oc-12e"/>
      </symbol>
      <symbol id="sm-405">
         <name>_c_int00</name>
         <value>0x34ad</value>
         <object_component_ref idref="oc-26"/>
      </symbol>
      <symbol id="sm-406">
         <name>__stack</name>
         <value>0x2000fe00</value>
         <object_component_ref idref="oc-2f"/>
      </symbol>
      <symbol id="sm-424">
         <name>__TI_decompress_lzss</name>
         <value>0x33e5</value>
         <object_component_ref idref="oc-14"/>
      </symbol>
      <symbol id="sm-43b">
         <name>__TI_decompress_none</name>
         <value>0x361d</value>
         <object_component_ref idref="oc-1a"/>
      </symbol>
      <symbol id="sm-452">
         <name>__TI_zero_init</name>
         <value>0x3639</value>
         <object_component_ref idref="oc-20"/>
      </symbol>
      <symbol id="sm-473">
         <name>C$$EXIT</name>
         <value>0x3501</value>
         <object_component_ref idref="oc-6b"/>
      </symbol>
      <symbol id="sm-474">
         <name>abort</name>
         <value>0x3505</value>
         <object_component_ref idref="oc-6b"/>
      </symbol>
      <symbol id="sm-475">
         <name>exit</name>
         <value>0x350d</value>
         <object_component_ref idref="oc-6b"/>
      </symbol>
      <symbol id="sm-476">
         <name>__TI_dtors_ptr</name>
         <value>0x20000038</value>
         <object_component_ref idref="oc-b2"/>
      </symbol>
      <symbol id="sm-477">
         <name>__TI_cleanup_ptr</name>
         <value>0x20000034</value>
         <object_component_ref idref="oc-b2"/>
      </symbol>
      <symbol id="sm-478">
         <name>__TI_enable_exit_profile_output</name>
         <value>0x2000003c</value>
         <object_component_ref idref="oc-b2"/>
      </symbol>
      <symbol id="sm-487">
         <name>__aeabi_idivmod</name>
         <value>0x344d</value>
         <object_component_ref idref="oc-113"/>
      </symbol>
      <symbol id="sm-488">
         <name>__aeabi_idiv</name>
         <value>0x344d</value>
         <object_component_ref idref="oc-113"/>
      </symbol>
      <symbol id="sm-4a3">
         <name>memcpy</name>
         <value>0x325d</value>
         <object_component_ref idref="oc-3b"/>
      </symbol>
      <symbol id="sm-4a4">
         <name>__aeabi_memcpy</name>
         <value>0x325d</value>
         <object_component_ref idref="oc-3b"/>
      </symbol>
      <symbol id="sm-4a5">
         <name>__aeabi_memcpy8</name>
         <value>0x325d</value>
         <object_component_ref idref="oc-3b"/>
      </symbol>
      <symbol id="sm-4a6">
         <name>__aeabi_memcpy4</name>
         <value>0x325d</value>
         <object_component_ref idref="oc-3b"/>
      </symbol>
      <symbol id="sm-4b5">
         <name>__aeabi_memset</name>
         <value>0x32fb</value>
         <object_component_ref idref="oc-47"/>
      </symbol>
      <symbol id="sm-4b6">
         <name>memset</name>
         <value>0x3301</value>
         <object_component_ref idref="oc-47"/>
      </symbol>
      <symbol id="sm-4b7">
         <name>__aeabi_memset8</name>
         <value>0x32fb</value>
         <object_component_ref idref="oc-47"/>
      </symbol>
      <symbol id="sm-4b8">
         <name>__aeabi_memset4</name>
         <value>0x32fb</value>
         <object_component_ref idref="oc-47"/>
      </symbol>
      <symbol id="sm-4b9">
         <name>__aeabi_memclr8</name>
         <value>0x32f9</value>
         <object_component_ref idref="oc-47"/>
      </symbol>
      <symbol id="sm-4ba">
         <name>__aeabi_memclr4</name>
         <value>0x32f9</value>
         <object_component_ref idref="oc-47"/>
      </symbol>
      <symbol id="sm-4bb">
         <name>__aeabi_memclr</name>
         <value>0x32f9</value>
         <object_component_ref idref="oc-47"/>
      </symbol>
      <symbol id="sm-4c5">
         <name>__mpu_init</name>
         <value>0x34ab</value>
         <object_component_ref idref="oc-53"/>
      </symbol>
      <symbol id="sm-4cf">
         <name>_system_pre_init</name>
         <value>0x3645</value>
         <object_component_ref idref="oc-59"/>
      </symbol>
      <symbol id="sm-4d7">
         <name>main_func_sp</name>
         <value>0x20000054</value>
         <object_component_ref idref="oc-71"/>
      </symbol>
      <symbol id="sm-4f0">
         <name>_nop</name>
         <value>0x3617</value>
         <object_component_ref idref="oc-122"/>
      </symbol>
      <symbol id="sm-4f1">
         <name>_lock</name>
         <value>0x2000004c</value>
         <object_component_ref idref="oc-b5"/>
      </symbol>
      <symbol id="sm-4f2">
         <name>_unlock</name>
         <value>0x20000050</value>
         <object_component_ref idref="oc-b5"/>
      </symbol>
      <symbol id="sm-4f3">
         <name>_register_lock</name>
         <value>0x360f</value>
         <object_component_ref idref="oc-122"/>
      </symbol>
      <symbol id="sm-4f4">
         <name>_register_unlock</name>
         <value>0x3609</value>
         <object_component_ref idref="oc-122"/>
      </symbol>
      <symbol id="sm-508">
         <name>_args_main</name>
         <value>0x35f1</value>
         <object_component_ref idref="oc-65"/>
      </symbol>
      <symbol id="sm-532">
         <name>__TI_auto_init</name>
         <value>0x3375</value>
         <object_component_ref idref="oc-5f"/>
      </symbol>
      <symbol id="sm-54c">
         <name>copy_in</name>
         <value>0x35a5</value>
         <object_component_ref idref="oc-9c"/>
      </symbol>
      <symbol id="sm-556">
         <name>__aeabi_idiv0</name>
         <value>0x3373</value>
         <object_component_ref idref="oc-158"/>
      </symbol>
      <symbol id="sm-560">
         <name>_system_post_cinit</name>
         <value>0x3649</value>
         <object_component_ref idref="oc-a2"/>
      </symbol>
      <symbol id="sm-561">
         <name>__TI_static_base__</name>
         <value>0x0</value>
      </symbol>
      <symbol id="sm-564">
         <name>SHT$$INIT_ARRAY$$Limit</name>
         <value>0x0</value>
      </symbol>
      <symbol id="sm-565">
         <name>SHT$$INIT_ARRAY$$Base</name>
         <value>0x0</value>
      </symbol>
      <symbol id="sm-566">
         <name>NMI_Handler</name>
         <value>0x3637</value>
      </symbol>
      <symbol id="sm-567">
         <name>HardFault_Handler</name>
         <value>0x3637</value>
      </symbol>
      <symbol id="sm-568">
         <name>MemManage_Handler</name>
         <value>0x3637</value>
      </symbol>
      <symbol id="sm-569">
         <name>BusFault_Handler</name>
         <value>0x3637</value>
      </symbol>
      <symbol id="sm-56a">
         <name>UsageFault_Handler</name>
         <value>0x3637</value>
      </symbol>
      <symbol id="sm-56b">
         <name>SVC_Handler</name>
         <value>0x3637</value>
      </symbol>
      <symbol id="sm-56c">
         <name>DebugMon_Handler</name>
         <value>0x3637</value>
      </symbol>
      <symbol id="sm-56d">
         <name>PendSV_Handler</name>
         <value>0x3637</value>
      </symbol>
      <symbol id="sm-56e">
         <name>SysTick_Handler</name>
         <value>0x3637</value>
      </symbol>
      <symbol id="sm-56f">
         <name>PSS_IRQHandler</name>
         <value>0x3637</value>
      </symbol>
      <symbol id="sm-570">
         <name>CS_IRQHandler</name>
         <value>0x3637</value>
      </symbol>
      <symbol id="sm-571">
         <name>PCM_IRQHandler</name>
         <value>0x3637</value>
      </symbol>
      <symbol id="sm-572">
         <name>WDT_A_IRQHandler</name>
         <value>0x3637</value>
      </symbol>
      <symbol id="sm-573">
         <name>FPU_IRQHandler</name>
         <value>0x3637</value>
      </symbol>
      <symbol id="sm-574">
         <name>FLCTL_IRQHandler</name>
         <value>0x3637</value>
      </symbol>
      <symbol id="sm-575">
         <name>COMP_E0_IRQHandler</name>
         <value>0x3637</value>
      </symbol>
      <symbol id="sm-576">
         <name>COMP_E1_IRQHandler</name>
         <value>0x3637</value>
      </symbol>
      <symbol id="sm-577">
         <name>TA0_0_IRQHandler</name>
         <value>0x3637</value>
      </symbol>
      <symbol id="sm-578">
         <name>TA0_N_IRQHandler</name>
         <value>0x3637</value>
      </symbol>
      <symbol id="sm-579">
         <name>TA1_0_IRQHandler</name>
         <value>0x1d71</value>
      </symbol>
      <symbol id="sm-57a">
         <name>TA1_N_IRQHandler</name>
         <value>0x3637</value>
      </symbol>
      <symbol id="sm-57b">
         <name>TA2_0_IRQHandler</name>
         <value>0x1e37</value>
      </symbol>
      <symbol id="sm-57c">
         <name>TA2_N_IRQHandler</name>
         <value>0x3637</value>
      </symbol>
      <symbol id="sm-57d">
         <name>TA3_0_IRQHandler</name>
         <value>0x3637</value>
      </symbol>
      <symbol id="sm-57e">
         <name>TA3_N_IRQHandler</name>
         <value>0x3637</value>
      </symbol>
      <symbol id="sm-57f">
         <name>EUSCIA0_IRQHandler</name>
         <value>0x3637</value>
      </symbol>
      <symbol id="sm-580">
         <name>EUSCIA1_IRQHandler</name>
         <value>0x3637</value>
      </symbol>
      <symbol id="sm-581">
         <name>EUSCIA2_IRQHandler</name>
         <value>0x3637</value>
      </symbol>
      <symbol id="sm-582">
         <name>EUSCIA3_IRQHandler</name>
         <value>0x3637</value>
      </symbol>
      <symbol id="sm-583">
         <name>EUSCIB0_IRQHandler</name>
         <value>0x3637</value>
      </symbol>
      <symbol id="sm-584">
         <name>EUSCIB1_IRQHandler</name>
         <value>0x3637</value>
      </symbol>
      <symbol id="sm-585">
         <name>EUSCIB2_IRQHandler</name>
         <value>0x3637</value>
      </symbol>
      <symbol id="sm-586">
         <name>EUSCIB3_IRQHandler</name>
         <value>0x3637</value>
      </symbol>
      <symbol id="sm-587">
         <name>ADC14_IRQHandler</name>
         <value>0x3637</value>
      </symbol>
      <symbol id="sm-588">
         <name>T32_INT1_IRQHandler</name>
         <value>0x1c9f</value>
      </symbol>
      <symbol id="sm-589">
         <name>T32_INT2_IRQHandler</name>
         <value>0x3637</value>
      </symbol>
      <symbol id="sm-58a">
         <name>T32_INTC_IRQHandler</name>
         <value>0x3637</value>
      </symbol>
      <symbol id="sm-58b">
         <name>AES256_IRQHandler</name>
         <value>0x3637</value>
      </symbol>
      <symbol id="sm-58c">
         <name>RTC_C_IRQHandler</name>
         <value>0x3637</value>
      </symbol>
      <symbol id="sm-58d">
         <name>DMA_ERR_IRQHandler</name>
         <value>0x3637</value>
      </symbol>
      <symbol id="sm-58e">
         <name>DMA_INT3_IRQHandler</name>
         <value>0x3637</value>
      </symbol>
      <symbol id="sm-58f">
         <name>DMA_INT2_IRQHandler</name>
         <value>0x3637</value>
      </symbol>
      <symbol id="sm-590">
         <name>DMA_INT1_IRQHandler</name>
         <value>0x3637</value>
      </symbol>
      <symbol id="sm-591">
         <name>DMA_INT0_IRQHandler</name>
         <value>0x3637</value>
      </symbol>
      <symbol id="sm-592">
         <name>PORT1_IRQHandler</name>
         <value>0x3637</value>
      </symbol>
      <symbol id="sm-593">
         <name>PORT2_IRQHandler</name>
         <value>0x3637</value>
      </symbol>
      <symbol id="sm-594">
         <name>PORT3_IRQHandler</name>
         <value>0x3637</value>
      </symbol>
      <symbol id="sm-595">
         <name>PORT4_IRQHandler</name>
         <value>0x3637</value>
      </symbol>
      <symbol id="sm-596">
         <name>PORT5_IRQHandler</name>
         <value>0x3637</value>
      </symbol>
      <symbol id="sm-597">
         <name>PORT6_IRQHandler</name>
         <value>0x3637</value>
      </symbol>
   </symbol_table>
   <title>Link successful</title>
</link_info>
