******************************************************************************
                  TI ARM Linker PC v16.9.3                     
******************************************************************************
>> Linked Fri May 26 22:33:23 2017

OUTPUT FILE NAME:   <clock_MSP_EXP432P401R_TI.out>
ENTRY POINT SYMBOL: "_c_int00"  address: 00003131


MEMORY CONFIGURATION

         name            origin    length      used     unused   attr    fill
----------------------  --------  ---------  --------  --------  ----  --------
  MAIN                  00000000   00040000  00006b40  000394c0  R  X
  INFO                  00200000   00004000  00000000  00004000  R  X
  SRAM_CODE             01000000   00010000  00000000  00010000  RW X
  SRAM_DATA             20000000   00010000  000013a0  0000ec60  RW  


SEGMENT ALLOCATION MAP

run origin  load origin   length   init length attrs members
----------  ----------- ---------- ----------- ----- -------
00000000    00000000    00006b48   00006b48    r-x
  00000000    00000000    0000003c   0000003c    r-- .resetVecs
  00000040    00000040    00004c42   00004c42    r-x .text
  00004c84    00004c84    00001c9a   00001c9a    r-- .const
  00006920    00006920    00000228   00000228    r-- .cinit
20000000    20000000    000010a0   00000000    rw-
  20000000    20000000    00000140   00000000    rw- .vecs
  20000140    20000140    00000ab4   00000000    rw- .bss
  20000bf4    20000bf4    000004ac   00000000    rw- .data
2000fd00    2000fd00    00000300   00000000    rw-
  2000fd00    2000fd00    00000300   00000000    rw- .stack


SECTION ALLOCATION MAP

 output                                  attributes/
section   page    origin      length       input sections
--------  ----  ----------  ----------   ----------------
.text      0    00000040    00004c42     
                  00000040    00000430     sysbios.aem4f : BIOS.obj (.text:ti_sysbios_family_arm_m3_Hwi_excDumpRegs__I)
                  00000470    0000034c     ti.targets.arm.rtsarm.aem4f : System.oem4f (.text:xdc_runtime_System_doPrint__I)
                  000007bc    00000324     rtsv7M4_T_le_v4SPD16_eabi.lib : trgdrv.obj (.text)
                  00000ae0    00000264     drivers_MSP432P401R.aem4f : PowerMSP432.oem4f (.text:Power_sleep)
                  00000d44    000001a0     msp432p4xx_driverlib.lib : pcm.o (.text:__PCM_setPowerStateAdvanced)
                  00000ee4    00000004                              : cpu.o (.text:CPU_wfi)
                  00000ee8    00000174     sysbios.aem4f : BIOS.obj (.text:ti_sysbios_family_arm_m3_Hwi_excBusFault__I)
                  0000105c    00000004     drivers_MSP432P401R.aem4f : List.oem4f (.text:List_head)
                  00001060    00000164     sysbios.aem4f : BIOS.obj (.text:ti_sysbios_family_arm_m3_Hwi_excUsageFault__I)
                  000011c4    00000004     drivers_MSP432P401R.aem4f : List.oem4f (.text:List_next)
                  000011c8    00000148     sysbios.aem4f : BIOS.obj (.text:ti_sysbios_family_arm_m3_Hwi_excMemFault__I)
                  00001310    00000138                   : BIOS.obj (.text:ti_sysbios_knl_Semaphore_pend__E)
                  00001448    00000118     ti.targets.arm.rtsarm.aem4f : Error.oem4f (.text:xdc_runtime_Error_policyDefault__E)
                  00001560    0000010c     sysbios.aem4f : BIOS.obj (.text:ti_sysbios_family_arm_m3_Hwi_excFillContext__I)
                  0000166c    00000004     clock_pem4f.oem4f (.text:ti_sysbios_BIOS_RtsGateProxy_enter__E)
                  00001670    0000010c     sysbios.aem4f : BIOS.obj (.text:ti_sysbios_family_arm_m3_Hwi_excHandlerMax__I)
                  0000177c    00000100     ti.targets.arm.rtsarm.aem4f : Core-mem.oem4f (.text:xdc_runtime_Core_createObject__I)
                  0000187c    000000f8                                 : Startup.oem4f (.text:xdc_runtime_Startup_startMods__I)
                  00001974    000000f8     clock_pem4f.oem4f (.text:xdc_runtime_System_printfExtend__I)
                  00001a6c    000000f0     drivers_MSP432P401R.aem4f : PowerMSP432.oem4f (.text:initPerfControl)
                  00001b5c    000000ec     sysbios.aem4f : m3_Hwi_asm.obj (.text:ti_sysbios_family_arm_m3_Hwi_dispatch__I)
                  00001c48    000000e0     msp432p4xx_driverlib.lib : cs.o (.text:CS_initClockSignal)
                  00001d28    000000dc                              : pcm.o (.text:__PCM_setPowerModeAdvanced)
                  00001e04    00000004     clock_pem4f.oem4f (.text:ti_sysbios_BIOS_RtsGateProxy_leave__E)
                  00001e08    000000cc     sysbios.aem4f : BIOS.obj (.text:ti_sysbios_heaps_HeapMem_alloc__E)
                  00001ed4    000000cc     ti.targets.arm.rtsarm.aem4f : Core-smem.oem4f (.text:xdc_runtime_Core_constructObject__I)
                  00001fa0    000000bc     sysbios.aem4f : BIOS.obj (.text:ti_sysbios_family_arm_m3_Hwi_excDebugMon__I)
                  0000205c    00000004     clock_pem4f.oem4f (.text:ti_sysbios_family_arm_m3_TaskSupport_Module__startupDone__S)
                  00002060    000000bc     sysbios.aem4f : BIOS.obj (.text:ti_sysbios_family_arm_m3_Hwi_excHardFault__I)
                  0000211c    00000004     clock_pem4f.oem4f (.text:ti_sysbios_heaps_HeapMem_Module_GateProxy_enter__E)
                  00002120    000000b4     sysbios.aem4f : BIOS.obj (.text:ti_sysbios_knl_Task_checkStacks__E)
                  000021d4    000000b0     msp432p4xx_driverlib.lib : pcm.o (.text:__PCM_setCoreVoltageLevelAdvanced)
                  00002284    00000004     clock_pem4f.oem4f (.text:ti_sysbios_heaps_HeapMem_Module_GateProxy_leave__E)
                  00002288    000000a8     sysbios.aem4f : BIOS.obj (.text:ti_sysbios_family_arm_msp432_Timer_periodicStub__E)
                  00002330    000000a0     auto_init.aem4f : auto_init.oem4f (.text)
                  000023d0    000000a0     ti.targets.arm.rtsarm.aem4f : Text.oem4f (.text:xdc_runtime_Text_putMod__E)
                  00002470    0000009c     rtsv7M4_T_le_v4SPD16_eabi.lib : memcpy_t2.obj (.text)
                  0000250c    00000004     clock_pem4f.oem4f (.text:ti_sysbios_knl_Clock_TimerProxy_getMaxTicks__E)
                  00002510    0000009c     sysbios.aem4f : BIOS.obj (.text:ti_sysbios_knl_Task_postInit__I)
                  000025ac    0000009a     ti.targets.arm.rtsarm.aem4f : Text.oem4f (.text:xdc_runtime_Text_putSite__E)
                  00002646    00000002     power_tirtos_MSP432P401R.aem4f : PowerMSP432_tirtos.oem4f (.text:PowerMSP432_initPolicy)
                  00002648    00000094     sysbios.aem4f : BIOS.obj (.text:ti_sysbios_family_arm_m3_Hwi_initNVIC__E)
                  000026dc    00000090     clock.obj (.text:main)
                  0000276c    0000008c     sysbios.aem4f : m3_TaskSupport_asm.obj (.text:ti_sysbios_family_arm_m3_TaskSupport_buildTaskStack)
                  000027f8    00000084                   : BIOS.obj (.text:ti_sysbios_family_arm_m3_Hwi_postInit__I)
                  0000287c    0000007c     msp432p4xx_driverlib.lib : pcm.o (.text:PCM_gotoLPM3)
                  000028f8    0000007c     sysbios.aem4f : BIOS.obj (.text:ti_sysbios_heaps_HeapMem_free__E)
                  00002974    0000007a     rtsv7M4_T_le_v4SPD16_eabi.lib : memset_t2.obj (.text)
                  000029ee    00000002                                   : i_div0.obj (.text)
                  000029f0    00000070     sysbios.aem4f : BIOS.obj (.text:ti_sysbios_knl_Semaphore_post__E)
                  00002a60    00000070                   : BIOS.obj (.text:ti_sysbios_knl_Task_exit__E)
                  00002ad0    0000006d     ti.targets.arm.rtsarm.aem4f : System.oem4f (.text:xdc_runtime_System_formatNum__I)
                  00002b3d    00000001     --HOLE-- [fill = 0]
                  00002b3e    00000002     clock_pem4f.oem4f (.text:ti_sysbios_BIOS_nullFunc__I)
                  00002b40    0000006c     sysbios.aem4f : BIOS.obj (.text:ti_sysbios_knl_Clock_workFunc__E)
                  00002bac    00000004     clock_pem4f.oem4f (.text:ti_sysbios_knl_Queue_destruct)
                  00002bb0    0000006c     sysbios.aem4f : BIOS.obj (.text:ti_sysbios_knl_Swi_restoreHwi__E)
                  00002c1c    0000006c     ti.targets.arm.rtsarm.aem4f : Error.oem4f (.text:xdc_runtime_Error_print__E)
                  00002c88    0000006c                                 : Memory.oem4f (.text:xdc_runtime_Memory_alloc__E)
                  00002cf4    00000068     rtsv7M4_T_le_v4SPD16_eabi.lib : copy_decompress_lzss.obj (.text:decompress:lzss)
                  00002d5c    00000068                                   : trgmsg.obj (.text)
                  00002dc4    00000066     ti.targets.arm.rtsarm.aem4f : Core-mem.oem4f (.text:xdc_runtime_Core_deleteObject__I)
                  00002e2a    00000006                                 : System.oem4f (.text:xdc_runtime_System_Module_startup__E)
                  00002e30    00000064     sysbios.aem4f : BIOS.obj (.text:ti_sysbios_family_arm_m3_Hwi_dispatchC__I)
                  00002e94    00000062     clock.obj (.text:clk1Fxn)
                  00002ef6    00000002     --HOLE-- [fill = 0]
                  00002ef8    00000060     sysbios.aem4f : BIOS.obj (.text:ti_sysbios_knl_Task_schedule__I)
                  00002f58    0000005c                   : BIOS.obj (.text:ti_sysbios_knl_Swi_run__I)
                  00002fb4    00000004     clock_pem4f.oem4f (.text:ti_sysbios_knl_Semaphore_destruct)
                  00002fb8    0000005c     sysbios.aem4f : BIOS.obj (.text:ti_sysbios_knl_Swi_schedule__I)
                  00003014    00000004     ti.targets.arm.rtsarm.aem4f : Error.oem4f (.text:xdc_runtime_Error_getSite__E)
                  00003018    0000005c     sysbios.aem4f : BIOS.obj (.text:ti_sysbios_knl_Task_Module_startup__E)
                  00003074    00000004     clock_pem4f.oem4f (.text:xdc_runtime_System_Module_GateProxy_enter__E)
                  00003078    0000005c     sysbios.aem4f : BIOS.obj (.text:ti_sysbios_knl_Task_startCore__E)
                  000030d4    0000005b     ti.targets.arm.rtsarm.aem4f : Text.oem4f (.text:xdc_runtime_Text_putLab__E)
                  0000312f    00000001     --HOLE-- [fill = 0]
                  00003130    00000058     boot.aem4f : boot.oem4f (.text)
                  00003188    00000058     sysbios.aem4f : m3_Hwi_asm_switch.obj (.text:ti_sysbios_family_arm_m3_Hwi_initStacks__E)
                  000031e0    00000054     rtsv7M4_T_le_v4SPD16_eabi.lib : exit.obj (.text)
                  00003234    00000004     clock_pem4f.oem4f (.text:xdc_runtime_System_Module_GateProxy_leave__E)
                  00003238    00000054     sysbios.aem4f : BIOS.obj (.text:ti_sysbios_family_arm_msp432_Timer_initDevice__I)
                  0000328c    00000004     ti.targets.arm.rtsarm.aem4f : System.oem4f (.text:xdc_runtime_System_aprintf_va__F)
                  00003290    00000054     sysbios.aem4f : BIOS.obj (.text:ti_sysbios_family_arm_msp432_init_Boot_configureClocksHigh)
                  000032e4    00000054     ti.targets.arm.rtsarm.aem4f : Assert.oem4f (.text:xdc_runtime_Assert_raise__I)
                  00003338    00000050     msp432p4xx_driverlib.lib : pcm.o (.text:PCM_shutdownDevice)
                  00003388    00000050     sysbios.aem4f : BIOS.obj (.text:ti_sysbios_family_arm_m3_Hwi_Module_startup__E)
                  000033d8    00000050     ti.targets.arm.rtsarm.aem4f : Startup.oem4f (.text:xdc_runtime_Startup_exec__E)
                  00003428    00000050                                 : Text.oem4f (.text:xdc_runtime_Text_visitRope2__I)
                  00003478    0000004c     rtsv7M4_T_le_v4SPD16_eabi.lib : cpy_tbl.obj (.text)
                  000034c4    00000004     ti.targets.arm.rtsarm.aem4f : System.oem4f (.text:xdc_runtime_System_printf_va__F)
                  000034c8    0000004c     sysbios.aem4f : BIOS.obj (.text:ti_sysbios_family_arm_msp432_Timer_postInit__I)
                  00003514    00000004     --HOLE-- [fill = 0]
                  00003518    0000004c                   : BIOS.obj (.text:ti_sysbios_family_arm_msp432_Timer_start__E)
                  00003564    00000004     --HOLE-- [fill = 0]
                  00003568    0000004c                   : BIOS.obj (.text:ti_sysbios_heaps_HeapMem_getStats__E)
                  000035b4    00000004     --HOLE-- [fill = 0]
                  000035b8    0000004c                   : BIOS.obj (.text:ti_sysbios_knl_Swi_runLoop__I)
                  00003604    00000004     --HOLE-- [fill = 0]
                  00003608    0000004c                   : BIOS.obj (.text:ti_sysbios_knl_Task_allBlockedFunction__I)
                  00003654    00000004     --HOLE-- [fill = 0]
                  00003658    00000048                   : BIOS.obj (.text:ti_sysbios_family_arm_m3_Hwi_enableInterrupt__E)
                  000036a0    00000048                   : BIOS.obj (.text:ti_sysbios_family_arm_m3_Hwi_excReserved__I)
                  000036e8    00000046     ti.targets.arm.rtsarm.aem4f : Core-params.oem4f (.text:xdc_runtime_Core_assignParams__I)
                  0000372e    00000002     --HOLE-- [fill = 0]
                  00003730    00000044     drivers_MSP432P401R.aem4f : PowerMSP432.oem4f (.text:Power_init)
                  00003774    00000004     --HOLE-- [fill = 0]
                  00003778    00000044     sysbios.aem4f : BIOS.obj (.text:ti_sysbios_family_arm_m3_Hwi_getStackInfo__E)
                  000037bc    00000004     --HOLE-- [fill = 0]
                  000037c0    00000044                   : BIOS.obj (.text:ti_sysbios_knl_Swi_post__E)
                  00003804    00000044     ti.targets.arm.rtsarm.aem4f : Error.oem4f (.text:xdc_runtime_Error_setX__E)
                  00003848    00000044                                 : SysMin.oem4f (.text:xdc_runtime_SysMin_flush__E)
                  0000388c    00000044                                 : Text.oem4f (.text:xdc_runtime_Text_xprintf__I)
                  000038d0    00000040     msp432p4xx_driverlib.lib : flash.o (.text:FlashCtl_disableReadBuffering)
                  00003910    00000040     drivers_MSP432P401R.aem4f : PowerMSP432.oem4f (.text:notify)
                  00003950    00000040     rtsv7M4_T_le_v4SPD16_eabi.lib : u_divt2.obj (.text)
                  00003990    00000040     sysbios.aem4f : BIOS.obj (.text:ti_sysbios_family_arm_msp432_Timer_Module_startup__E)
                  000039d0    00000040                   : BIOS.obj (.text:ti_sysbios_family_arm_msp432_Timer_startup__E)
                  00003a10    00000040                   : BIOS.obj (.text:ti_sysbios_heaps_HeapMem_Instance_init__E)
                  00003a50    0000003c     power_tirtos_MSP432P401R.aem4f : PowerMSP432_tirtos.oem4f (.text:PowerMSP432_sleepPolicy)
                  00003a8c    00000004     --HOLE-- [fill = 0]
                  00003a90    0000003c     sysbios.aem4f : BIOS.obj (.text:ti_sysbios_family_arm_m3_Hwi_excSvCall__I)
                  00003acc    00000004     --HOLE-- [fill = 0]
                  00003ad0    0000003c                   : BIOS.obj (.text:ti_sysbios_heaps_HeapMem_init__I)
                  00003b0c    00000004     --HOLE-- [fill = 0]
                  00003b10    0000003c                   : BIOS.obj (.text:ti_sysbios_knl_Clock_Instance_init__E)
                  00003b4c    00000004     --HOLE-- [fill = 0]
                  00003b50    0000003c                   : BIOS.obj (.text:ti_sysbios_knl_Swi_restore__E)
                  00003b8c    00000004     --HOLE-- [fill = 0]
                  00003b90    00000038                   : BIOS.obj (.text:ti_sysbios_family_arm_m3_Hwi_excNoIsr__I)
                  00003bc8    00000038                   : BIOS.obj (.text:ti_sysbios_knl_Task_processVitalTaskFlag__I)
                  00003c00    00000038     ti.targets.arm.rtsarm.aem4f : SysMin.oem4f (.text:xdc_runtime_SysMin_putch__E)
                  00003c38    00000038                                 : System.oem4f (.text:xdc_runtime_System_atexit__E)
                  00003c70    00000034     msp432p4xx_driverlib.lib : flash.o (.text:FlashCtl_enableReadBuffering)
                  00003ca4    00000004     --HOLE-- [fill = 0]
                  00003ca8    00000034     sysbios.aem4f : BIOS.obj (.text:ti_sysbios_family_arm_m3_Hwi_excNmi__I)
                  00003cdc    00000004     --HOLE-- [fill = 0]
                  00003ce0    00000034                   : BIOS.obj (.text:ti_sysbios_hal_Hwi_checkStack)
                  00003d14    00000034     clock_pem4f.oem4f (.text:ti_sysbios_knl_Clock_construct)
                  00003d48    00000034     ti.targets.arm.rtsarm.aem4f : Core-label.oem4f (.text:xdc_runtime_Core_assignLabel__I)
                  00003d7c    00000033                                 : Text.oem4f (.text:xdc_runtime_Text_printVisFxn__I)
                  00003daf    00000001     --HOLE-- [fill = 0]
                  00003db0    00000032     clock.obj (.text:clk0Fxn)
                  00003de2    00000006     --HOLE-- [fill = 0]
                  00003de8    00000032     sysbios.aem4f : BIOS.obj (.text:ti_sysbios_hal_Hwi_initStack)
                  00003e1a    00000002     --HOLE-- [fill = 0]
                  00003e1c    00000030     clock_pem4f.oem4f (.text:ti_sysbios_BIOS_atExitFunc__I)
                  00003e4c    00000030     clock_pem4f.oem4f (.text:ti_sysbios_BIOS_startFunc__I)
                  00003e7c    00000004     --HOLE-- [fill = 0]
                  00003e80    00000030     sysbios.aem4f : BIOS.obj (.text:ti_sysbios_family_arm_m3_TaskSupport_start__E)
                  00003eb0    00000030     clock_pem4f.oem4f (.text:ti_sysbios_gates_GateHwi_Object__create__S)
                  00003ee0    00000030     clock_pem4f.oem4f (.text:ti_sysbios_gates_GateMutex_Object__create__S)
                  00003f10    00000030     sysbios.aem4f : BIOS.obj (.text:ti_sysbios_gates_GateMutex_enter__E)
                  00003f40    00000030     clock_pem4f.oem4f (.text:ti_sysbios_heaps_HeapMem_Object__create__S)
                  00003f70    00000030     clock_pem4f.oem4f (.text:ti_sysbios_knl_Semaphore_construct)
                  00003fa0    00000030     sysbios.aem4f : BIOS.obj (.text:ti_sysbios_knl_Semaphore_pendTimeout__I)
                  00003fd0    00000030                   : BIOS.obj (.text:ti_sysbios_knl_Task_unblockI__E)
                  00004000    00000030     ti.targets.arm.rtsarm.aem4f : SysMin.oem4f (.text:xdc_runtime_SysMin_abort__E)
                  00004030    00000030                                 : System.oem4f (.text:xdc_runtime_System_processAtExit__E)
                  00004060    0000002c     msp432p4xx_driverlib.lib : pcm.o (.text:PCM_getCoreVoltageLevel)
                  0000408c    0000002c     power_tirtos_MSP432P401R.aem4f : PowerMSP432_tirtos.oem4f (.text:PowerMSP432_updateFreqs)
                  000040b8    0000002c     clock_pem4f.oem4f (.text:ti_sysbios_knl_Clock_doTick__I)
                  000040e4    0000002c     clock_pem4f.oem4f (.text:ti_sysbios_knl_Queue_construct)
                  00004110    0000002c     sysbios.aem4f : BIOS.obj (.text:ti_sysbios_knl_Task_restore__E)
                  0000413c    0000002c     ti.targets.arm.rtsarm.aem4f : Text.oem4f (.text:xdc_runtime_Text_cordText__E)
                  00004168    0000002a     msp432p4xx_driverlib.lib : pcm.o (.text:PCM_getPowerMode)
                  00004192    0000002a     ti.targets.arm.rtsarm.aem4f : System.oem4f (.text:xdc_runtime_System_putchar__I)
                  000041bc    00000028     msp432p4xx_driverlib.lib : flash.o (.text:FlashCtl_setWaitState)
                  000041e4    00000028                              : pcm.o (.text:PCM_gotoLPM0)
                  0000420c    00000004     --HOLE-- [fill = 0]
                  00004210    00000028     sysbios.aem4f : BIOS.obj (.text:ti_sysbios_knl_Clock_addI__E)
                  00004238    00000028                   : BIOS.obj (.text:ti_sysbios_knl_Swi_Module_startup__E)
                  00004260    00000026                   : m3_Hwi_asm.obj (.text:ti_sysbios_family_arm_m3_Hwi_pendSV__I)
                  00004286    00000026     ti.targets.arm.rtsarm.aem4f : System.oem4f (.text:xdc_runtime_System_avprintf__E)
                  000042ac    00000024     msp432p4xx_driverlib.lib : cs.o (.text:CS_setDCOCenteredFrequency)
                  000042d0    00000024                              : rtc_c.o (.text:RTC_C_holdClock)
                  000042f4    00000024                              : rtc_c.o (.text:RTC_C_startClock)
                  00004318    00000024     clock_pem4f.oem4f (.text:ti_sysbios_BIOS_errorRaiseHook__I)
                  0000433c    00000024     clock_pem4f.oem4f (.text:ti_sysbios_BIOS_registerRTSLock__I)
                  00004360    00000024     clock_pem4f.oem4f (.text:ti_sysbios_BIOS_removeRTSLock__I)
                  00004384    00000004     --HOLE-- [fill = 0]
                  00004388    00000024     sysbios.aem4f : BIOS.obj (.text:ti_sysbios_family_arm_msp432_ClockFreqs_setFrequency__E)
                  000043ac    00000024     clock_pem4f.oem4f (.text:ti_sysbios_gates_GateMutex_Object__delete__S)
                  000043d0    00000024     sysbios.aem4f : BIOS.obj (.text:ti_sysbios_knl_Clock_Module_startup__E)
                  000043f4    00000004     --HOLE-- [fill = 0]
                  000043f8    00000024                   : BIOS.obj (.text:ti_sysbios_knl_Clock_start__E)
                  0000441c    00000004     --HOLE-- [fill = 0]
                  00004420    00000024                   : BIOS.obj (.text:ti_sysbios_knl_Semaphore_Instance_init__E)
                  00004444    00000004     --HOLE-- [fill = 0]
                  00004448    00000024                   : BIOS.obj (.text:ti_sysbios_knl_Task_restoreHwi__E)
                  0000446c    00000024     ti.targets.arm.rtsarm.aem4f : System.oem4f (.text:xdc_runtime_System_vprintf__E)
                  00004490    00000022     clock_pem4f.oem4f (.text:xdc_runtime_SysMin_output__I)
                  000044b2    00000002     --HOLE-- [fill = 0]
                  000044b4    00000020     clock_pem4f.oem4f (.text:ti_sysbios_BIOS_rtsLock__I)
                  000044d4    00000020     sysbios.aem4f : m3_Hwi_asm.obj (.text:ti_sysbios_family_arm_m3_Hwi_excHandlerAsm__I)
                  000044f4    00000004     --HOLE-- [fill = 0]
                  000044f8    00000020                   : BIOS.obj (.text:ti_sysbios_family_arm_m3_Hwi_excHandler__I)
                  00004518    00000020     clock_pem4f.oem4f (.text:ti_sysbios_gates_GateHwi_Object__delete__S)
                  00004538    00000020     clock_pem4f.oem4f (.text:ti_sysbios_heaps_HeapMem_Object__delete__S)
                  00004558    00000020     sysbios.aem4f : BIOS.obj (.text:ti_sysbios_knl_Idle_run__E)
                  00004578    00000020     clock_pem4f.oem4f (.text:ti_sysbios_knl_Semaphore_Object__destruct__S)
                  00004598    00000020     ti.targets.arm.rtsarm.aem4f : Registry.oem4f (.text:xdc_runtime_Registry_findById__E)
                  000045b8    00000020                                 : SysMin.oem4f (.text:xdc_runtime_SysMin_Module_startup__E)
                  000045d8    0000001e     sysbios.aem4f : m3_Hwi_asm_switch.obj (.text:ti_sysbios_family_xxx_Hwi_switchAndRunFunc)
                  000045f6    00000002     --HOLE-- [fill = 0]
                  000045f8    0000001c     msp432p4xx_driverlib.lib : pcm.o (.text:PCM_enableRudeMode)
                  00004614    00000004     --HOLE-- [fill = 0]
                  00004618    0000001c     sysbios.aem4f : BIOS.obj (.text:ti_sysbios_gates_GateMutex_Instance_init__E)
                  00004634    0000001c     clock_pem4f.oem4f (.text:ti_sysbios_knl_Queue_Object__destruct__S)
                  00004650    0000001c     sysbios.aem4f : BIOS.obj (.text:ti_sysbios_knl_Queue_put__E)
                  0000466c    00000004     --HOLE-- [fill = 0]
                  00004670    0000001c                   : BIOS.obj (.text:ti_sysbios_knl_Task_enter__I)
                  0000468c    0000001c     ti.targets.arm.rtsarm.aem4f : Error.oem4f (.text:xdc_runtime_Error_raiseX__E)
                  000046a8    0000001c                                 : Memory.oem4f (.text:xdc_runtime_Memory_valloc__E)
                  000046c4    0000001c                                 : SysMin.oem4f (.text:xdc_runtime_SysMin_exit__E)
                  000046e0    0000001c                                 : System.oem4f (.text:xdc_runtime_System_abort__E)
                  000046fc    0000001a     clock_pem4f.oem4f (.text:ti_sysbios_family_arm_m3_Hwi_Handle__label__S)
                  00004716    0000001a     clock_pem4f.oem4f (.text:ti_sysbios_gates_GateHwi_Handle__label__S)
                  00004730    0000001a     clock_pem4f.oem4f (.text:ti_sysbios_gates_GateMutex_Handle__label__S)
                  0000474a    0000001a     clock_pem4f.oem4f (.text:ti_sysbios_heaps_HeapMem_Handle__label__S)
                  00004764    0000001a     clock_pem4f.oem4f (.text:ti_sysbios_knl_Swi_Handle__label__S)
                  0000477e    0000001a     clock_pem4f.oem4f (.text:ti_sysbios_knl_Task_Handle__label__S)
                  00004798    0000001a     clock_pem4f.oem4f (.text:xdc_runtime_System_aprintf__E)
                  000047b2    0000001a     clock_pem4f.oem4f (.text:xdc_runtime_System_printf__E)
                  000047cc    00000018     msp432p4xx_driverlib.lib : wdt_a.o (.text:WDT_A_holdTimer)
                  000047e4    00000018     rtsv7M4_T_le_v4SPD16_eabi.lib : args_main.obj (.text)
                  000047fc    00000018     clock_pem4f.oem4f (.text:ti_sysbios_BIOS_rtsUnlock__I)
                  00004814    00000018     clock_pem4f.oem4f (.text:ti_sysbios_family_arm_m3_Hwi_Module__startupDone__F)
                  0000482c    00000018     sysbios.aem4f : m3_TaskSupport_asm.obj (.text:ti_sysbios_family_arm_m3_TaskSupport_swap__E)
                  00004844    00000018     clock_pem4f.oem4f (.text:ti_sysbios_family_arm_msp432_Timer_Module__startupDone__F)
                  0000485c    00000004     --HOLE-- [fill = 0]
                  00004860    00000018     sysbios.aem4f : BIOS.obj (.text:ti_sysbios_gates_GateMutex_leave__E)
                  00004878    00000018     ti.targets.arm.rtsarm.aem4f : Error.oem4f (.text:xdc_runtime_Error_check__E)
                  00004890    00000018                                 : System.oem4f (.text:xdc_runtime_System_exit__E)
                  000048a8    00000018                                 : Text.oem4f (.text:xdc_runtime_Text_ropeText__E)
                  000048c0    00000016     clock_pem4f.oem4f (.text:ti_sysbios_BIOS_exitFunc__I)
                  000048d6    00000016     clock.obj (.text:ti_sysbios_knl_Clock_Params_init)
                  000048ec    00000014     drivers_MSP432P401R.aem4f : PowerMSP432.oem4f (.text:Power_idleFunc)
                  00004900    00000014     msp432p4xx_driverlib.lib : wdt_a.o (.text:WDT_A_startTimer)
                  00004914    00000014     rtsv7M4_T_le_v4SPD16_eabi.lib : _lock.obj (.text)
                  00004928    00000014                                   : strcpy.obj (.text)
                  0000493c    00000014                                   : strlen.obj (.text)
                  00004950    00000014     clock_pem4f.oem4f (.text:ti_sysbios_family_arm_m3_Hwi_Object__get__S)
                  00004964    00000004     --HOLE-- [fill = 0]
                  00004968    00000014     sysbios.aem4f : BIOS.obj (.text:ti_sysbios_family_arm_m3_Hwi_switchFromBootStack__E)
                  0000497c    00000014     clock_pem4f.oem4f (.text:ti_sysbios_heaps_HeapMem_Object__get__S)
                  00004990    00000014     clock_pem4f.oem4f (.text:ti_sysbios_knl_Swi_Object__get__S)
                  000049a4    00000004     --HOLE-- [fill = 0]
                  000049a8    00000012     sysbios.aem4f : BIOS.obj (.text:ti_sysbios_hal_Hwi_Module_startup__E)
                  000049ba    00000012     clock_pem4f.oem4f (.text:xdc_runtime_Startup_exec__I)
                  000049cc    00000010     msp432p4xx_driverlib.lib : pcm.o (.text:PCM_gotoLPM4)
                  000049dc    00000004     --HOLE-- [fill = 0]
                  000049e0    00000010     sysbios.aem4f : BIOS.obj (.text:ti_sysbios_BIOS_exit__E)
                  000049f0    00000010                   : BIOS.obj (.text:ti_sysbios_BIOS_setCpuFreq__E)
                  00004a00    00000010                   : BIOS.obj (.text:ti_sysbios_BIOS_setThreadType__E)
                  00004a10    00000010                   : BIOS.obj (.text:ti_sysbios_BIOS_start__E)
                  00004a20    00000010                   : m3_TaskSupport_asm.obj (.text:ti_sysbios_family_arm_m3_TaskSupport_glue)
                  00004a30    00000010                   : BIOS.obj (.text:ti_sysbios_family_arm_msp432_init_Boot_disableWatchdog)
                  00004a40    00000010                   : BIOS.obj (.text:ti_sysbios_gates_GateMutex_Instance_finalize__E)
                  00004a50    00000010                   : BIOS.obj (.text:ti_sysbios_knl_Semaphore_Instance_finalize__E)
                  00004a60    00000010                   : BIOS.obj (.text:ti_sysbios_knl_Swi_disable__E)
                  00004a70    00000010     clock_pem4f.oem4f (.text:ti_sysbios_knl_Task_Object__get__S)
                  00004a80    00000010     sysbios.aem4f : BIOS.obj (.text:ti_sysbios_knl_Task_disable__E)
                  00004a90    00000010     ti.targets.arm.rtsarm.aem4f : Gate.oem4f (.text:xdc_runtime_Gate_leaveSystem__E)
                  00004aa0    00000010                                 : Memory.oem4f (.text:xdc_runtime_Memory_free__E)
                  00004ab0    00000010                                 : SysMin.oem4f (.text:xdc_runtime_SysMin_ready__E)
                  00004ac0    00000010                                 : System.oem4f (.text:xdc_runtime_System_vsnprintf__E)
                  00004ad0    00000010     clock_pem4f.oem4f (.text:xdc_runtime_Text_visitRope__I)
                  00004ae0    0000000e     rtsv7M4_T_le_v4SPD16_eabi.lib : copy_decompress_none.obj (.text:decompress:none)
                  00004aee    00000002     --HOLE-- [fill = 0]
                  00004af0    0000000e     sysbios.aem4f : BIOS.obj (.text:ti_sysbios_knl_Idle_loop__E)
                  00004afe    00000002     --HOLE-- [fill = 0]
                  00004b00    0000000e                   : BIOS.obj (.text:ti_sysbios_knl_Queue_empty__E)
                  00004b0e    0000000c     clock_pem4f.oem4f (.text:.bootCodeSection:ti_sysbios_family_arm_msp432_init_Boot_init__I)
                  00004b1a    0000000c     msp432p4xx_driverlib.lib : cpu.o (.text:CPU_cpsid)
                  00004b26    0000000c                              : cpu.o (.text:CPU_cpsie)
                  00004b32    00000002     --HOLE-- [fill = 0]
                  00004b34    0000000c                              : pcm.o (.text:PCM_getPowerState)
                  00004b40    0000000c     drivers_MSP432P401R.aem4f : PowerMSP432.oem4f (.text:Power_getConstraintMask)
                  00004b4c    0000000c     rtsv7M4_T_le_v4SPD16_eabi.lib : copy_zero_init.obj (.text:decompress:ZI)
                  00004b58    0000000c     sysbios.aem4f : BIOS.obj (.text:ti_sysbios_family_arm_m3_TaskSupport_checkStack__E)
                  00004b64    00000004     --HOLE-- [fill = 0]
                  00004b68    0000000c                   : BIOS.obj (.text:ti_sysbios_family_arm_msp432_Timer_getMaxTicks__E)
                  00004b74    00000004     --HOLE-- [fill = 0]
                  00004b78    0000000c                   : BIOS.obj (.text:ti_sysbios_gates_GateHwi_enter__E)
                  00004b84    0000000c     clock_pem4f.oem4f (.text:ti_sysbios_knl_Clock_Params__init__S)
                  00004b90    0000000c     sysbios.aem4f : BIOS.obj (.text:ti_sysbios_knl_Clock_getTicks__E)
                  00004b9c    0000000c     clock.obj (.text:ti_sysbios_knl_Clock_handle)
                  00004ba8    0000000c     clock_pem4f.oem4f (.text:ti_sysbios_knl_Queue_Object__get__S)
                  00004bb4    0000000c     ti.targets.arm.rtsarm.aem4f : Error.oem4f (.text:xdc_runtime_Error_init__E)
                  00004bc0    0000000c                                 : Gate.oem4f (.text:xdc_runtime_Gate_enterSystem__E)
                  00004bcc    0000000c                                 : Memory.oem4f (.text:xdc_runtime_Memory_calloc__E)
                  00004bd8    0000000c                                 : Memory.oem4f (.text:xdc_runtime_Memory_getMaxDefaultTypeAlign__E)
                  00004be4    0000000c                                 : Startup.oem4f (.text:xdc_runtime_Startup_rtsDone__E)
                  00004bf0    0000000a     clock_pem4f.oem4f (.text:xdc_runtime_IHeap_alloc)
                  00004bfa    0000000a     clock_pem4f.oem4f (.text:xdc_runtime_IHeap_free)
                  00004c04    00000008     MSP_EXP432P401R.obj (.text:MSP_EXP432P401R_initGeneral)
                  00004c0c    00000008     msp432p4xx_driverlib.lib : pcm.o (.text:PCM_setPowerMode)
                  00004c14    00000008                              : pcm.o (.text:PCM_setPowerState)
                  00004c1c    00000004     --HOLE-- [fill = 0]
                  00004c20    00000008     sysbios.aem4f : BIOS.obj (.text:ti_sysbios_family_arm_m3_Hwi_doSwiRestore__I)
                  00004c28    00000008                   : BIOS.obj (.text:ti_sysbios_family_arm_m3_Hwi_startup__E)
                  00004c30    00000006                   : BIOS.obj (.text:ti_sysbios_family_arm_m3_Hwi_doTaskRestore__I)
                  00004c36    00000002     --HOLE-- [fill = 0]
                  00004c38    00000006                   : BIOS.obj (.text:ti_sysbios_gates_GateHwi_leave__E)
                  00004c3e    00000002     --HOLE-- [fill = 0]
                  00004c40    00000006                   : BIOS.obj (.text:ti_sysbios_heaps_HeapMem_isBlocking__E)
                  00004c46    00000002     --HOLE-- [fill = 0]
                  00004c48    00000006                   : BIOS.obj (.text:ti_sysbios_knl_Queue_Instance_init__E)
                  00004c4e    00000002     --HOLE-- [fill = 0]
                  00004c50    00000006                   : BIOS.obj (.text:ti_sysbios_knl_Swi_startup__E)
                  00004c56    00000002     --HOLE-- [fill = 0]
                  00004c58    00000004                   : BIOS.obj (.text:ti_sysbios_gates_GateHwi_query__E)
                  00004c5c    00000004     --HOLE-- [fill = 0]
                  00004c60    00000004                   : BIOS.obj (.text:ti_sysbios_gates_GateMutex_query__E)
                  00004c64    00000004     --HOLE-- [fill = 0]
                  00004c68    00000004                   : BIOS.obj (.text:ti_sysbios_knl_Task_startup__E)
                  00004c6c    00000004     --HOLE-- [fill = 0]
                  00004c70    00000002                   : BIOS.obj (.text:ti_sysbios_BIOS_linkedWithIncorrectBootLibrary__E)
                  00004c72    00000006     --HOLE-- [fill = 0]
                  00004c78    00000002                   : BIOS.obj (.text:ti_sysbios_gates_GateHwi_Instance_init__E)
                  00004c7a    00000006     --HOLE-- [fill = 0]
                  00004c80    00000002                   : BIOS.obj (.text:ti_sysbios_knl_Clock_logTick__E)

.const     0    00004c84    00001c9a     
                  00004c84    0000181b     clock_pem4f.oem4f (.const:xdc_runtime_Text_charTab__A)
                  0000649f    00000001     clock_pem4f.oem4f (.const:xdc_runtime_Error_policy__C)
                  000064a0    000000b0     clock_pem4f.oem4f (.const:xdc_runtime_Text_nodeTab__A)
                  00006550    00000048     clock_pem4f.oem4f (.const:.string)
                  00006598    00000028     clock_pem4f.oem4f (.const:ti_sysbios_heaps_HeapMem_Module__FXNS__C)
                  000065c0    00000024     clock_pem4f.oem4f (.const:ti_sysbios_gates_GateHwi_Module__FXNS__C)
                  000065e4    00000024     clock_pem4f.oem4f (.const:ti_sysbios_gates_GateMutex_Module__FXNS__C)
                  00006608    00000024     clock_pem4f.oem4f (.const:ti_sysbios_heaps_HeapMem_Object__PARAMS__C)
                  0000662c    00000024     clock_pem4f.oem4f (.const:ti_sysbios_knl_Clock_Object__PARAMS__C)
                  00006650    00000024     clock_pem4f.oem4f (.const:ti_sysbios_knl_Semaphore_Object__PARAMS__C)
                  00006674    00000020     clock_pem4f.oem4f (.const:ti_sysbios_gates_GateHwi_Object__DESC__C)
                  00006694    00000020     clock_pem4f.oem4f (.const:ti_sysbios_gates_GateMutex_Object__DESC__C)
                  000066b4    00000020     clock_pem4f.oem4f (.const:ti_sysbios_heaps_HeapMem_Object__DESC__C)
                  000066d4    00000020     clock_pem4f.oem4f (.const:ti_sysbios_knl_Clock_Object__DESC__C)
                  000066f4    00000020     clock_pem4f.oem4f (.const:ti_sysbios_knl_Queue_Object__DESC__C)
                  00006714    00000020     clock_pem4f.oem4f (.const:ti_sysbios_knl_Semaphore_Object__DESC__C)
                  00006734    00000020     clock_pem4f.oem4f (.const:xdc_runtime_Startup_sfxnTab__A)
                  00006754    00000018     clock_pem4f.oem4f (.const:ti_sysbios_gates_GateHwi_Object__PARAMS__C)
                  0000676c    00000018     clock_pem4f.oem4f (.const:ti_sysbios_gates_GateMutex_Object__PARAMS__C)
                  00006784    00000018     clock_pem4f.oem4f (.const:ti_sysbios_knl_Queue_Object__PARAMS__C)
                  0000679c    00000010     MSP_EXP432P401R.obj (.const:PowerMSP432_config)
                  000067ac    00000010     clock_pem4f.oem4f (.const:xdc_runtime_Startup_sfxnRts__A)
                  000067bc    0000000c     clock_pem4f.oem4f (.const:xdc_runtime_Startup_firstFxns__A)
                  000067c8    00000008     clock_pem4f.oem4f (.const:ti_sysbios_family_arm_m3_Hwi_excHookFuncs__A)
                  000067d0    00000008     clock_pem4f.oem4f (.const:ti_sysbios_knl_Idle_funcList__A)
                  000067d8    00000008     clock_pem4f.oem4f (.const:ti_sysbios_knl_Idle_funcList__C)
                  000067e0    00000008     clock_pem4f.oem4f (.const:xdc_runtime_Startup_firstFxns__C)
                  000067e8    00000008     clock_pem4f.oem4f (.const:xdc_runtime_Startup_lastFxns__C)
                  000067f0    00000004     clock_pem4f.oem4f (.const:ti_sysbios_family_arm_m3_Hwi_E_NMI__C)
                  000067f4    00000004     clock_pem4f.oem4f (.const:ti_sysbios_family_arm_m3_Hwi_E_busFault__C)
                  000067f8    00000004     clock_pem4f.oem4f (.const:ti_sysbios_family_arm_m3_Hwi_E_debugMon__C)
                  000067fc    00000004     clock_pem4f.oem4f (.const:ti_sysbios_family_arm_m3_Hwi_E_hardFault__C)
                  00006800    00000004     clock_pem4f.oem4f (.const:ti_sysbios_family_arm_m3_Hwi_E_memFault__C)
                  00006804    00000004     clock_pem4f.oem4f (.const:ti_sysbios_family_arm_m3_Hwi_E_noIsr__C)
                  00006808    00000004     clock_pem4f.oem4f (.const:ti_sysbios_family_arm_m3_Hwi_E_reserved__C)
                  0000680c    00000004     clock_pem4f.oem4f (.const:ti_sysbios_family_arm_m3_Hwi_E_svCall__C)
                  00006810    00000004     clock_pem4f.oem4f (.const:ti_sysbios_family_arm_m3_Hwi_E_usageFault__C)
                  00006814    00000004     clock_pem4f.oem4f (.const:ti_sysbios_family_arm_m3_Hwi_NUM_INTERRUPTS__C)
                  00006818    00000004     clock_pem4f.oem4f (.const:ti_sysbios_family_arm_m3_Hwi_Object__count__C)
                  0000681c    00000004     clock_pem4f.oem4f (.const:ti_sysbios_family_arm_m3_Hwi_ccr__C)
                  00006820    00000004     clock_pem4f.oem4f (.const:ti_sysbios_family_arm_m3_Hwi_excHandlerFunc__C)
                  00006824    00000004     clock_pem4f.oem4f (.const:ti_sysbios_family_arm_m3_Hwi_excHookFuncs__C)
                  00006828    00000004     clock_pem4f.oem4f (.const:ti_sysbios_family_arm_m3_Hwi_nullIsrFunc__C)
                  0000682c    00000004     clock_pem4f.oem4f (.const:ti_sysbios_family_arm_m3_Hwi_priGroup__C)
                  00006830    00000004     clock_pem4f.oem4f (.const:ti_sysbios_family_arm_msp432_Timer_numTimerDevices__C)
                  00006834    00000004     clock_pem4f.oem4f (.const:ti_sysbios_family_arm_msp432_Timer_startupNeeded__C)
                  00006838    00000004     clock_pem4f.oem4f (.const:ti_sysbios_gates_GateMutex_Instance_State_sem__O)
                  0000683c    00000004     clock_pem4f.oem4f (.const:ti_sysbios_hal_Hwi_E_stackOverflow__C)
                  00006840    00000004     clock_pem4f.oem4f (.const:ti_sysbios_heaps_HeapMem_E_memory__C)
                  00006844    00000004     clock_pem4f.oem4f (.const:ti_sysbios_heaps_HeapMem_Module__gateObj__C)
                  00006848    00000004     clock_pem4f.oem4f (.const:ti_sysbios_heaps_HeapMem_Object__count__C)
                  0000684c    00000004     clock_pem4f.oem4f (.const:ti_sysbios_heaps_HeapMem_reqAlign__C)
                  00006850    00000004     clock_pem4f.oem4f (.const:ti_sysbios_knl_Clock_Module_State_clockQ__O)
                  00006854    00000004     clock_pem4f.oem4f (.const:ti_sysbios_knl_Clock_tickPeriod__C)
                  00006858    00000004     clock_pem4f.oem4f (.const:ti_sysbios_knl_Semaphore_Instance_State_pendQ__O)
                  0000685c    00000004     clock_pem4f.oem4f (.const:ti_sysbios_knl_Swi_Object__count__C)
                  00006860    00000004     clock_pem4f.oem4f (.const:ti_sysbios_knl_Task_E_spOutOfBounds__C)
                  00006864    00000004     clock_pem4f.oem4f (.const:ti_sysbios_knl_Task_E_stackOverflow__C)
                  00006868    00000004     clock_pem4f.oem4f (.const:ti_sysbios_knl_Task_Module_State_inactiveQ__O)
                  0000686c    00000004     clock_pem4f.oem4f (.const:ti_sysbios_knl_Task_Object__count__C)
                  00006870    00000004     clock_pem4f.oem4f (.const:ti_sysbios_knl_Task_allBlockedFunc__C)
                  00006874    00000004     clock_pem4f.oem4f (.const:ti_sysbios_knl_Task_numConstructedTasks__C)
                  00006878    00000004     clock_pem4f.oem4f (.const:xdc_runtime_Assert_E_assertFailed__C)
                  0000687c    00000004     clock_pem4f.oem4f (.const:xdc_runtime_Core_A_initializedParams__C)
                  00006880    00000004     clock_pem4f.oem4f (.const:xdc_runtime_Core_Module__diagsEnabled__C)
                  00006884    00000004     clock_pem4f.oem4f (.const:xdc_runtime_Core_Module__diagsIncluded__C)
                  00006888    00000004     clock_pem4f.oem4f (.const:xdc_runtime_Core_Module__diagsMask__C)
                  0000688c    00000004     clock_pem4f.oem4f (.const:xdc_runtime_Error_E_memory__C)
                  00006890    00000004     clock_pem4f.oem4f (.const:xdc_runtime_Error_Module__diagsEnabled__C)
                  00006894    00000004     clock_pem4f.oem4f (.const:xdc_runtime_Error_Module__diagsIncluded__C)
                  00006898    00000004     clock_pem4f.oem4f (.const:xdc_runtime_Error_Module__diagsMask__C)
                  0000689c    00000004     clock_pem4f.oem4f (.const:xdc_runtime_Error_Module__loggerFxn8__C)
                  000068a0    00000004     clock_pem4f.oem4f (.const:xdc_runtime_Error_Module__loggerObj__C)
                  000068a4    00000004     clock_pem4f.oem4f (.const:xdc_runtime_Error_policyFxn__C)
                  000068a8    00000004     clock_pem4f.oem4f (.const:xdc_runtime_Error_raiseHook__C)
                  000068ac    00000004     clock_pem4f.oem4f (.const:xdc_runtime_IGateProvider_Interface__BASE__C)
                  000068b0    00000004     clock_pem4f.oem4f (.const:xdc_runtime_IHeap_Interface__BASE__C)
                  000068b4    00000004     clock_pem4f.oem4f (.const:xdc_runtime_IModule_Interface__BASE__C)
                  000068b8    00000004     clock_pem4f.oem4f (.const:xdc_runtime_Log_L_error__C)
                  000068bc    00000004     clock_pem4f.oem4f (.const:xdc_runtime_Memory_defaultHeapInstance__C)
                  000068c0    00000004     clock_pem4f.oem4f (.const:xdc_runtime_Startup_execImpl__C)
                  000068c4    00000004     clock_pem4f.oem4f (.const:xdc_runtime_Startup_maxPasses__C)
                  000068c8    00000004     clock_pem4f.oem4f (.const:xdc_runtime_Startup_sfxnRts__C)
                  000068cc    00000004     clock_pem4f.oem4f (.const:xdc_runtime_Startup_sfxnTab__C)
                  000068d0    00000004     clock_pem4f.oem4f (.const:xdc_runtime_SysMin_bufSize__C)
                  000068d4    00000004     clock_pem4f.oem4f (.const:xdc_runtime_SysMin_outputFunc__C)
                  000068d8    00000004     clock_pem4f.oem4f (.const:xdc_runtime_System_Module__gateObj__C)
                  000068dc    00000004     clock_pem4f.oem4f (.const:xdc_runtime_System_abortFxn__C)
                  000068e0    00000004     clock_pem4f.oem4f (.const:xdc_runtime_System_exitFxn__C)
                  000068e4    00000004     clock_pem4f.oem4f (.const:xdc_runtime_System_extendFxn__C)
                  000068e8    00000004     clock_pem4f.oem4f (.const:xdc_runtime_System_maxAtexitHandlers__C)
                  000068ec    00000004     clock_pem4f.oem4f (.const:xdc_runtime_Text_charTab__C)
                  000068f0    00000004     clock_pem4f.oem4f (.const:xdc_runtime_Text_nameEmpty__C)
                  000068f4    00000004     clock_pem4f.oem4f (.const:xdc_runtime_Text_nameStatic__C)
                  000068f8    00000004     clock_pem4f.oem4f (.const:xdc_runtime_Text_nameUnknown__C)
                  000068fc    00000004     clock_pem4f.oem4f (.const:xdc_runtime_Text_nodeTab__C)
                  00006900    00000004     clock_pem4f.oem4f (.const:xdc_runtime_Text_visitRopeFxn__C)
                  00006904    00000002     clock_pem4f.oem4f (.const:ti_sysbios_family_arm_m3_Hwi_Module__id__C)
                  00006906    00000002     clock_pem4f.oem4f (.const:ti_sysbios_hal_Hwi_Module__id__C)
                  00006908    00000002     clock_pem4f.oem4f (.const:ti_sysbios_heaps_HeapMem_Module__id__C)
                  0000690a    00000002     clock_pem4f.oem4f (.const:ti_sysbios_knl_Task_Module__id__C)
                  0000690c    00000002     clock_pem4f.oem4f (.const:xdc_runtime_Core_Module__id__C)
                  0000690e    00000002     clock_pem4f.oem4f (.const:xdc_runtime_Error_Module__loggerDefined__C)
                  00006910    00000002     clock_pem4f.oem4f (.const:xdc_runtime_Error_maxDepth__C)
                  00006912    00000002     clock_pem4f.oem4f (.const:xdc_runtime_Memory_Module__id__C)
                  00006914    00000002     clock_pem4f.oem4f (.const:xdc_runtime_SysMin_flushAtExit__C)
                  00006916    00000002     clock_pem4f.oem4f (.const:xdc_runtime_Text_charCnt__C)
                  00006918    00000002     clock_pem4f.oem4f (.const:xdc_runtime_Text_isLoaded__C)
                  0000691a    00000002     clock_pem4f.oem4f (.const:xdc_runtime_Text_registryModsLastId__C)
                  0000691c    00000002     clock_pem4f.oem4f (.const:xdc_runtime_Text_unnamedModsLastId__C)

.cinit     0    00006920    00000228     
                  00006920    000001ed     (.cinit..data.load) [load image, compression = lzss]
                  00006b0d    00000003     --HOLE-- [fill = 0]
                  00006b10    0000000c     (__TI_handler_table)
                  00006b1c    00000004     --HOLE-- [fill = 0]
                  00006b20    00000008     (.cinit..bss.load) [load image, compression = zero_init]
                  00006b28    00000008     (.cinit..vecs.load) [load image, compression = zero_init]
                  00006b30    00000018     (__TI_cinit_table)

.resetVecs 
*          0    00000000    0000003c     
                  00000000    0000003c     clock_pem4f.oem4f (.resetVecs)

.vecs      0    20000000    00000140     UNINITIALIZED
                  20000000    00000140     clock_pem4f.oem4f (.vecs)

.bss       0    20000140    00000ab4     UNINITIALIZED
                  20000140    00000400     (.common:ti_sysbios_heaps_HeapMem_Instance_State_0_buf__A)
                  20000540    00000200     clock_pem4f.oem4f (.bss:taskStackSection)
                  20000740    00000200     (.common:xdc_runtime_SysMin_Module_State_0_outbuf__A)
                  20000940    00000140     (.common:ti_sysbios_family_arm_m3_Hwi_dispatchTable)
                  20000a80    00000120     rtsv7M4_T_le_v4SPD16_eabi.lib : trgmsg.obj (.bss:_CIOBUF_)
                  20000ba0    00000024     (.common:clk0Struct)
                  20000bc4    00000024     (.common:clk1Struct)
                  20000be8    00000008                                   : trgdrv.obj (.bss:parmbuf)
                  20000bf0    00000004     (.common:clk2Handle)

.data      0    20000bf4    000004ac     UNINITIALIZED
                  20000bf4    0000009c     drivers_MSP432P401R.aem4f : PowerMSP432.oem4f (.data:PowerMSP432_perfLevels)
                  20000c90    00000080     clock_pem4f.oem4f (.data:ti_sysbios_knl_Swi_Module_State_0_readyQ__A)
                  20000d10    00000080     clock_pem4f.oem4f (.data:ti_sysbios_knl_Task_Module_State_0_readyQ__A)
                  20000d90    0000004c     clock_pem4f.oem4f (.data:ti_sysbios_family_arm_msp432_Timer_Object__table__V)
                  20000ddc    0000004c     clock_pem4f.oem4f (.data:ti_sysbios_knl_Task_Object__table__V)
                  20000e28    00000044     clock_pem4f.oem4f (.data:ti_sysbios_knl_Task_Module__state__V)
                  20000e6c    00000038     clock_pem4f.oem4f (.data:ti_sysbios_gates_GateMutex_Object__table__V)
                  20000ea4    00000034     clock_pem4f.oem4f (.data:ti_sysbios_family_arm_m3_Hwi_Module__state__V)
                  20000ed8    00000030     clock_pem4f.oem4f (.data:ti_sysbios_knl_Swi_Object__table__V)
                  20000f08    0000002c     clock_pem4f.oem4f (.data:ti_sysbios_knl_Clock_Module__state__V)
                  20000f34    00000028     drivers_MSP432P401R.aem4f : PowerMSP432.oem4f (.data:PowerMSP432_module)
                  20000f5c    00000024     clock_pem4f.oem4f (.data:ti_sysbios_BIOS_Module__state__V)
                  20000f80    00000020     clock_pem4f.oem4f (.data:ti_sysbios_family_arm_msp432_Timer_Module_State_0_device__A)
                  20000fa0    0000001c     clock_pem4f.oem4f (.data:ti_sysbios_knl_Swi_Module__state__V)
                  20000fbc    00000018     clock_pem4f.oem4f (.data:ti_sysbios_family_arm_m3_Hwi_Object__table__V)
                  20000fd4    00000018     clock_pem4f.oem4f (.data:ti_sysbios_heaps_HeapMem_Object__table__V)
                  20000fec    00000010     clock_pem4f.oem4f (.data:ti_sysbios_family_arm_msp432_Timer_Module_State_0_handles__A)
                  20000ffc    0000000c     rtsv7M4_T_le_v4SPD16_eabi.lib : exit.obj (.data:$O1$$)
                  20001008    0000000c     clock_pem4f.oem4f (.data:ti_sysbios_family_arm_msp432_ClockFreqs_Module__state__V)
                  20001014    0000000c     clock_pem4f.oem4f (.data:ti_sysbios_family_arm_msp432_Timer_Module__state__V)
                  20001020    0000000c     clock_pem4f.oem4f (.data:xdc_runtime_SysMin_Module__state__V)
                  2000102c    00000008     rtsv7M4_T_le_v4SPD16_eabi.lib : _lock.obj (.data:$O1$$)
                  20001034    00000008     clock_pem4f.oem4f (.data:ti_sysbios_gates_GateHwi_Module__root__V)
                  2000103c    00000008     clock_pem4f.oem4f (.data:ti_sysbios_gates_GateMutex_Module__root__V)
                  20001044    00000008     clock_pem4f.oem4f (.data:ti_sysbios_heaps_HeapMem_Module__root__V)
                  2000104c    00000008     clock_pem4f.oem4f (.data:ti_sysbios_knl_Clock_Module__root__V)
                  20001054    00000008     clock_pem4f.oem4f (.data:ti_sysbios_knl_Queue_Module__root__V)
                  2000105c    00000008     clock_pem4f.oem4f (.data:ti_sysbios_knl_Semaphore_Module__root__V)
                  20001064    00000008     clock_pem4f.oem4f (.data:xdc_runtime_Registry_Module__state__V)
                  2000106c    00000008     clock_pem4f.oem4f (.data:xdc_runtime_Startup_Module__state__V)
                  20001074    00000008     clock_pem4f.oem4f (.data:xdc_runtime_System_Module_State_0_atexitHandlers__A)
                  2000107c    00000008     clock_pem4f.oem4f (.data:xdc_runtime_System_Module__state__V)
                  20001084    00000004     rtsv7M4_T_le_v4SPD16_eabi.lib : stkdepth_vars.obj (.data)
                  20001088    00000004     clock_pem4f.oem4f (.data:ti_sysbios_family_arm_m3_Hwi_Module_State_0_excContext__A)
                  2000108c    00000004     clock_pem4f.oem4f (.data:ti_sysbios_family_arm_m3_Hwi_Module_State_0_excStack__A)
                  20001090    00000004     clock_pem4f.oem4f (.data:ti_sysbios_gates_GateHwi_Object__table__V)
                  20001094    00000004     clock_pem4f.oem4f (.data:ti_sysbios_knl_Task_Module_State_0_idleTask__A)
                  20001098    00000004     clock_pem4f.oem4f (.data:xdc_runtime_Memory_Module__state__V)
                  2000109c    00000002     clock_pem4f.oem4f (.data:ti_sysbios_family_arm_m3_Hwi_Module_State_0_excActive__A)
                  2000109e    00000002     clock_pem4f.oem4f (.data:xdc_runtime_Error_Module__state__V)

.stack     0    2000fd00    00000300     UNINITIALIZED
                  2000fd00    00000300     --HOLE--

.bootVecs 
*          0    00000000    00000008     DSECT
                  00000000    00000008     boot.aem4f : boot.oem4f (.bootVecs)

xdc.meta   0    00000000    000000f8     COPY SECTION
                  00000000    000000f8     clock_pem4f.oem4f (xdc.meta)

.binit     0    00000000    00000000     

MODULE SUMMARY

       Module                     code    ro data   rw data
       ------                     ----    -------   -------
    .\
       clock.obj                  326     0         76     
       MSP_EXP432P401R.obj        8       16        0      
    +--+--------------------------+-------+---------+---------+
       Total:                     334     16        76     
                                                           
    C:\Dropbox\TIteachingProject\TI_RTOS\clock_MSP_EXP432P401R_TI\Debug\configPkg\package\cfg\
       clock_pem4f.oem4f          1520    7366      3664   
    +--+--------------------------+-------+---------+---------+
       Total:                     1520    7366      3664   
                                                           
    C:/ti/tirtos_msp43x_2_20_00_06/products/msp432_driverlib_3_21_00_05/driverlib/MSP432P4xx/ccs/msp432p4xx_driverlib.lib
       pcm.o                      1214    0         0      
       cs.o                       260     0         0      
       flash.o                    156     0         0      
       rtc_c.o                    72      0         0      
       wdt_a.o                    44      0         0      
       cpu.o                      28      0         0      
    +--+--------------------------+-------+---------+---------+
       Total:                     1774    0         0      
                                                           
    C:/ti/tirtos_msp43x_2_20_00_06/products/tidrivers_msp43x_2_20_00_08/packages/ti/drivers/lib/drivers_MSP432P401R.aem4f
       PowerMSP432.oem4f          1016    0         196    
       List.oem4f                 8       0         0      
    +--+--------------------------+-------+---------+---------+
       Total:                     1024    0         196    
                                                           
    C:/ti/tirtos_msp43x_2_20_00_06/products/tidrivers_msp43x_2_20_00_08/packages/ti/drivers/lib/power_tirtos_MSP432P401R.aem4f
       PowerMSP432_tirtos.oem4f   106     0         0      
    +--+--------------------------+-------+---------+---------+
       Total:                     106     0         0      
                                                           
    C:\Dropbox\TIteachingProject\TI_RTOS\clock_MSP_EXP432P401R_TI\src\sysbios\sysbios.aem4f
       BIOS.obj                   8064    0         0      
       m3_Hwi_asm.obj             306     0         0      
       m3_TaskSupport_asm.obj     180     0         0      
       m3_Hwi_asm_switch.obj      118     0         0      
    +--+--------------------------+-------+---------+---------+
       Total:                     8668    0         0      
                                                           
    C:\ti\ccsv7\tools\compiler\ti-cgt-arm_16.9.3.LTS\lib\rtsv7M4_T_le_v4SPD16_eabi.lib
       trgdrv.obj                 804     0         8      
       trgmsg.obj                 104     0         288    
       memcpy_t2.obj              156     0         0      
       memset_t2.obj              122     0         0      
       copy_decompress_lzss.obj   104     0         0      
       exit.obj                   84      0         12     
       cpy_tbl.obj                76      0         0      
       u_divt2.obj                64      0         0      
       _lock.obj                  20      0         8      
       args_main.obj              24      0         0      
       strcpy.obj                 20      0         0      
       strlen.obj                 20      0         0      
       copy_decompress_none.obj   14      0         0      
       copy_zero_init.obj         12      0         0      
       stkdepth_vars.obj          0       0         4      
       i_div0.obj                 2       0         0      
    +--+--------------------------+-------+---------+---------+
       Total:                     1626    0         320    
                                                           
    C:\ti\tirtos_msp43x_2_20_00_06\products\bios_6_46_00_23\packages\ti\targets\arm\rtsarm\lib\auto_init.aem4f
       auto_init.oem4f            160     0         0      
    +--+--------------------------+-------+---------+---------+
       Total:                     160     0         0      
                                                           
    C:\ti\tirtos_msp43x_2_20_00_06\products\bios_6_46_00_23\packages\ti\targets\arm\rtsarm\lib\boot.aem4f
       boot.oem4f                 88      0         0      
    +--+--------------------------+-------+---------+---------+
       Total:                     88      0         0      
                                                           
    C:\ti\tirtos_msp43x_2_20_00_06\products\bios_6_46_00_23\packages\ti\targets\arm\rtsarm\lib\ti.targets.arm.rtsarm.aem4f
       System.oem4f               1255    0         0      
       Text.oem4f                 672     0         0      
       Error.oem4f                524     0         0      
       Core-mem.oem4f             358     0         0      
       Startup.oem4f              340     0         0      
       SysMin.oem4f               248     0         0      
       Core-smem.oem4f            204     0         0      
       Memory.oem4f               176     0         0      
       Assert.oem4f               84      0         0      
       Core-params.oem4f          70      0         0      
       Core-label.oem4f           52      0         0      
       Registry.oem4f             32      0         0      
       Gate.oem4f                 28      0         0      
    +--+--------------------------+-------+---------+---------+
       Total:                     4043    0         0      
                                                           
       Stack:                     0       0         768    
       Linker Generated:          0       545       0      
    +--+--------------------------+-------+---------+---------+
       Grand Total:               19343   7927      5024   


LINKER GENERATED COPY TABLES

__TI_cinit_table @ 00006b30 records: 3, size/record: 8, table size: 24
	.data: load addr=00006920, load size=000001ed bytes, run addr=20000bf4, run size=000004ac bytes, compression=lzss
	.bss: load addr=00006b20, load size=00000008 bytes, run addr=20000140, run size=00000ab4 bytes, compression=zero_init
	.vecs: load addr=00006b28, load size=00000008 bytes, run addr=20000000, run size=00000140 bytes, compression=zero_init


LINKER GENERATED HANDLER TABLE

__TI_handler_table @ 00006b10 records: 3, size/record: 4, table size: 12
	index: 0, handler: __TI_decompress_lzss
	index: 1, handler: __TI_decompress_none
	index: 2, handler: __TI_zero_init


GLOBAL SYMBOLS: SORTED ALPHABETICALLY BY Name 

address   name                                                        
-------   ----                                                        
000031e1  C$$EXIT                                                     
00002d8b  C$$IO$$                                                     
00004b1b  CPU_cpsid                                                   
00004b27  CPU_cpsie                                                   
00000ee5  CPU_wfi                                                     
00001c49  CS_initClockSignal                                          
000042ad  CS_setDCOCenteredFrequency                                  
00004b91  ClockP_getSystemTicks                                       
000038d1  FlashCtl_disableReadBuffering                               
00003c71  FlashCtl_enableReadBuffering                                
000041bd  FlashCtl_setWaitState                                       
00000a97  HOSTclock                                                   
00000a5f  HOSTclose                                                   
00000a21  HOSTgetenv                                                  
000009c5  HOSTlseek                                                   
00000973  HOSTopen                                                    
00000927  HOSTread                                                    
000008c9  HOSTrename                                                  
0000088f  HOSTtime                                                    
00000841  HOSTtime64                                                  
00000809  HOSTunlink                                                  
000007bd  HOSTwrite                                                   
0000105d  List_head                                                   
000011c5  List_next                                                   
00004c05  MSP_EXP432P401R_initGeneral                                 
000045f9  PCM_enableRudeMode                                          
00004061  PCM_getCoreVoltageLevel                                     
00004169  PCM_getPowerMode                                            
00004b35  PCM_getPowerState                                           
000041e5  PCM_gotoLPM0                                                
0000287d  PCM_gotoLPM3                                                
000049cd  PCM_gotoLPM4                                                
00004c0d  PCM_setPowerMode                                            
00004c15  PCM_setPowerState                                           
00003339  PCM_shutdownDevice                                          
0000679c  PowerMSP432_config                                          
00002647  PowerMSP432_initPolicy                                      
20000f34  PowerMSP432_module                                          
20000bf4  PowerMSP432_perfLevels                                      
00003a51  PowerMSP432_sleepPolicy                                     
0000408d  PowerMSP432_updateFreqs                                     
00004b41  Power_getConstraintMask                                     
000048ed  Power_idleFunc                                              
00003731  Power_init                                                  
00000ae1  Power_sleep                                                 
000042d1  RTC_C_holdClock                                             
000042f5  RTC_C_startClock                                            
UNDEFED   SHT$$INIT_ARRAY$$Base                                       
UNDEFED   SHT$$INIT_ARRAY$$Limit                                      
4000480c  WDTCTL_SYM                                                  
000047cd  WDT_A_holdTimer                                             
00004901  WDT_A_startTimer                                            
00000000  __ASM__                                                     
20000a80  __CIOBUF_                                                   
00000074  __ISA__                                                     
00000087  __PLAT__                                                    
20010000  __STACK_END                                                 
00000300  __STACK_SIZE                                                
000000aa  __TARG__                                                    
00006b30  __TI_CINIT_Base                                             
00006b48  __TI_CINIT_Limit                                            
00006b10  __TI_Handler_Table_Base                                     
00006b1c  __TI_Handler_Table_Limit                                    
00002331  __TI_auto_init                                              
20000ffc  __TI_cleanup_ptr                                            
00002cf5  __TI_decompress_lzss                                        
00004ae1  __TI_decompress_none                                        
20001000  __TI_dtors_ptr                                              
20001004  __TI_enable_exit_profile_output                             
ffffffff  __TI_pprof_out_hndl                                         
ffffffff  __TI_prof_data_size                                         
ffffffff  __TI_prof_data_start                                        
00002d8f  __TI_readmsg                                                
00006920  __TI_static_base__                                          
00002d5d  __TI_writemsg                                               
00004b4d  __TI_zero_init                                              
000000d0  __TRDR__                                                    
000029ef  __aeabi_idiv0                                               
00002975  __aeabi_memclr                                              
00002975  __aeabi_memclr4                                             
00002975  __aeabi_memclr8                                             
00002471  __aeabi_memcpy                                              
00002471  __aeabi_memcpy4                                             
00002471  __aeabi_memcpy8                                             
00002977  __aeabi_memset                                              
00002977  __aeabi_memset4                                             
00002977  __aeabi_memset8                                             
00003951  __aeabi_uidiv                                               
00003951  __aeabi_uidivmod                                            
ffffffff  __binit__                                                   
ffffffff  __c_args__                                                  
2000fd00  __stack                                                     
000047e5  _args_main                                                  
00003131  _c_int00                                                    
2000102c  _lock                                                       
00004923  _nop                                                        
0000491b  _register_lock                                              
00004915  _register_unlock                                            
20001030  _unlock                                                     
000031e5  abort                                                       
ffffffff  binit                                                       
00003db1  clk0Fxn                                                     
20000ba0  clk0Struct                                                  
00002e95  clk1Fxn                                                     
20000bc4  clk1Struct                                                  
20000bf0  clk2Handle                                                  
00003479  copy_in                                                     
000031ed  exit                                                        
000026dd  main                                                        
20001084  main_func_sp                                                
00002471  memcpy                                                      
0000297d  memset                                                      
00004a81  osi_TaskDisable                                             
00004a11  osi_start                                                   
00004929  strcpy                                                      
0000493d  strlen                                                      
20000f5c  ti_sysbios_BIOS_Module__state__V                            
00004731  ti_sysbios_BIOS_RtsGateProxy_Handle__label__S               
000043ad  ti_sysbios_BIOS_RtsGateProxy_Object__delete__S              
0000166d  ti_sysbios_BIOS_RtsGateProxy_enter__E                       
00001e05  ti_sysbios_BIOS_RtsGateProxy_leave__E                       
00004c61  ti_sysbios_BIOS_RtsGateProxy_query__E                       
00003e1d  ti_sysbios_BIOS_atExitFunc__I                               
00004319  ti_sysbios_BIOS_errorRaiseHook__I                           
000048c1  ti_sysbios_BIOS_exitFunc__I                                 
000049e1  ti_sysbios_BIOS_exit__E                                     
00004c71  ti_sysbios_BIOS_linkedWithIncorrectBootLibrary__E           
00002b3f  ti_sysbios_BIOS_nullFunc__I                                 
0000433d  ti_sysbios_BIOS_registerRTSLock__I                          
00004361  ti_sysbios_BIOS_removeRTSLock__I                            
000044b5  ti_sysbios_BIOS_rtsLock__I                                  
000047fd  ti_sysbios_BIOS_rtsUnlock__I                                
000049f1  ti_sysbios_BIOS_setCpuFreq__E                               
00004a01  ti_sysbios_BIOS_setThreadType__E                            
00003e4d  ti_sysbios_BIOS_startFunc__I                                
00004a11  ti_sysbios_BIOS_start__E                                    
000067f0  ti_sysbios_family_arm_m3_Hwi_E_NMI__C                       
000067f4  ti_sysbios_family_arm_m3_Hwi_E_busFault__C                  
000067f8  ti_sysbios_family_arm_m3_Hwi_E_debugMon__C                  
000067fc  ti_sysbios_family_arm_m3_Hwi_E_hardFault__C                 
00006800  ti_sysbios_family_arm_m3_Hwi_E_memFault__C                  
00006804  ti_sysbios_family_arm_m3_Hwi_E_noIsr__C                     
00006808  ti_sysbios_family_arm_m3_Hwi_E_reserved__C                  
0000680c  ti_sysbios_family_arm_m3_Hwi_E_svCall__C                    
00006810  ti_sysbios_family_arm_m3_Hwi_E_usageFault__C                
000046fd  ti_sysbios_family_arm_m3_Hwi_Handle__label__S               
2000109c  ti_sysbios_family_arm_m3_Hwi_Module_State_0_excActive__A    
20001088  ti_sysbios_family_arm_m3_Hwi_Module_State_0_excContext__A   
2000108c  ti_sysbios_family_arm_m3_Hwi_Module_State_0_excStack__A     
00006904  ti_sysbios_family_arm_m3_Hwi_Module__id__C                  
00004815  ti_sysbios_family_arm_m3_Hwi_Module__startupDone__F         
00004815  ti_sysbios_family_arm_m3_Hwi_Module__startupDone__S         
20000ea4  ti_sysbios_family_arm_m3_Hwi_Module__state__V               
00003389  ti_sysbios_family_arm_m3_Hwi_Module_startup__E              
00006814  ti_sysbios_family_arm_m3_Hwi_NUM_INTERRUPTS__C              
00006818  ti_sysbios_family_arm_m3_Hwi_Object__count__C               
00004951  ti_sysbios_family_arm_m3_Hwi_Object__get__S                 
20000fbc  ti_sysbios_family_arm_m3_Hwi_Object__table__V               
0000681c  ti_sysbios_family_arm_m3_Hwi_ccr__C                         
00002e31  ti_sysbios_family_arm_m3_Hwi_dispatchC__I                   
20000940  ti_sysbios_family_arm_m3_Hwi_dispatchTable                  
00001b5d  ti_sysbios_family_arm_m3_Hwi_dispatch__I                    
00004c21  ti_sysbios_family_arm_m3_Hwi_doSwiRestore__I                
00004c31  ti_sysbios_family_arm_m3_Hwi_doTaskRestore__I               
00003659  ti_sysbios_family_arm_m3_Hwi_enableInterrupt__E             
00000ee9  ti_sysbios_family_arm_m3_Hwi_excBusFault__I                 
00001fa1  ti_sysbios_family_arm_m3_Hwi_excDebugMon__I                 
00000041  ti_sysbios_family_arm_m3_Hwi_excDumpRegs__I                 
00001561  ti_sysbios_family_arm_m3_Hwi_excFillContext__I              
000044d5  ti_sysbios_family_arm_m3_Hwi_excHandlerAsm__I               
00006820  ti_sysbios_family_arm_m3_Hwi_excHandlerFunc__C              
00001671  ti_sysbios_family_arm_m3_Hwi_excHandlerMax__I               
000044f9  ti_sysbios_family_arm_m3_Hwi_excHandler__I                  
00002061  ti_sysbios_family_arm_m3_Hwi_excHardFault__I                
000067c8  ti_sysbios_family_arm_m3_Hwi_excHookFuncs__A                
00006824  ti_sysbios_family_arm_m3_Hwi_excHookFuncs__C                
000011c9  ti_sysbios_family_arm_m3_Hwi_excMemFault__I                 
00003ca9  ti_sysbios_family_arm_m3_Hwi_excNmi__I                      
00003b91  ti_sysbios_family_arm_m3_Hwi_excNoIsr__I                    
000036a1  ti_sysbios_family_arm_m3_Hwi_excReserved__I                 
00003a91  ti_sysbios_family_arm_m3_Hwi_excSvCall__I                   
00001061  ti_sysbios_family_arm_m3_Hwi_excUsageFault__I               
00003779  ti_sysbios_family_arm_m3_Hwi_getStackInfo__E                
00002649  ti_sysbios_family_arm_m3_Hwi_initNVIC__E                    
00003189  ti_sysbios_family_arm_m3_Hwi_initStacks__E                  
00006828  ti_sysbios_family_arm_m3_Hwi_nullIsrFunc__C                 
e000e000  ti_sysbios_family_arm_m3_Hwi_nvic                           
00004261  ti_sysbios_family_arm_m3_Hwi_pendSV__I                      
000027f9  ti_sysbios_family_arm_m3_Hwi_postInit__I                    
0000682c  ti_sysbios_family_arm_m3_Hwi_priGroup__C                    
20000000  ti_sysbios_family_arm_m3_Hwi_ramVectors                     
00000000  ti_sysbios_family_arm_m3_Hwi_resetVectors                   
00004285  ti_sysbios_family_arm_m3_Hwi_return                         
00004c29  ti_sysbios_family_arm_m3_Hwi_startup__E                     
00004969  ti_sysbios_family_arm_m3_Hwi_switchFromBootStack__E         
0000205d  ti_sysbios_family_arm_m3_TaskSupport_Module__startupDone__S 
0000276d  ti_sysbios_family_arm_m3_TaskSupport_buildTaskStack         
00004b59  ti_sysbios_family_arm_m3_TaskSupport_checkStack__E          
00004a21  ti_sysbios_family_arm_m3_TaskSupport_glue                   
00003e81  ti_sysbios_family_arm_m3_TaskSupport_start__E               
0000482d  ti_sysbios_family_arm_m3_TaskSupport_swap__E                
20001008  ti_sysbios_family_arm_msp432_ClockFreqs_Module__state__V    
00004389  ti_sysbios_family_arm_msp432_ClockFreqs_setFrequency__E     
20000f80  ti_sysbios_family_arm_msp432_Timer_Module_State_0_device__A 
20000fec  ti_sysbios_family_arm_msp432_Timer_Module_State_0_handles__A
00004845  ti_sysbios_family_arm_msp432_Timer_Module__startupDone__F   
00004845  ti_sysbios_family_arm_msp432_Timer_Module__startupDone__S   
20001014  ti_sysbios_family_arm_msp432_Timer_Module__state__V         
00003991  ti_sysbios_family_arm_msp432_Timer_Module_startup__E        
20000d90  ti_sysbios_family_arm_msp432_Timer_Object__table__V         
00004b69  ti_sysbios_family_arm_msp432_Timer_getMaxTicks__E           
00003239  ti_sysbios_family_arm_msp432_Timer_initDevice__I            
00006830  ti_sysbios_family_arm_msp432_Timer_numTimerDevices__C       
00002289  ti_sysbios_family_arm_msp432_Timer_periodicStub__E          
000034c9  ti_sysbios_family_arm_msp432_Timer_postInit__I              
00003519  ti_sysbios_family_arm_msp432_Timer_start__E                 
00006834  ti_sysbios_family_arm_msp432_Timer_startupNeeded__C         
000039d1  ti_sysbios_family_arm_msp432_Timer_startup__E               
00003291  ti_sysbios_family_arm_msp432_init_Boot_configureClocksHigh  
00004a31  ti_sysbios_family_arm_msp432_init_Boot_disableWatchdog      
00004b0f  ti_sysbios_family_arm_msp432_init_Boot_init__I              
000045d9  ti_sysbios_family_xxx_Hwi_switchAndRunFunc                  
00004717  ti_sysbios_gates_GateHwi_Handle__label__S                   
00004c79  ti_sysbios_gates_GateHwi_Instance_init__E                   
000065c0  ti_sysbios_gates_GateHwi_Module__FXNS__C                    
20001034  ti_sysbios_gates_GateHwi_Module__root__V                    
00006674  ti_sysbios_gates_GateHwi_Object__DESC__C                    
00006754  ti_sysbios_gates_GateHwi_Object__PARAMS__C                  
00003eb1  ti_sysbios_gates_GateHwi_Object__create__S                  
00004519  ti_sysbios_gates_GateHwi_Object__delete__S                  
20001090  ti_sysbios_gates_GateHwi_Object__table__V                   
00004b79  ti_sysbios_gates_GateHwi_enter__E                           
00004c39  ti_sysbios_gates_GateHwi_leave__E                           
00004c59  ti_sysbios_gates_GateHwi_query__E                           
00004731  ti_sysbios_gates_GateMutex_Handle__label__S                 
00006838  ti_sysbios_gates_GateMutex_Instance_State_sem__O            
00004a41  ti_sysbios_gates_GateMutex_Instance_finalize__E             
00004619  ti_sysbios_gates_GateMutex_Instance_init__E                 
000065e4  ti_sysbios_gates_GateMutex_Module__FXNS__C                  
2000103c  ti_sysbios_gates_GateMutex_Module__root__V                  
00006694  ti_sysbios_gates_GateMutex_Object__DESC__C                  
0000676c  ti_sysbios_gates_GateMutex_Object__PARAMS__C                
00003ee1  ti_sysbios_gates_GateMutex_Object__create__S                
000043ad  ti_sysbios_gates_GateMutex_Object__delete__S                
20000e6c  ti_sysbios_gates_GateMutex_Object__table__V                 
00003f11  ti_sysbios_gates_GateMutex_enter__E                         
00004861  ti_sysbios_gates_GateMutex_leave__E                         
00004c61  ti_sysbios_gates_GateMutex_query__E                         
0000683c  ti_sysbios_hal_Hwi_E_stackOverflow__C                       
000046fd  ti_sysbios_hal_Hwi_HwiProxy_Handle__label__S                
00004815  ti_sysbios_hal_Hwi_HwiProxy_Module__startupDone__S          
00003659  ti_sysbios_hal_Hwi_HwiProxy_enableInterrupt__E              
00003779  ti_sysbios_hal_Hwi_HwiProxy_getStackInfo__E                 
00004c29  ti_sysbios_hal_Hwi_HwiProxy_startup__E                      
00004969  ti_sysbios_hal_Hwi_HwiProxy_switchFromBootStack__E          
[...]
00004799  xdc_runtime_System_aprintf__E                               
000047b3  xdc_runtime_System_printf__E                                
000047cd  WDT_A_holdTimer                                             
000047e5  _args_main                                                  
000047fd  ti_sysbios_BIOS_rtsUnlock__I                                
00004815  ti_sysbios_family_arm_m3_Hwi_Module__startupDone__F         
00004815  ti_sysbios_family_arm_m3_Hwi_Module__startupDone__S         
00004815  ti_sysbios_hal_Hwi_HwiProxy_Module__startupDone__S          
0000482d  ti_sysbios_family_arm_m3_TaskSupport_swap__E                
0000482d  ti_sysbios_knl_Task_SupportProxy_swap__E                    
00004839  ti_sysbios_knl_Task_swapReturn                              
00004845  ti_sysbios_family_arm_msp432_Timer_Module__startupDone__F   
00004845  ti_sysbios_family_arm_msp432_Timer_Module__startupDone__S   
00004845  ti_sysbios_knl_Clock_TimerProxy_Module__startupDone__S      
00004861  ti_sysbios_gates_GateMutex_leave__E                         
00004879  xdc_runtime_Error_check__E                                  
00004891  xdc_runtime_System_exit__E                                  
000048a9  xdc_runtime_Text_ropeText__E                                
000048c1  ti_sysbios_BIOS_exitFunc__I                                 
000048ed  Power_idleFunc                                              
00004901  WDT_A_startTimer                                            
00004915  _register_unlock                                            
0000491b  _register_lock                                              
00004923  _nop                                                        
00004929  strcpy                                                      
0000493d  strlen                                                      
00004951  ti_sysbios_family_arm_m3_Hwi_Object__get__S                 
00004969  ti_sysbios_family_arm_m3_Hwi_switchFromBootStack__E         
00004969  ti_sysbios_hal_Hwi_HwiProxy_switchFromBootStack__E          
0000497d  ti_sysbios_heaps_HeapMem_Object__get__S                     
00004991  ti_sysbios_knl_Swi_Object__get__S                           
000049a9  ti_sysbios_hal_Hwi_Module_startup__E                        
000049bb  xdc_runtime_Startup_exec__I                                 
000049cd  PCM_gotoLPM4                                                
000049e1  ti_sysbios_BIOS_exit__E                                     
000049f1  ti_sysbios_BIOS_setCpuFreq__E                               
00004a01  ti_sysbios_BIOS_setThreadType__E                            
00004a11  osi_start                                                   
00004a11  ti_sysbios_BIOS_start__E                                    
00004a21  ti_sysbios_family_arm_m3_TaskSupport_glue                   
00004a31  ti_sysbios_family_arm_msp432_init_Boot_disableWatchdog      
00004a41  ti_sysbios_gates_GateMutex_Instance_finalize__E             
00004a51  ti_sysbios_knl_Semaphore_Instance_finalize__E               
00004a61  ti_sysbios_knl_Swi_disable__E                               
00004a71  ti_sysbios_knl_Task_Object__get__S                          
00004a81  osi_TaskDisable                                             
00004a81  ti_sysbios_knl_Task_disable__E                              
00004a91  xdc_runtime_Gate_leaveSystem__E                             
00004aa1  xdc_runtime_Memory_free__E                                  
00004ab1  xdc_runtime_SysMin_ready__E                                 
00004ab1  xdc_runtime_System_SupportProxy_ready__E                    
00004ac1  xdc_runtime_System_vsnprintf__E                             
00004ad1  xdc_runtime_Text_visitRope__I                               
00004ae1  __TI_decompress_none                                        
00004af1  ti_sysbios_knl_Idle_loop__E                                 
00004b01  ti_sysbios_knl_Queue_empty__E                               
00004b0f  ti_sysbios_family_arm_msp432_init_Boot_init__I              
00004b0f  xdc_runtime_Startup_reset__I                                
00004b1b  CPU_cpsid                                                   
00004b27  CPU_cpsie                                                   
00004b35  PCM_getPowerState                                           
00004b41  Power_getConstraintMask                                     
00004b4d  __TI_zero_init                                              
00004b59  ti_sysbios_family_arm_m3_TaskSupport_checkStack__E          
00004b59  ti_sysbios_knl_Task_SupportProxy_checkStack__E              
00004b69  ti_sysbios_family_arm_msp432_Timer_getMaxTicks__E           
00004b79  ti_sysbios_gates_GateHwi_enter__E                           
00004b85  ti_sysbios_knl_Clock_Params__init__S                        
00004b91  ClockP_getSystemTicks                                       
00004b91  ti_sysbios_knl_Clock_getTicks__E                            
00004ba9  ti_sysbios_knl_Queue_Object__get__S                         
00004bb5  xdc_runtime_Error_init__E                                   
00004bc1  xdc_runtime_Gate_enterSystem__E                             
00004bcd  xdc_runtime_Memory_calloc__E                                
00004bd9  xdc_runtime_Memory_getMaxDefaultTypeAlign__E                
00004be5  xdc_runtime_Startup_rtsDone__E                              
00004bf1  xdc_runtime_Memory_HeapProxy_alloc__E                       
00004bfb  xdc_runtime_Memory_HeapProxy_free__E                        
00004c05  MSP_EXP432P401R_initGeneral                                 
00004c0d  PCM_setPowerMode                                            
00004c15  PCM_setPowerState                                           
00004c21  ti_sysbios_family_arm_m3_Hwi_doSwiRestore__I                
00004c29  ti_sysbios_family_arm_m3_Hwi_startup__E                     
00004c29  ti_sysbios_hal_Hwi_HwiProxy_startup__E                      
00004c31  ti_sysbios_family_arm_m3_Hwi_doTaskRestore__I               
00004c39  ti_sysbios_gates_GateHwi_leave__E                           
00004c41  ti_sysbios_heaps_HeapMem_isBlocking__E                      
00004c49  ti_sysbios_knl_Queue_Instance_init__E                       
00004c51  ti_sysbios_knl_Swi_startup__E                               
00004c59  ti_sysbios_gates_GateHwi_query__E                           
00004c59  xdc_runtime_Main_Module_GateProxy_query__E                  
00004c59  xdc_runtime_System_Module_GateProxy_query__E                
00004c61  ti_sysbios_BIOS_RtsGateProxy_query__E                       
00004c61  ti_sysbios_gates_GateMutex_query__E                         
00004c61  ti_sysbios_heaps_HeapMem_Module_GateProxy_query__E          
00004c69  ti_sysbios_knl_Task_startup__E                              
00004c71  ti_sysbios_BIOS_linkedWithIncorrectBootLibrary__E           
00004c79  ti_sysbios_gates_GateHwi_Instance_init__E                   
00004c81  ti_sysbios_knl_Clock_logTick__E                             
00004c84  xdc_runtime_Text_charTab__A                                 
0000649f  xdc_runtime_Error_policy__C                                 
000064a0  xdc_runtime_Text_nodeTab__A                                 
00006598  ti_sysbios_heaps_HeapMem_Module__FXNS__C                    
000065c0  ti_sysbios_gates_GateHwi_Module__FXNS__C                    
000065e4  ti_sysbios_gates_GateMutex_Module__FXNS__C                  
00006608  ti_sysbios_heaps_HeapMem_Object__PARAMS__C                  
0000662c  ti_sysbios_knl_Clock_Object__PARAMS__C                      
00006650  ti_sysbios_knl_Semaphore_Object__PARAMS__C                  
00006674  ti_sysbios_gates_GateHwi_Object__DESC__C                    
00006694  ti_sysbios_gates_GateMutex_Object__DESC__C                  
000066b4  ti_sysbios_heaps_HeapMem_Object__DESC__C                    
000066d4  ti_sysbios_knl_Clock_Object__DESC__C                        
000066f4  ti_sysbios_knl_Queue_Object__DESC__C                        
00006714  ti_sysbios_knl_Semaphore_Object__DESC__C                    
00006734  xdc_runtime_Startup_sfxnTab__A                              
00006754  ti_sysbios_gates_GateHwi_Object__PARAMS__C                  
0000676c  ti_sysbios_gates_GateMutex_Object__PARAMS__C                
00006784  ti_sysbios_knl_Queue_Object__PARAMS__C                      
0000679c  PowerMSP432_config                                          
000067ac  xdc_runtime_Startup_sfxnRts__A                              
000067bc  xdc_runtime_Startup_firstFxns__A                            
000067c8  ti_sysbios_family_arm_m3_Hwi_excHookFuncs__A                
000067d0  ti_sysbios_knl_Idle_funcList__A                             
000067d8  ti_sysbios_knl_Idle_funcList__C                             
000067e0  xdc_runtime_Startup_firstFxns__C                            
000067e8  xdc_runtime_Startup_lastFxns__C                             
000067f0  ti_sysbios_family_arm_m3_Hwi_E_NMI__C                       
000067f4  ti_sysbios_family_arm_m3_Hwi_E_busFault__C                  
000067f8  ti_sysbios_family_arm_m3_Hwi_E_debugMon__C                  
000067fc  ti_sysbios_family_arm_m3_Hwi_E_hardFault__C                 
00006800  ti_sysbios_family_arm_m3_Hwi_E_memFault__C                  
00006804  ti_sysbios_family_arm_m3_Hwi_E_noIsr__C                     
00006808  ti_sysbios_family_arm_m3_Hwi_E_reserved__C                  
0000680c  ti_sysbios_family_arm_m3_Hwi_E_svCall__C                    
00006810  ti_sysbios_family_arm_m3_Hwi_E_usageFault__C                
00006814  ti_sysbios_family_arm_m3_Hwi_NUM_INTERRUPTS__C              
00006818  ti_sysbios_family_arm_m3_Hwi_Object__count__C               
0000681c  ti_sysbios_family_arm_m3_Hwi_ccr__C                         
00006820  ti_sysbios_family_arm_m3_Hwi_excHandlerFunc__C              
00006824  ti_sysbios_family_arm_m3_Hwi_excHookFuncs__C                
00006828  ti_sysbios_family_arm_m3_Hwi_nullIsrFunc__C                 
0000682c  ti_sysbios_family_arm_m3_Hwi_priGroup__C                    
00006830  ti_sysbios_family_arm_msp432_Timer_numTimerDevices__C       
00006834  ti_sysbios_family_arm_msp432_Timer_startupNeeded__C         
00006838  ti_sysbios_gates_GateMutex_Instance_State_sem__O            
0000683c  ti_sysbios_hal_Hwi_E_stackOverflow__C                       
00006840  ti_sysbios_heaps_HeapMem_E_memory__C                        
00006844  ti_sysbios_heaps_HeapMem_Module__gateObj__C                 
00006848  ti_sysbios_heaps_HeapMem_Object__count__C                   
0000684c  ti_sysbios_heaps_HeapMem_reqAlign__C                        
00006850  ti_sysbios_knl_Clock_Module_State_clockQ__O                 
00006854  ti_sysbios_knl_Clock_tickPeriod__C                          
00006858  ti_sysbios_knl_Semaphore_Instance_State_pendQ__O            
0000685c  ti_sysbios_knl_Swi_Object__count__C                         
00006860  ti_sysbios_knl_Task_E_spOutOfBounds__C                      
00006864  ti_sysbios_knl_Task_E_stackOverflow__C                      
00006868  ti_sysbios_knl_Task_Module_State_inactiveQ__O               
0000686c  ti_sysbios_knl_Task_Object__count__C                        
00006870  ti_sysbios_knl_Task_allBlockedFunc__C                       
00006874  ti_sysbios_knl_Task_numConstructedTasks__C                  
00006878  xdc_runtime_Assert_E_assertFailed__C                        
0000687c  xdc_runtime_Core_A_initializedParams__C                     
00006880  xdc_runtime_Core_Module__diagsEnabled__C                    
00006884  xdc_runtime_Core_Module__diagsIncluded__C                   
00006888  xdc_runtime_Core_Module__diagsMask__C                       
0000688c  xdc_runtime_Error_E_memory__C                               
00006890  xdc_runtime_Error_Module__diagsEnabled__C                   
00006894  xdc_runtime_Error_Module__diagsIncluded__C                  
00006898  xdc_runtime_Error_Module__diagsMask__C                      
0000689c  xdc_runtime_Error_Module__loggerFxn8__C                     
000068a0  xdc_runtime_Error_Module__loggerObj__C                      
000068a4  xdc_runtime_Error_policyFxn__C                              
000068a8  xdc_runtime_Error_raiseHook__C                              
000068ac  xdc_runtime_IGateProvider_Interface__BASE__C                
000068b0  xdc_runtime_IHeap_Interface__BASE__C                        
000068b4  xdc_runtime_IModule_Interface__BASE__C                      
000068b8  xdc_runtime_Log_L_error__C                                  
000068bc  xdc_runtime_Memory_defaultHeapInstance__C                   
000068c0  xdc_runtime_Startup_execImpl__C                             
000068c4  xdc_runtime_Startup_maxPasses__C                            
000068c8  xdc_runtime_Startup_sfxnRts__C                              
000068cc  xdc_runtime_Startup_sfxnTab__C                              
000068d0  xdc_runtime_SysMin_bufSize__C                               
000068d4  xdc_runtime_SysMin_outputFunc__C                            
000068d8  xdc_runtime_System_Module__gateObj__C                       
000068dc  xdc_runtime_System_abortFxn__C                              
000068e0  xdc_runtime_System_exitFxn__C                               
000068e4  xdc_runtime_System_extendFxn__C                             
000068e8  xdc_runtime_System_maxAtexitHandlers__C                     
000068ec  xdc_runtime_Text_charTab__C                                 
000068f0  xdc_runtime_Text_nameEmpty__C                               
000068f4  xdc_runtime_Text_nameStatic__C                              
000068f8  xdc_runtime_Text_nameUnknown__C                             
000068fc  xdc_runtime_Text_nodeTab__C                                 
00006900  xdc_runtime_Text_visitRopeFxn__C                            
00006904  ti_sysbios_family_arm_m3_Hwi_Module__id__C                  
00006906  ti_sysbios_hal_Hwi_Module__id__C                            
00006908  ti_sysbios_heaps_HeapMem_Module__id__C                      
0000690a  ti_sysbios_knl_Task_Module__id__C                           
0000690c  xdc_runtime_Core_Module__id__C                              
0000690e  xdc_runtime_Error_Module__loggerDefined__C                  
00006910  xdc_runtime_Error_maxDepth__C                               
00006912  xdc_runtime_Memory_Module__id__C                            
00006914  xdc_runtime_SysMin_flushAtExit__C                           
00006916  xdc_runtime_Text_charCnt__C                                 
00006918  xdc_runtime_Text_isLoaded__C                                
0000691a  xdc_runtime_Text_registryModsLastId__C                      
0000691c  xdc_runtime_Text_unnamedModsLastId__C                       
00006920  __TI_static_base__                                          
00006b10  __TI_Handler_Table_Base                                     
00006b1c  __TI_Handler_Table_Limit                                    
00006b30  __TI_CINIT_Base                                             
00006b48  __TI_CINIT_Limit                                            
20000000  ti_sysbios_family_arm_m3_Hwi_ramVectors                     
20000140  ti_sysbios_heaps_HeapMem_Instance_State_0_buf__A            
20000540  ti_sysbios_knl_Task_Instance_State_0_stack__A               
20000740  xdc_runtime_SysMin_Module_State_0_outbuf__A                 
20000940  ti_sysbios_family_arm_m3_Hwi_dispatchTable                  
20000a80  __CIOBUF_                                                   
20000ba0  clk0Struct                                                  
20000bc4  clk1Struct                                                  
20000bf0  clk2Handle                                                  
20000bf4  PowerMSP432_perfLevels                                      
20000c90  ti_sysbios_knl_Swi_Module_State_0_readyQ__A                 
20000d10  ti_sysbios_knl_Task_Module_State_0_readyQ__A                
20000d90  ti_sysbios_family_arm_msp432_Timer_Object__table__V         
20000ddc  ti_sysbios_knl_Task_Object__table__V                        
20000e28  ti_sysbios_knl_Task_Module__state__V                        
20000e6c  ti_sysbios_gates_GateMutex_Object__table__V                 
20000ea4  ti_sysbios_family_arm_m3_Hwi_Module__state__V               
20000ed8  ti_sysbios_knl_Swi_Object__table__V                         
20000f08  ti_sysbios_knl_Clock_Module__state__V                       
20000f34  PowerMSP432_module                                          
20000f5c  ti_sysbios_BIOS_Module__state__V                            
20000f80  ti_sysbios_family_arm_msp432_Timer_Module_State_0_device__A 
20000fa0  ti_sysbios_knl_Swi_Module__state__V                         
20000fbc  ti_sysbios_family_arm_m3_Hwi_Object__table__V               
20000fd4  ti_sysbios_heaps_HeapMem_Object__table__V                   
20000fec  ti_sysbios_family_arm_msp432_Timer_Module_State_0_handles__A
20000ffc  __TI_cleanup_ptr                                            
20001000  __TI_dtors_ptr                                              
20001004  __TI_enable_exit_profile_output                             
20001008  ti_sysbios_family_arm_msp432_ClockFreqs_Module__state__V    
20001014  ti_sysbios_family_arm_msp432_Timer_Module__state__V         
20001020  xdc_runtime_SysMin_Module__state__V                         
2000102c  _lock                                                       
20001030  _unlock                                                     
20001034  ti_sysbios_gates_GateHwi_Module__root__V                    
2000103c  ti_sysbios_gates_GateMutex_Module__root__V                  
20001044  ti_sysbios_heaps_HeapMem_Module__root__V                    
2000104c  ti_sysbios_knl_Clock_Module__root__V                        
20001054  ti_sysbios_knl_Queue_Module__root__V                        
2000105c  ti_sysbios_knl_Semaphore_Module__root__V                    
20001064  xdc_runtime_Registry_Module__state__V                       
2000106c  xdc_runtime_Startup_Module__state__V                        
20001074  xdc_runtime_System_Module_State_0_atexitHandlers__A         
2000107c  xdc_runtime_System_Module__state__V                         
20001084  main_func_sp                                                
20001088  ti_sysbios_family_arm_m3_Hwi_Module_State_0_excContext__A   
2000108c  ti_sysbios_family_arm_m3_Hwi_Module_State_0_excStack__A     
20001090  ti_sysbios_gates_GateHwi_Object__table__V                   
20001094  ti_sysbios_knl_Task_Module_State_0_idleTask__A              
20001098  xdc_runtime_Memory_Module__state__V                         
2000109c  ti_sysbios_family_arm_m3_Hwi_Module_State_0_excActive__A    
2000109e  xdc_runtime_Error_Module__state__V                          
2000fd00  __stack                                                     
20010000  __STACK_END                                                 
4000480c  WDTCTL_SYM                                                  
e000e000  ti_sysbios_family_arm_m3_Hwi_nvic                           
ffffffff  __TI_pprof_out_hndl                                         
ffffffff  __TI_prof_data_size                                         
ffffffff  __TI_prof_data_start                                        
ffffffff  __binit__                                                   
ffffffff  __c_args__                                                  
ffffffff  binit                                                       
UNDEFED   SHT$$INIT_ARRAY$$Base                                       
UNDEFED   SHT$$INIT_ARRAY$$Limit                                      

[517 symbols]
