<?xml version="1.0"?>
<link_info>
   <banner>TI ARM Linker PC v16.9.3.LTS</banner>
   <copyright>Copyright (c) 1996-2017 Texas Instruments Incorporated</copyright>
   <link_time>0x59385b4c</link_time>
   <link_errors>0x0</link_errors>
   <output_file>ApplicationProcessor-MSP432.out</output_file>
   <entry_point>
      <name>_c_int00</name>
      <address>0x22b5</address>
   </entry_point>
   <input_file_list>
      <input_file id="fl-2">
         <path>.\</path>
         <kind>object</kind>
         <file>AP.obj</file>
         <name>AP.obj</name>
      </input_file>
      <input_file id="fl-3">
         <path>.\</path>
         <kind>object</kind>
         <file>ApplicationProcessor.obj</file>
         <name>ApplicationProcessor.obj</name>
      </input_file>
      <input_file id="fl-4">
         <path>.\</path>
         <kind>object</kind>
         <file>Clock.obj</file>
         <name>Clock.obj</name>
      </input_file>
      <input_file id="fl-5">
         <path>.\</path>
         <kind>object</kind>
         <file>CortexM.obj</file>
         <name>CortexM.obj</name>
      </input_file>
      <input_file id="fl-6">
         <path>.\</path>
         <kind>object</kind>
         <file>GPIO.obj</file>
         <name>GPIO.obj</name>
      </input_file>
      <input_file id="fl-7">
         <path>.\</path>
         <kind>object</kind>
         <file>LaunchPad.obj</file>
         <name>LaunchPad.obj</name>
      </input_file>
      <input_file id="fl-8">
         <path>.\</path>
         <kind>object</kind>
         <file>UART0.obj</file>
         <name>UART0.obj</name>
      </input_file>
      <input_file id="fl-9">
         <path>.\</path>
         <kind>object</kind>
         <file>UART1.obj</file>
         <name>UART1.obj</name>
      </input_file>
      <input_file id="fl-a">
         <path>.\</path>
         <kind>object</kind>
         <file>startup_msp432p401r_ccs.obj</file>
         <name>startup_msp432p401r_ccs.obj</name>
      </input_file>
      <input_file id="fl-b">
         <path>.\</path>
         <kind>object</kind>
         <file>system_msp432p401r.obj</file>
         <name>system_msp432p401r.obj</name>
      </input_file>
      <input_file id="fl-f">
         <kind>object</kind>
         <file>&lt;internal&gt;</file>
         <name>&lt;internal&gt;</name>
      </input_file>
      <input_file id="fl-c5">
         <path>C:\ti\ccsv7\tools\compiler\ti-cgt-arm_16.9.3.LTS\lib\</path>
         <kind>archive</kind>
         <file>rtsv7M4_T_le_v4SPD16_eabi.lib</file>
         <name>boot.obj</name>
      </input_file>
      <input_file id="fl-c6">
         <path>C:\ti\ccsv7\tools\compiler\ti-cgt-arm_16.9.3.LTS\lib\</path>
         <kind>archive</kind>
         <file>rtsv7M4_T_le_v4SPD16_eabi.lib</file>
         <name>copy_decompress_lzss.obj</name>
      </input_file>
      <input_file id="fl-c7">
         <path>C:\ti\ccsv7\tools\compiler\ti-cgt-arm_16.9.3.LTS\lib\</path>
         <kind>archive</kind>
         <file>rtsv7M4_T_le_v4SPD16_eabi.lib</file>
         <name>copy_decompress_none.obj</name>
      </input_file>
      <input_file id="fl-c8">
         <path>C:\ti\ccsv7\tools\compiler\ti-cgt-arm_16.9.3.LTS\lib\</path>
         <kind>archive</kind>
         <file>rtsv7M4_T_le_v4SPD16_eabi.lib</file>
         <name>copy_zero_init.obj</name>
      </input_file>
      <input_file id="fl-c9">
         <path>C:\ti\ccsv7\tools\compiler\ti-cgt-arm_16.9.3.LTS\lib\</path>
         <kind>archive</kind>
         <file>rtsv7M4_T_le_v4SPD16_eabi.lib</file>
         <name>exit.obj</name>
      </input_file>
      <input_file id="fl-ca">
         <path>C:\ti\ccsv7\tools\compiler\ti-cgt-arm_16.9.3.LTS\lib\</path>
         <kind>archive</kind>
         <file>rtsv7M4_T_le_v4SPD16_eabi.lib</file>
         <name>memcpy_t2.obj</name>
      </input_file>
      <input_file id="fl-cb">
         <path>C:\ti\ccsv7\tools\compiler\ti-cgt-arm_16.9.3.LTS\lib\</path>
         <kind>archive</kind>
         <file>rtsv7M4_T_le_v4SPD16_eabi.lib</file>
         <name>memset_t2.obj</name>
      </input_file>
      <input_file id="fl-cc">
         <path>C:\ti\ccsv7\tools\compiler\ti-cgt-arm_16.9.3.LTS\lib\</path>
         <kind>archive</kind>
         <file>rtsv7M4_T_le_v4SPD16_eabi.lib</file>
         <name>mpu_init.obj</name>
      </input_file>
      <input_file id="fl-cd">
         <path>C:\ti\ccsv7\tools\compiler\ti-cgt-arm_16.9.3.LTS\lib\</path>
         <kind>archive</kind>
         <file>rtsv7M4_T_le_v4SPD16_eabi.lib</file>
         <name>pre_init.obj</name>
      </input_file>
      <input_file id="fl-ce">
         <path>C:\ti\ccsv7\tools\compiler\ti-cgt-arm_16.9.3.LTS\lib\</path>
         <kind>archive</kind>
         <file>rtsv7M4_T_le_v4SPD16_eabi.lib</file>
         <name>stkdepth_vars.obj</name>
      </input_file>
      <input_file id="fl-cf">
         <path>C:\ti\ccsv7\tools\compiler\ti-cgt-arm_16.9.3.LTS\lib\</path>
         <kind>archive</kind>
         <file>rtsv7M4_T_le_v4SPD16_eabi.lib</file>
         <name>_lock.obj</name>
      </input_file>
      <input_file id="fl-d0">
         <path>C:\ti\ccsv7\tools\compiler\ti-cgt-arm_16.9.3.LTS\lib\</path>
         <kind>archive</kind>
         <file>rtsv7M4_T_le_v4SPD16_eabi.lib</file>
         <name>args_main.obj</name>
      </input_file>
      <input_file id="fl-d1">
         <path>C:\ti\ccsv7\tools\compiler\ti-cgt-arm_16.9.3.LTS\lib\</path>
         <kind>archive</kind>
         <file>rtsv7M4_T_le_v4SPD16_eabi.lib</file>
         <name>autoinit.obj</name>
      </input_file>
      <input_file id="fl-d2">
         <path>C:\ti\ccsv7\tools\compiler\ti-cgt-arm_16.9.3.LTS\lib\</path>
         <kind>archive</kind>
         <file>rtsv7M4_T_le_v4SPD16_eabi.lib</file>
         <name>cpy_tbl.obj</name>
      </input_file>
      <input_file id="fl-d3">
         <path>C:\ti\ccsv7\tools\compiler\ti-cgt-arm_16.9.3.LTS\lib\</path>
         <kind>archive</kind>
         <file>rtsv7M4_T_le_v4SPD16_eabi.lib</file>
         <name>startup.obj</name>
      </input_file>
   </input_file_list>
   <object_component_list>
      <object_component id="oc-2c">
         <name>.intvecs:retain</name>
         <load_address>0x0</load_address>
         <run_address>0x0</run_address>
         <size>0xe4</size>
         <input_file_ref idref="fl-a"/>
      </object_component>
      <object_component id="oc-ef">
         <name>.text</name>
         <load_address>0xe4</load_address>
         <run_address>0xe4</run_address>
         <size>0xfc0</size>
         <input_file_ref idref="fl-2"/>
      </object_component>
      <object_component id="oc-e3">
         <name>.text</name>
         <load_address>0x10a4</load_address>
         <run_address>0x10a4</run_address>
         <size>0x518</size>
         <input_file_ref idref="fl-8"/>
      </object_component>
      <object_component id="oc-bd">
         <name>.text</name>
         <load_address>0x15bc</load_address>
         <run_address>0x15bc</run_address>
         <size>0x32c</size>
         <input_file_ref idref="fl-b"/>
      </object_component>
      <object_component id="oc-aa">
         <name>.text</name>
         <load_address>0x18e8</load_address>
         <run_address>0x18e8</run_address>
         <size>0x328</size>
         <input_file_ref idref="fl-3"/>
      </object_component>
      <object_component id="oc-7b">
         <name>.text</name>
         <load_address>0x1c10</load_address>
         <run_address>0x1c10</run_address>
         <size>0x1a8</size>
         <input_file_ref idref="fl-9"/>
      </object_component>
      <object_component id="oc-fb">
         <name>.text</name>
         <load_address>0x1db8</load_address>
         <run_address>0x1db8</run_address>
         <size>0x180</size>
         <input_file_ref idref="fl-4"/>
      </object_component>
      <object_component id="oc-e9">
         <name>.text</name>
         <load_address>0x1f38</load_address>
         <run_address>0x1f38</run_address>
         <size>0xcc</size>
         <input_file_ref idref="fl-7"/>
      </object_component>
      <object_component id="oc-13b">
         <name>.text</name>
         <load_address>0x2004</load_address>
         <run_address>0x2004</run_address>
         <size>0xc0</size>
         <input_file_ref idref="fl-6"/>
      </object_component>
      <object_component id="oc-3b">
         <name>.text</name>
         <load_address>0x20c4</load_address>
         <run_address>0x20c4</run_address>
         <size>0x9c</size>
         <input_file_ref idref="fl-ca"/>
      </object_component>
      <object_component id="oc-47">
         <name>.text</name>
         <load_address>0x2160</load_address>
         <run_address>0x2160</run_address>
         <size>0x7a</size>
         <input_file_ref idref="fl-cb"/>
      </object_component>
      <object_component id="oc-53">
         <name>.text</name>
         <load_address>0x21da</load_address>
         <run_address>0x21da</run_address>
         <size>0x2</size>
         <input_file_ref idref="fl-cc"/>
      </object_component>
      <object_component id="oc-5f">
         <name>.text</name>
         <load_address>0x21dc</load_address>
         <run_address>0x21dc</run_address>
         <size>0x70</size>
         <input_file_ref idref="fl-d1"/>
      </object_component>
      <object_component id="oc-14">
         <name>.text:decompress:lzss</name>
         <load_address>0x224c</load_address>
         <run_address>0x224c</run_address>
         <size>0x68</size>
         <input_file_ref idref="fl-c6"/>
      </object_component>
      <object_component id="oc-26">
         <name>.text</name>
         <load_address>0x22b4</load_address>
         <run_address>0x22b4</run_address>
         <size>0x54</size>
         <input_file_ref idref="fl-c5"/>
      </object_component>
      <object_component id="oc-6b">
         <name>.text</name>
         <load_address>0x2308</load_address>
         <run_address>0x2308</run_address>
         <size>0x54</size>
         <input_file_ref idref="fl-c9"/>
      </object_component>
      <object_component id="oc-f5">
         <name>.text</name>
         <load_address>0x235c</load_address>
         <run_address>0x235c</run_address>
         <size>0x50</size>
         <input_file_ref idref="fl-5"/>
      </object_component>
      <object_component id="oc-9c">
         <name>.text</name>
         <load_address>0x23ac</load_address>
         <run_address>0x23ac</run_address>
         <size>0x4c</size>
         <input_file_ref idref="fl-d2"/>
      </object_component>
      <object_component id="oc-65">
         <name>.text</name>
         <load_address>0x23f8</load_address>
         <run_address>0x23f8</run_address>
         <size>0x18</size>
         <input_file_ref idref="fl-d0"/>
      </object_component>
      <object_component id="oc-112">
         <name>.text</name>
         <load_address>0x2410</load_address>
         <run_address>0x2410</run_address>
         <size>0x14</size>
         <input_file_ref idref="fl-cf"/>
      </object_component>
      <object_component id="oc-1a">
         <name>.text:decompress:none</name>
         <load_address>0x2424</load_address>
         <run_address>0x2424</run_address>
         <size>0xe</size>
         <input_file_ref idref="fl-c7"/>
      </object_component>
      <object_component id="oc-75">
         <name>.text</name>
         <load_address>0x2432</load_address>
         <run_address>0x2432</run_address>
         <size>0xe</size>
         <input_file_ref idref="fl-a"/>
      </object_component>
      <object_component id="oc-20">
         <name>.text:decompress:ZI</name>
         <load_address>0x2440</load_address>
         <run_address>0x2440</run_address>
         <size>0xc</size>
         <input_file_ref idref="fl-c8"/>
      </object_component>
      <object_component id="oc-59">
         <name>.text</name>
         <load_address>0x244c</load_address>
         <run_address>0x244c</run_address>
         <size>0x4</size>
         <input_file_ref idref="fl-cd"/>
      </object_component>
      <object_component id="oc-a2">
         <name>.text</name>
         <load_address>0x2450</load_address>
         <run_address>0x2450</run_address>
         <size>0x2</size>
         <input_file_ref idref="fl-d3"/>
      </object_component>
      <object_component id="oc-167">
         <name>.const:.string:NPI_StartAdvertisement</name>
         <load_address>0x2452</load_address>
         <run_address>0x2452</run_address>
         <size>0x14</size>
         <input_file_ref idref="fl-2"/>
      </object_component>
      <object_component id="oc-161">
         <name>.const:.string:NPI_SetAdvertisement1</name>
         <load_address>0x2466</load_address>
         <run_address>0x2466</run_address>
         <size>0x11</size>
         <input_file_ref idref="fl-2"/>
      </object_component>
      <object_component id="oc-146">
         <name>.const:.string:HCI_EXT_ResetSystemCmd</name>
         <load_address>0x2477</load_address>
         <run_address>0x2477</run_address>
         <size>0x9</size>
         <input_file_ref idref="fl-2"/>
      </object_component>
      <object_component id="oc-16a">
         <name>.const:.string:NPI_GetStatus</name>
         <load_address>0x2480</load_address>
         <run_address>0x2480</run_address>
         <size>0x6</size>
         <input_file_ref idref="fl-2"/>
      </object_component>
      <object_component id="oc-16d">
         <name>.const:.string:NPI_GetVersion</name>
         <load_address>0x2486</load_address>
         <run_address>0x2486</run_address>
         <size>0x6</size>
         <input_file_ref idref="fl-2"/>
      </object_component>
      <object_component id="oc-14e">
         <name>.const:.string:NPI_Register</name>
         <load_address>0x248c</load_address>
         <run_address>0x248c</run_address>
         <size>0x6</size>
         <input_file_ref idref="fl-2"/>
      </object_component>
      <object_component id="oc-1d9">
         <name>.cinit..data.load</name>
         <load_address>0x2498</load_address>
         <run_address>0x2498</run_address>
         <size>0xb0</size>
      </object_component>
      <object_component id="oc-1d7">
         <name>__TI_handler_table</name>
         <load_address>0x2548</load_address>
         <run_address>0x2548</run_address>
         <size>0xc</size>
      </object_component>
      <object_component id="oc-1da">
         <name>.cinit..bss.load</name>
         <load_address>0x2558</load_address>
         <run_address>0x2558</run_address>
         <size>0x8</size>
      </object_component>
      <object_component id="oc-1d8">
         <name>__TI_cinit_table</name>
         <load_address>0x2560</load_address>
         <run_address>0x2560</run_address>
         <size>0x10</size>
      </object_component>
      <object_component id="oc-1b4">
         <name>.binit</name>
         <load_address>0x0</load_address>
         <run_address>0x0</run_address>
         <size>0x0</size>
      </object_component>
      <object_component id="oc-14b">
         <name>.data:NPI_AddService</name>
         <load_address>0x20000364</load_address>
         <run_address>0x20000364</run_address>
         <size>0x9</size>
         <input_file_ref idref="fl-2"/>
      </object_component>
      <object_component id="oc-15e">
         <name>.data:NPI_GATTSetDeviceName</name>
         <load_address>0x200002e9</load_address>
         <run_address>0x200002e9</run_address>
         <size>0x1c</size>
         <input_file_ref idref="fl-2"/>
      </object_component>
      <object_component id="oc-164">
         <name>.data:NPI_SetAdvertisementData</name>
         <load_address>0x200002a4</load_address>
         <run_address>0x200002a4</run_address>
         <size>0x25</size>
         <input_file_ref idref="fl-2"/>
      </object_component>
      <object_component id="oc-173">
         <name>.data:NPI_ReadConfirmation</name>
         <load_address>0x20000320</load_address>
         <run_address>0x20000320</run_address>
         <size>0x15</size>
         <input_file_ref idref="fl-2"/>
      </object_component>
      <object_component id="oc-170">
         <name>.data:NPI_WriteConfirmation</name>
         <load_address>0x20000376</load_address>
         <run_address>0x20000376</run_address>
         <size>0x9</size>
         <input_file_ref idref="fl-2"/>
      </object_component>
      <object_component id="oc-176">
         <name>.data:NPI_CCCDUpdatedConfirmation</name>
         <load_address>0x2000036d</load_address>
         <run_address>0x2000036d</run_address>
         <size>0x9</size>
         <input_file_ref idref="fl-2"/>
      </object_component>
      <object_component id="oc-15b">
         <name>.data:NPI_SendNotificationIndication</name>
         <load_address>0x20000335</load_address>
         <run_address>0x20000335</run_address>
         <size>0x14</size>
         <input_file_ref idref="fl-2"/>
      </object_component>
      <object_component id="oc-154">
         <name>.data:NPI_AddCharValue</name>
         <load_address>0x20000349</load_address>
         <run_address>0x20000349</run_address>
         <size>0xe</size>
         <input_file_ref idref="fl-2"/>
      </object_component>
      <object_component id="oc-157">
         <name>.data:NPI_AddCharDescriptor</name>
         <load_address>0x200002c9</load_address>
         <run_address>0x200002c9</run_address>
         <size>0x20</size>
         <input_file_ref idref="fl-2"/>
      </object_component>
      <object_component id="oc-151">
         <name>.data</name>
         <load_address>0x20000388</load_address>
         <run_address>0x20000388</run_address>
         <size>0x8</size>
         <input_file_ref idref="fl-2"/>
      </object_component>
      <object_component id="oc-17b">
         <name>.data</name>
         <load_address>0x20000308</load_address>
         <run_address>0x20000308</run_address>
         <size>0x18</size>
         <input_file_ref idref="fl-4"/>
      </object_component>
      <object_component id="oc-11e">
         <name>.data</name>
         <load_address>0x20000394</load_address>
         <run_address>0x20000394</run_address>
         <size>0x4</size>
         <input_file_ref idref="fl-b"/>
      </object_component>
      <object_component id="oc-b2">
         <name>.data:$O1$$</name>
         <load_address>0x20000358</load_address>
         <run_address>0x20000358</run_address>
         <size>0xc</size>
         <input_file_ref idref="fl-c9"/>
      </object_component>
      <object_component id="oc-71">
         <name>.data</name>
         <load_address>0x20000390</load_address>
         <run_address>0x20000390</run_address>
         <size>0x4</size>
         <input_file_ref idref="fl-ce"/>
      </object_component>
      <object_component id="oc-b5">
         <name>.data:$O1$$</name>
         <load_address>0x20000380</load_address>
         <run_address>0x20000380</run_address>
         <size>0x8</size>
         <input_file_ref idref="fl-cf"/>
      </object_component>
      <object_component id="oc-145">
         <name>.common:RecvBuf</name>
         <uninitialized>true</uninitialized>
         <run_address>0x200001a0</run_address>
         <size>0x80</size>
      </object_component>
      <object_component id="oc-141">
         <name>.common:fcserr</name>
         <uninitialized>true</uninitialized>
         <run_address>0x20000298</run_address>
         <size>0x4</size>
      </object_component>
      <object_component id="oc-149">
         <name>.common:TimeOutErr</name>
         <uninitialized>true</uninitialized>
         <run_address>0x20000290</run_address>
         <size>0x4</size>
      </object_component>
      <object_component id="oc-144">
         <name>.common:NoSOFErr</name>
         <uninitialized>true</uninitialized>
         <run_address>0x2000027c</run_address>
         <size>0x4</size>
      </object_component>
      <object_component id="oc-15a">
         <name>.common:CharacteristicList</name>
         <uninitialized>true</uninitialized>
         <run_address>0x20000100</run_address>
         <size>0xa0</size>
      </object_component>
      <object_component id="oc-14a">
         <name>.common:NotifyCharacteristicList</name>
         <uninitialized>true</uninitialized>
         <run_address>0x20000220</run_address>
         <size>0x50</size>
      </object_component>
      <object_component id="oc-101">
         <name>.common:ByteData</name>
         <uninitialized>true</uninitialized>
         <run_address>0x200002a0</run_address>
         <size>0x1</size>
      </object_component>
      <object_component id="oc-104">
         <name>.common:HalfWordData</name>
         <uninitialized>true</uninitialized>
         <run_address>0x2000029c</run_address>
         <size>0x2</size>
      </object_component>
      <object_component id="oc-105">
         <name>.common:WordData</name>
         <uninitialized>true</uninitialized>
         <run_address>0x20000294</run_address>
         <size>0x4</size>
      </object_component>
      <object_component id="oc-106">
         <name>.common:Switch1</name>
         <uninitialized>true</uninitialized>
         <run_address>0x2000029e</run_address>
         <size>0x2</size>
      </object_component>
      <object_component id="oc-107">
         <name>.common:Switch2</name>
         <uninitialized>true</uninitialized>
         <run_address>0x2000028c</run_address>
         <size>0x4</size>
      </object_component>
      <object_component id="oc-138">
         <name>.common:Messageindexb</name>
         <uninitialized>true</uninitialized>
         <run_address>0x20000278</run_address>
         <size>0x4</size>
      </object_component>
      <object_component id="oc-135">
         <name>.common:Messageb</name>
         <uninitialized>true</uninitialized>
         <run_address>0x20000270</run_address>
         <size>0x8</size>
      </object_component>
      <object_component id="oc-c4">
         <name>.common:RxPutI</name>
         <uninitialized>true</uninitialized>
         <run_address>0x20000288</run_address>
         <size>0x4</size>
      </object_component>
      <object_component id="oc-c7">
         <name>.common:RxGetI</name>
         <uninitialized>true</uninitialized>
         <run_address>0x20000284</run_address>
         <size>0x4</size>
      </object_component>
      <object_component id="oc-c8">
         <name>.common:RxFifoLost</name>
         <uninitialized>true</uninitialized>
         <run_address>0x20000280</run_address>
         <size>0x4</size>
      </object_component>
      <object_component id="oc-c9">
         <name>.common:RxFIFO</name>
         <uninitialized>true</uninitialized>
         <run_address>0x20000000</run_address>
         <size>0x100</size>
      </object_component>
      <object_component id="oc-2f">
         <name>.stack</name>
         <uninitialized>true</uninitialized>
         <run_address>0x2000fe00</run_address>
         <size>0x0</size>
         <input_file_ref idref="fl-c5"/>
      </object_component>
      <object_component id="oc-1db">
         <name>.stack</name>
         <uninitialized>true</uninitialized>
         <run_address>0x2000fe00</run_address>
         <size>0x0</size>
      </object_component>
      <object_component id="oc-142">
         <name>.debug_info</name>
         <load_address>0x0</load_address>
         <run_address>0x0</run_address>
         <size>0x83f</size>
         <input_file_ref idref="fl-2"/>
      </object_component>
      <object_component id="oc-147">
         <name>.debug_info</name>
         <load_address>0x83f</load_address>
         <run_address>0x83f</run_address>
         <size>0x123</size>
         <input_file_ref idref="fl-2"/>
      </object_component>
      <object_component id="oc-16b">
         <name>.debug_info</name>
         <load_address>0x962</load_address>
         <run_address>0x962</run_address>
         <size>0x111</size>
         <input_file_ref idref="fl-2"/>
      </object_component>
      <object_component id="oc-16e">
         <name>.debug_info</name>
         <load_address>0xa73</load_address>
         <run_address>0xa73</run_address>
         <size>0x113</size>
         <input_file_ref idref="fl-2"/>
      </object_component>
      <object_component id="oc-14c">
         <name>.debug_info</name>
         <load_address>0xb86</load_address>
         <run_address>0xb86</run_address>
         <size>0x113</size>
         <input_file_ref idref="fl-2"/>
      </object_component>
      <object_component id="oc-14f">
         <name>.debug_info</name>
         <load_address>0xc99</load_address>
         <run_address>0xc99</run_address>
         <size>0x10f</size>
         <input_file_ref idref="fl-2"/>
      </object_component>
      <object_component id="oc-162">
         <name>.debug_info</name>
         <load_address>0xda8</load_address>
         <run_address>0xda8</run_address>
         <size>0x121</size>
         <input_file_ref idref="fl-2"/>
      </object_component>
      <object_component id="oc-15f">
         <name>.debug_info</name>
         <load_address>0xec9</load_address>
         <run_address>0xec9</run_address>
         <size>0x121</size>
         <input_file_ref idref="fl-2"/>
      </object_component>
      <object_component id="oc-165">
         <name>.debug_info</name>
         <load_address>0xfea</load_address>
         <run_address>0xfea</run_address>
         <size>0x127</size>
         <input_file_ref idref="fl-2"/>
      </object_component>
      <object_component id="oc-168">
         <name>.debug_info</name>
         <load_address>0x1111</load_address>
         <run_address>0x1111</run_address>
         <size>0x123</size>
         <input_file_ref idref="fl-2"/>
      </object_component>
      <object_component id="oc-174">
         <name>.debug_info</name>
         <load_address>0x1234</load_address>
         <run_address>0x1234</run_address>
         <size>0x11f</size>
         <input_file_ref idref="fl-2"/>
      </object_component>
      <object_component id="oc-171">
         <name>.debug_info</name>
         <load_address>0x1353</load_address>
         <run_address>0x1353</run_address>
         <size>0x121</size>
         <input_file_ref idref="fl-2"/>
      </object_component>
      <object_component id="oc-177">
         <name>.debug_info</name>
         <load_address>0x1474</load_address>
         <run_address>0x1474</run_address>
         <size>0x12d</size>
         <input_file_ref idref="fl-2"/>
      </object_component>
      <object_component id="oc-15c">
         <name>.debug_info</name>
         <load_address>0x15a1</load_address>
         <run_address>0x15a1</run_address>
         <size>0x133</size>
         <input_file_ref idref="fl-2"/>
      </object_component>
      <object_component id="oc-155">
         <name>.debug_info</name>
         <load_address>0x16d4</load_address>
         <run_address>0x16d4</run_address>
         <size>0x117</size>
         <input_file_ref idref="fl-2"/>
      </object_component>
      <object_component id="oc-158">
         <name>.debug_info</name>
         <load_address>0x17eb</load_address>
         <run_address>0x17eb</run_address>
         <size>0x121</size>
         <input_file_ref idref="fl-2"/>
      </object_component>
      <object_component id="oc-152">
         <name>.debug_info</name>
         <load_address>0x190c</load_address>
         <run_address>0x190c</run_address>
         <size>0x162</size>
         <input_file_ref idref="fl-2"/>
      </object_component>
      <object_component id="oc-f0">
         <name>.debug_info</name>
         <load_address>0x1a6e</load_address>
         <run_address>0x1a6e</run_address>
         <size>0x1a9f</size>
         <input_file_ref idref="fl-2"/>
      </object_component>
      <object_component id="oc-124">
         <name>.debug_info</name>
         <load_address>0x350d</load_address>
         <run_address>0x350d</run_address>
         <size>0x1055</size>
         <input_file_ref idref="fl-2"/>
      </object_component>
      <object_component id="oc-18b">
         <name>.debug_info</name>
         <load_address>0x4562</load_address>
         <run_address>0x4562</run_address>
         <size>0x155</size>
         <input_file_ref idref="fl-2"/>
      </object_component>
      <object_component id="oc-36">
         <name>.debug_info</name>
         <load_address>0x46b7</load_address>
         <run_address>0x46b7</run_address>
         <size>0x84</size>
         <input_file_ref idref="fl-2"/>
      </object_component>
      <object_component id="oc-cb">
         <name>.debug_info</name>
         <load_address>0x473b</load_address>
         <run_address>0x473b</run_address>
         <size>0x18b</size>
         <input_file_ref idref="fl-2"/>
      </object_component>
      <object_component id="oc-102">
         <name>.debug_info</name>
         <load_address>0x48c6</load_address>
         <run_address>0x48c6</run_address>
         <size>0x6fd</size>
         <input_file_ref idref="fl-3"/>
      </object_component>
      <object_component id="oc-ab">
         <name>.debug_info</name>
         <load_address>0x4fc3</load_address>
         <run_address>0x4fc3</run_address>
         <size>0x824</size>
         <input_file_ref idref="fl-3"/>
      </object_component>
      <object_component id="oc-17c">
         <name>.debug_info</name>
         <load_address>0x57e7</load_address>
         <run_address>0x57e7</run_address>
         <size>0x1bc</size>
         <input_file_ref idref="fl-4"/>
      </object_component>
      <object_component id="oc-fc">
         <name>.debug_info</name>
         <load_address>0x59a3</load_address>
         <run_address>0x59a3</run_address>
         <size>0x233</size>
         <input_file_ref idref="fl-4"/>
      </object_component>
      <object_component id="oc-f6">
         <name>.debug_info</name>
         <load_address>0x5bd6</load_address>
         <run_address>0x5bd6</run_address>
         <size>0x5a0</size>
         <input_file_ref idref="fl-5"/>
      </object_component>
      <object_component id="oc-13c">
         <name>.debug_info</name>
         <load_address>0x6176</load_address>
         <run_address>0x6176</run_address>
         <size>0x181</size>
         <input_file_ref idref="fl-6"/>
      </object_component>
      <object_component id="oc-ea">
         <name>.debug_info</name>
         <load_address>0x62f7</load_address>
         <run_address>0x62f7</run_address>
         <size>0x311</size>
         <input_file_ref idref="fl-7"/>
      </object_component>
      <object_component id="oc-136">
         <name>.debug_info</name>
         <load_address>0x6608</load_address>
         <run_address>0x6608</run_address>
         <size>0x51c</size>
         <input_file_ref idref="fl-8"/>
      </object_component>
      <object_component id="oc-e4">
         <name>.debug_info</name>
         <load_address>0x6b24</load_address>
         <run_address>0x6b24</run_address>
         <size>0x106d</size>
         <input_file_ref idref="fl-8"/>
      </object_component>
      <object_component id="oc-c5">
         <name>.debug_info</name>
         <load_address>0x7b91</load_address>
         <run_address>0x7b91</run_address>
         <size>0x54d</size>
         <input_file_ref idref="fl-9"/>
      </object_component>
      <object_component id="oc-7c">
         <name>.debug_info</name>
         <load_address>0x80de</load_address>
         <run_address>0x80de</run_address>
         <size>0x7fb</size>
         <input_file_ref idref="fl-9"/>
      </object_component>
      <object_component id="oc-83">
         <name>.debug_info</name>
         <load_address>0x88d9</load_address>
         <run_address>0x88d9</run_address>
         <size>0x2c8</size>
         <input_file_ref idref="fl-a"/>
      </object_component>
      <object_component id="oc-2d">
         <name>.debug_info</name>
         <load_address>0x8ba1</load_address>
         <run_address>0x8ba1</run_address>
         <size>0x106</size>
         <input_file_ref idref="fl-a"/>
      </object_component>
      <object_component id="oc-76">
         <name>.debug_info</name>
         <load_address>0x8ca7</load_address>
         <run_address>0x8ca7</run_address>
         <size>0x1cd</size>
         <input_file_ref idref="fl-a"/>
      </object_component>
      <object_component id="oc-11f">
         <name>.debug_info</name>
         <load_address>0x8e74</load_address>
         <run_address>0x8e74</run_address>
         <size>0xff</size>
         <input_file_ref idref="fl-b"/>
      </object_component>
      <object_component id="oc-be">
         <name>.debug_info</name>
         <load_address>0x8f73</load_address>
         <run_address>0x8f73</run_address>
         <size>0x271</size>
         <input_file_ref idref="fl-b"/>
      </object_component>
      <object_component id="oc-27">
         <name>.debug_info</name>
         <load_address>0x91e4</load_address>
         <run_address>0x91e4</run_address>
         <size>0x160</size>
         <input_file_ref idref="fl-c5"/>
      </object_component>
      <object_component id="oc-89">
         <name>.debug_info</name>
         <load_address>0x9344</load_address>
         <run_address>0x9344</run_address>
         <size>0x293</size>
         <input_file_ref idref="fl-c6"/>
      </object_component>
      <object_component id="oc-18">
         <name>.debug_info</name>
         <load_address>0x95d7</load_address>
         <run_address>0x95d7</run_address>
         <size>0x245</size>
         <input_file_ref idref="fl-c6"/>
      </object_component>
      <object_component id="oc-31">
         <name>.debug_info</name>
         <load_address>0x981c</load_address>
         <run_address>0x981c</run_address>
         <size>0x60</size>
         <input_file_ref idref="fl-c6"/>
      </object_component>
      <object_component id="oc-84">
         <name>.debug_info</name>
         <load_address>0x987c</load_address>
         <run_address>0x987c</run_address>
         <size>0x46</size>
         <input_file_ref idref="fl-c6"/>
      </object_component>
      <object_component id="oc-46">
         <name>.debug_info</name>
         <load_address>0x98c2</load_address>
         <run_address>0x98c2</run_address>
         <size>0x2da</size>
         <input_file_ref idref="fl-c7"/>
      </object_component>
      <object_component id="oc-1e">
         <name>.debug_info</name>
         <load_address>0x9b9c</load_address>
         <run_address>0x9b9c</run_address>
         <size>0x1df</size>
         <input_file_ref idref="fl-c7"/>
      </object_component>
      <object_component id="oc-41">
         <name>.debug_info</name>
         <load_address>0x9d7b</load_address>
         <run_address>0x9d7b</run_address>
         <size>0x46</size>
         <input_file_ref idref="fl-c7"/>
      </object_component>
      <object_component id="oc-8b">
         <name>.debug_info</name>
         <load_address>0x9dc1</load_address>
         <run_address>0x9dc1</run_address>
         <size>0x2c</size>
         <input_file_ref idref="fl-c7"/>
      </object_component>
      <object_component id="oc-52">
         <name>.debug_info</name>
         <load_address>0x9ded</load_address>
         <run_address>0x9ded</run_address>
         <size>0x2c9</size>
         <input_file_ref idref="fl-c8"/>
      </object_component>
      <object_component id="oc-23">
         <name>.debug_info</name>
         <load_address>0xa0b6</load_address>
         <run_address>0xa0b6</run_address>
         <size>0x1aa</size>
         <input_file_ref idref="fl-c8"/>
      </object_component>
      <object_component id="oc-4d">
         <name>.debug_info</name>
         <load_address>0xa260</load_address>
         <run_address>0xa260</run_address>
         <size>0x46</size>
         <input_file_ref idref="fl-c8"/>
      </object_component>
      <object_component id="oc-93">
         <name>.debug_info</name>
         <load_address>0xa2a6</load_address>
         <run_address>0xa2a6</run_address>
         <size>0x2c</size>
         <input_file_ref idref="fl-c8"/>
      </object_component>
      <object_component id="oc-b9">
         <name>.debug_info</name>
         <load_address>0xa2d2</load_address>
         <run_address>0xa2d2</run_address>
         <size>0x3ce</size>
         <input_file_ref idref="fl-c9"/>
      </object_component>
      <object_component id="oc-b3">
         <name>.debug_info</name>
         <load_address>0xa6a0</load_address>
         <run_address>0xa6a0</run_address>
         <size>0x185</size>
         <input_file_ref idref="fl-c9"/>
      </object_component>
      <object_component id="oc-6f">
         <name>.debug_info</name>
         <load_address>0xa825</load_address>
         <run_address>0xa825</run_address>
         <size>0x214</size>
         <input_file_ref idref="fl-c9"/>
      </object_component>
      <object_component id="oc-3d">
         <name>.debug_info</name>
         <load_address>0xaa39</load_address>
         <run_address>0xaa39</run_address>
         <size>0x111</size>
         <input_file_ref idref="fl-ca"/>
      </object_component>
      <object_component id="oc-49">
         <name>.debug_info</name>
         <load_address>0xab4a</load_address>
         <run_address>0xab4a</run_address>
         <size>0x13f</size>
         <input_file_ref idref="fl-cb"/>
      </object_component>
      <object_component id="oc-56">
         <name>.debug_info</name>
         <load_address>0xac89</load_address>
         <run_address>0xac89</run_address>
         <size>0x138</size>
         <input_file_ref idref="fl-cc"/>
      </object_component>
      <object_component id="oc-5c">
         <name>.debug_info</name>
         <load_address>0xadc1</load_address>
         <run_address>0xadc1</run_address>
         <size>0x148</size>
         <input_file_ref idref="fl-cd"/>
      </object_component>
      <object_component id="oc-72">
         <name>.debug_info</name>
         <load_address>0xaf09</load_address>
         <run_address>0xaf09</run_address>
         <size>0x109</size>
         <input_file_ref idref="fl-ce"/>
      </object_component>
      <object_component id="oc-11a">
         <name>.debug_info</name>
         <load_address>0xb012</load_address>
         <run_address>0xb012</run_address>
         <size>0x2be</size>
         <input_file_ref idref="fl-cf"/>
      </object_component>
      <object_component id="oc-b6">
         <name>.debug_info</name>
         <load_address>0xb2d0</load_address>
         <run_address>0xb2d0</run_address>
         <size>0x113</size>
         <input_file_ref idref="fl-cf"/>
      </object_component>
      <object_component id="oc-113">
         <name>.debug_info</name>
         <load_address>0xb3e3</load_address>
         <run_address>0xb3e3</run_address>
         <size>0x21f</size>
         <input_file_ref idref="fl-cf"/>
      </object_component>
      <object_component id="oc-b1">
         <name>.debug_info</name>
         <load_address>0xb602</load_address>
         <run_address>0xb602</run_address>
         <size>0x300</size>
         <input_file_ref idref="fl-d0"/>
      </object_component>
      <object_component id="oc-66">
         <name>.debug_info</name>
         <load_address>0xb902</load_address>
         <run_address>0xb902</run_address>
         <size>0x167</size>
         <input_file_ref idref="fl-d0"/>
      </object_component>
      <object_component id="oc-10b">
         <name>.debug_info</name>
         <load_address>0xba69</load_address>
         <run_address>0xba69</run_address>
         <size>0x5e</size>
         <input_file_ref idref="fl-d0"/>
      </object_component>
      <object_component id="oc-a9">
         <name>.debug_info</name>
         <load_address>0xbac7</load_address>
         <run_address>0xbac7</run_address>
         <size>0x483</size>
         <input_file_ref idref="fl-d1"/>
      </object_component>
      <object_component id="oc-60">
         <name>.debug_info</name>
         <load_address>0xbf4a</load_address>
         <run_address>0xbf4a</run_address>
         <size>0x190</size>
         <input_file_ref idref="fl-d1"/>
      </object_component>
      <object_component id="oc-d9">
         <name>.debug_info</name>
         <load_address>0xc0da</load_address>
         <run_address>0xc0da</run_address>
         <size>0x39</size>
         <input_file_ref idref="fl-d1"/>
      </object_component>
      <object_component id="oc-130">
         <name>.debug_info</name>
         <load_address>0xc113</load_address>
         <run_address>0xc113</run_address>
         <size>0x39</size>
         <input_file_ref idref="fl-d1"/>
      </object_component>
      <object_component id="oc-de">
         <name>.debug_info</name>
         <load_address>0xc14c</load_address>
         <run_address>0xc14c</run_address>
         <size>0xcd</size>
         <input_file_ref idref="fl-d1"/>
      </object_component>
      <object_component id="oc-d5">
         <name>.debug_info</name>
         <load_address>0xc219</load_address>
         <run_address>0xc219</run_address>
         <size>0x37a</size>
         <input_file_ref idref="fl-d2"/>
      </object_component>
      <object_component id="oc-9d">
         <name>.debug_info</name>
         <load_address>0xc593</load_address>
         <run_address>0xc593</run_address>
         <size>0x183</size>
         <input_file_ref idref="fl-d2"/>
      </object_component>
      <object_component id="oc-12b">
         <name>.debug_info</name>
         <load_address>0xc716</load_address>
         <run_address>0xc716</run_address>
         <size>0x2c</size>
         <input_file_ref idref="fl-d2"/>
      </object_component>
      <object_component id="oc-a6">
         <name>.debug_info</name>
         <load_address>0xc742</load_address>
         <run_address>0xc742</run_address>
         <size>0x145</size>
         <input_file_ref idref="fl-d3"/>
      </object_component>
      <object_component id="oc-1dc">
         <name>.debug_info</name>
         <load_address>0xc887</load_address>
         <run_address>0xc887</run_address>
         <size>0xb5</size>
      </object_component>
      <object_component id="oc-18a">
         <name>.debug_line</name>
         <load_address>0x0</load_address>
         <run_address>0x0</run_address>
         <size>0x13e</size>
         <input_file_ref idref="fl-2"/>
      </object_component>
      <object_component id="oc-191">
         <name>.debug_line</name>
         <load_address>0x13e</load_address>
         <run_address>0x13e</run_address>
         <size>0x51</size>
         <input_file_ref idref="fl-2"/>
      </object_component>
      <object_component id="oc-1a7">
         <name>.debug_line</name>
         <load_address>0x18f</load_address>
         <run_address>0x18f</run_address>
         <size>0x51</size>
         <input_file_ref idref="fl-2"/>
      </object_component>
      <object_component id="oc-1a9">
         <name>.debug_line</name>
         <load_address>0x1e0</load_address>
         <run_address>0x1e0</run_address>
         <size>0x51</size>
         <input_file_ref idref="fl-2"/>
      </object_component>
      <object_component id="oc-193">
         <name>.debug_line</name>
         <load_address>0x231</load_address>
         <run_address>0x231</run_address>
         <size>0x51</size>
         <input_file_ref idref="fl-2"/>
      </object_component>
      <object_component id="oc-195">
         <name>.debug_line</name>
         <load_address>0x282</load_address>
         <run_address>0x282</run_address>
         <size>0x51</size>
         <input_file_ref idref="fl-2"/>
      </object_component>
      <object_component id="oc-1a1">
         <name>.debug_line</name>
         <load_address>0x2d3</load_address>
         <run_address>0x2d3</run_address>
         <size>0x51</size>
         <input_file_ref idref="fl-2"/>
      </object_component>
      <object_component id="oc-19f">
         <name>.debug_line</name>
         <load_address>0x324</load_address>
         <run_address>0x324</run_address>
         <size>0x51</size>
         <input_file_ref idref="fl-2"/>
      </object_component>
      <object_component id="oc-1a3">
         <name>.debug_line</name>
         <load_address>0x375</load_address>
         <run_address>0x375</run_address>
         <size>0x51</size>
         <input_file_ref idref="fl-2"/>
      </object_component>
      <object_component id="oc-1a5">
         <name>.debug_line</name>
         <load_address>0x3c6</load_address>
         <run_address>0x3c6</run_address>
         <size>0x51</size>
         <input_file_ref idref="fl-2"/>
      </object_component>
      <object_component id="oc-1ad">
         <name>.debug_line</name>
         <load_address>0x417</load_address>
         <run_address>0x417</run_address>
         <size>0x51</size>
         <input_file_ref idref="fl-2"/>
      </object_component>
      <object_component id="oc-1ab">
         <name>.debug_line</name>
         <load_address>0x468</load_address>
         <run_address>0x468</run_address>
         <size>0x51</size>
         <input_file_ref idref="fl-2"/>
      </object_component>
      <object_component id="oc-1af">
         <name>.debug_line</name>
         <load_address>0x4b9</load_address>
         <run_address>0x4b9</run_address>
         <size>0x51</size>
         <input_file_ref idref="fl-2"/>
      </object_component>
      <object_component id="oc-19d">
         <name>.debug_line</name>
         <load_address>0x50a</load_address>
         <run_address>0x50a</run_address>
         <size>0x51</size>
         <input_file_ref idref="fl-2"/>
      </object_component>
      <object_component id="oc-199">
         <name>.debug_line</name>
         <load_address>0x55b</load_address>
         <run_address>0x55b</run_address>
         <size>0x51</size>
         <input_file_ref idref="fl-2"/>
      </object_component>
      <object_component id="oc-19b">
         <name>.debug_line</name>
         <load_address>0x5ac</load_address>
         <run_address>0x5ac</run_address>
         <size>0x51</size>
         <input_file_ref idref="fl-2"/>
      </object_component>
      <object_component id="oc-197">
         <name>.debug_line</name>
         <load_address>0x5fd</load_address>
         <run_address>0x5fd</run_address>
         <size>0x51</size>
         <input_file_ref idref="fl-2"/>
      </object_component>
      <object_component id="oc-f3">
         <name>.debug_line</name>
         <load_address>0x64e</load_address>
         <run_address>0x64e</run_address>
         <size>0x5b4</size>
         <input_file_ref idref="fl-2"/>
      </object_component>
      <object_component id="oc-127">
         <name>.debug_line</name>
         <load_address>0xc02</load_address>
         <run_address>0xc02</run_address>
         <size>0x55</size>
         <input_file_ref idref="fl-2"/>
      </object_component>
      <object_component id="oc-18e">
         <name>.debug_line</name>
         <load_address>0xc57</load_address>
         <run_address>0xc57</run_address>
         <size>0x51</size>
         <input_file_ref idref="fl-2"/>
      </object_component>
      <object_component id="oc-39">
         <name>.debug_line</name>
         <load_address>0xca8</load_address>
         <run_address>0xca8</run_address>
         <size>0x20</size>
         <input_file_ref idref="fl-2"/>
      </object_component>
      <object_component id="oc-ce">
         <name>.debug_line</name>
         <load_address>0xcc8</load_address>
         <run_address>0xcc8</run_address>
         <size>0x65</size>
         <input_file_ref idref="fl-2"/>
      </object_component>
      <object_component id="oc-180">
         <name>.debug_line</name>
         <load_address>0xd2d</load_address>
         <run_address>0xd2d</run_address>
         <size>0xa9</size>
         <input_file_ref idref="fl-3"/>
      </object_component>
      <object_component id="oc-ae">
         <name>.debug_line</name>
         <load_address>0xdd6</load_address>
         <run_address>0xdd6</run_address>
         <size>0x149</size>
         <input_file_ref idref="fl-3"/>
      </object_component>
      <object_component id="oc-1b1">
         <name>.debug_line</name>
         <load_address>0xf1f</load_address>
         <run_address>0xf1f</run_address>
         <size>0x54</size>
         <input_file_ref idref="fl-4"/>
      </object_component>
      <object_component id="oc-ff">
         <name>.debug_line</name>
         <load_address>0xf73</load_address>
         <run_address>0xf73</run_address>
         <size>0xc2</size>
         <input_file_ref idref="fl-4"/>
      </object_component>
      <object_component id="oc-f9">
         <name>.debug_line</name>
         <load_address>0x1035</load_address>
         <run_address>0x1035</run_address>
         <size>0x110</size>
         <input_file_ref idref="fl-5"/>
      </object_component>
      <object_component id="oc-13f">
         <name>.debug_line</name>
         <load_address>0x1145</load_address>
         <run_address>0x1145</run_address>
         <size>0x78</size>
         <input_file_ref idref="fl-6"/>
      </object_component>
      <object_component id="oc-ed">
         <name>.debug_line</name>
         <load_address>0x11bd</load_address>
         <run_address>0x11bd</run_address>
         <size>0xac</size>
         <input_file_ref idref="fl-7"/>
      </object_component>
      <object_component id="oc-187">
         <name>.debug_line</name>
         <load_address>0x1269</load_address>
         <run_address>0x1269</run_address>
         <size>0x54</size>
         <input_file_ref idref="fl-8"/>
      </object_component>
      <object_component id="oc-e7">
         <name>.debug_line</name>
         <load_address>0x12bd</load_address>
         <run_address>0x12bd</run_address>
         <size>0x378</size>
         <input_file_ref idref="fl-8"/>
      </object_component>
      <object_component id="oc-123">
         <name>.debug_line</name>
         <load_address>0x1635</load_address>
         <run_address>0x1635</run_address>
         <size>0x54</size>
         <input_file_ref idref="fl-9"/>
      </object_component>
      <object_component id="oc-7f">
         <name>.debug_line</name>
         <load_address>0x1689</load_address>
         <run_address>0x1689</run_address>
         <size>0x191</size>
         <input_file_ref idref="fl-9"/>
      </object_component>
      <object_component id="oc-d1">
         <name>.debug_line</name>
         <load_address>0x181a</load_address>
         <run_address>0x181a</run_address>
         <size>0x40</size>
         <input_file_ref idref="fl-a"/>
      </object_component>
      <object_component id="oc-82">
         <name>.debug_line</name>
         <load_address>0x185a</load_address>
         <run_address>0x185a</run_address>
         <size>0x40</size>
         <input_file_ref idref="fl-a"/>
      </object_component>
      <object_component id="oc-79">
         <name>.debug_line</name>
         <load_address>0x189a</load_address>
         <run_address>0x189a</run_address>
         <size>0x71</size>
         <input_file_ref idref="fl-a"/>
      </object_component>
      <object_component id="oc-185">
         <name>.debug_line</name>
         <load_address>0x190b</load_address>
         <run_address>0x190b</run_address>
         <size>0x3b</size>
         <input_file_ref idref="fl-b"/>
      </object_component>
      <object_component id="oc-c1">
         <name>.debug_line</name>
         <load_address>0x1946</load_address>
         <run_address>0x1946</run_address>
         <size>0x146</size>
         <input_file_ref idref="fl-b"/>
      </object_component>
      <object_component id="oc-2a">
         <name>.debug_line</name>
         <load_address>0x1a8c</load_address>
         <run_address>0x1a8c</run_address>
         <size>0x53</size>
         <input_file_ref idref="fl-c5"/>
      </object_component>
      <object_component id="oc-d3">
         <name>.debug_line</name>
         <load_address>0x1adf</load_address>
         <run_address>0x1adf</run_address>
         <size>0x20</size>
         <input_file_ref idref="fl-c6"/>
      </object_component>
      <object_component id="oc-16">
         <name>.debug_line</name>
         <load_address>0x1aff</load_address>
         <run_address>0x1aff</run_address>
         <size>0xa9</size>
         <input_file_ref idref="fl-c6"/>
      </object_component>
      <object_component id="oc-34">
         <name>.debug_line</name>
         <load_address>0x1ba8</load_address>
         <run_address>0x1ba8</run_address>
         <size>0x3a</size>
         <input_file_ref idref="fl-c6"/>
      </object_component>
      <object_component id="oc-87">
         <name>.debug_line</name>
         <load_address>0x1be2</load_address>
         <run_address>0x1be2</run_address>
         <size>0x8a</size>
         <input_file_ref idref="fl-c6"/>
      </object_component>
      <object_component id="oc-91">
         <name>.debug_line</name>
         <load_address>0x1c6c</load_address>
         <run_address>0x1c6c</run_address>
         <size>0x8a</size>
         <input_file_ref idref="fl-c7"/>
      </object_component>
      <object_component id="oc-1c">
         <name>.debug_line</name>
         <load_address>0x1cf6</load_address>
         <run_address>0x1cf6</run_address>
         <size>0x55</size>
         <input_file_ref idref="fl-c7"/>
      </object_component>
      <object_component id="oc-44">
         <name>.debug_line</name>
         <load_address>0x1d4b</load_address>
         <run_address>0x1d4b</run_address>
         <size>0x3a</size>
         <input_file_ref idref="fl-c7"/>
      </object_component>
      <object_component id="oc-8e">
         <name>.debug_line</name>
         <load_address>0x1d85</load_address>
         <run_address>0x1d85</run_address>
         <size>0x8a</size>
         <input_file_ref idref="fl-c7"/>
      </object_component>
      <object_component id="oc-99">
         <name>.debug_line</name>
         <load_address>0x1e0f</load_address>
         <run_address>0x1e0f</run_address>
         <size>0x8a</size>
         <input_file_ref idref="fl-c8"/>
      </object_component>
      <object_component id="oc-22">
         <name>.debug_line</name>
         <load_address>0x1e99</load_address>
         <run_address>0x1e99</run_address>
         <size>0x4f</size>
         <input_file_ref idref="fl-c8"/>
      </object_component>
      <object_component id="oc-50">
         <name>.debug_line</name>
         <load_address>0x1ee8</load_address>
         <run_address>0x1ee8</run_address>
         <size>0x34</size>
         <input_file_ref idref="fl-c8"/>
      </object_component>
      <object_component id="oc-96">
         <name>.debug_line</name>
         <load_address>0x1f1c</load_address>
         <run_address>0x1f1c</run_address>
         <size>0x8a</size>
         <input_file_ref idref="fl-c8"/>
      </object_component>
      <object_component id="oc-11d">
         <name>.debug_line</name>
         <load_address>0x1fa6</load_address>
         <run_address>0x1fa6</run_address>
         <size>0xf2</size>
         <input_file_ref idref="fl-c9"/>
      </object_component>
      <object_component id="oc-111">
         <name>.debug_line</name>
         <load_address>0x2098</load_address>
         <run_address>0x2098</run_address>
         <size>0x2a</size>
         <input_file_ref idref="fl-c9"/>
      </object_component>
      <object_component id="oc-6e">
         <name>.debug_line</name>
         <load_address>0x20c2</load_address>
         <run_address>0x20c2</run_address>
         <size>0x86</size>
         <input_file_ref idref="fl-c9"/>
      </object_component>
      <object_component id="oc-3c">
         <name>.debug_line</name>
         <load_address>0x2148</load_address>
         <run_address>0x2148</run_address>
         <size>0x88</size>
         <input_file_ref idref="fl-ca"/>
      </object_component>
      <object_component id="oc-48">
         <name>.debug_line</name>
         <load_address>0x21d0</load_address>
         <run_address>0x21d0</run_address>
         <size>0x79</size>
         <input_file_ref idref="fl-cb"/>
      </object_component>
      <object_component id="oc-55">
         <name>.debug_line</name>
         <load_address>0x2249</load_address>
         <run_address>0x2249</run_address>
         <size>0x3d</size>
         <input_file_ref idref="fl-cc"/>
      </object_component>
      <object_component id="oc-5e">
         <name>.debug_line</name>
         <load_address>0x2286</load_address>
         <run_address>0x2286</run_address>
         <size>0x40</size>
         <input_file_ref idref="fl-cd"/>
      </object_component>
      <object_component id="oc-bc">
         <name>.debug_line</name>
         <load_address>0x22c6</load_address>
         <run_address>0x22c6</run_address>
         <size>0x33</size>
         <input_file_ref idref="fl-ce"/>
      </object_component>
      <object_component id="oc-183">
         <name>.debug_line</name>
         <load_address>0x22f9</load_address>
         <run_address>0x22f9</run_address>
         <size>0x20</size>
         <input_file_ref idref="fl-cf"/>
      </object_component>
      <object_component id="oc-119">
         <name>.debug_line</name>
         <load_address>0x2319</load_address>
         <run_address>0x2319</run_address>
         <size>0x2b</size>
         <input_file_ref idref="fl-cf"/>
      </object_component>
      <object_component id="oc-116">
         <name>.debug_line</name>
         <load_address>0x2344</load_address>
         <run_address>0x2344</run_address>
         <size>0x68</size>
         <input_file_ref idref="fl-cf"/>
      </object_component>
      <object_component id="oc-10a">
         <name>.debug_line</name>
         <load_address>0x23ac</load_address>
         <run_address>0x23ac</run_address>
         <size>0x2b</size>
         <input_file_ref idref="fl-d0"/>
      </object_component>
      <object_component id="oc-69">
         <name>.debug_line</name>
         <load_address>0x23d7</load_address>
         <run_address>0x23d7</run_address>
         <size>0x4a</size>
         <input_file_ref idref="fl-d0"/>
      </object_component>
      <object_component id="oc-10e">
         <name>.debug_line</name>
         <load_address>0x2421</load_address>
         <run_address>0x2421</run_address>
         <size>0x2b</size>
         <input_file_ref idref="fl-d0"/>
      </object_component>
      <object_component id="oc-d8">
         <name>.debug_line</name>
         <load_address>0x244c</load_address>
         <run_address>0x244c</run_address>
         <size>0xa9</size>
         <input_file_ref idref="fl-d1"/>
      </object_component>
      <object_component id="oc-63">
         <name>.debug_line</name>
         <load_address>0x24f5</load_address>
         <run_address>0x24f5</run_address>
         <size>0x8b</size>
         <input_file_ref idref="fl-d1"/>
      </object_component>
      <object_component id="oc-dc">
         <name>.debug_line</name>
         <load_address>0x2580</load_address>
         <run_address>0x2580</run_address>
         <size>0x2e</size>
         <input_file_ref idref="fl-d1"/>
      </object_component>
      <object_component id="oc-133">
         <name>.debug_line</name>
         <load_address>0x25ae</load_address>
         <run_address>0x25ae</run_address>
         <size>0x8a</size>
         <input_file_ref idref="fl-d1"/>
      </object_component>
      <object_component id="oc-e1">
         <name>.debug_line</name>
         <load_address>0x2638</load_address>
         <run_address>0x2638</run_address>
         <size>0x8b</size>
         <input_file_ref idref="fl-d1"/>
      </object_component>
      <object_component id="oc-12a">
         <name>.debug_line</name>
         <load_address>0x26c3</load_address>
         <run_address>0x26c3</run_address>
         <size>0x98</size>
         <input_file_ref idref="fl-d2"/>
      </object_component>
      <object_component id="oc-a0">
         <name>.debug_line</name>
         <load_address>0x275b</load_address>
         <run_address>0x275b</run_address>
         <size>0x68</size>
         <input_file_ref idref="fl-d2"/>
      </object_component>
      <object_component id="oc-12e">
         <name>.debug_line</name>
         <load_address>0x27c3</load_address>
         <run_address>0x27c3</run_address>
         <size>0x2e</size>
         <input_file_ref idref="fl-d2"/>
      </object_component>
      <object_component id="oc-a3">
         <name>.debug_line</name>
         <load_address>0x27f1</load_address>
         <run_address>0x27f1</run_address>
         <size>0x3c</size>
         <input_file_ref idref="fl-d3"/>
      </object_component>
      <object_component id="oc-f4">
         <name>.debug_frame</name>
         <load_address>0x0</load_address>
         <run_address>0x0</run_address>
         <size>0x240</size>
         <input_file_ref idref="fl-2"/>
      </object_component>
      <object_component id="oc-af">
         <name>.debug_frame</name>
         <load_address>0x240</load_address>
         <run_address>0x240</run_address>
         <size>0x106</size>
         <input_file_ref idref="fl-3"/>
      </object_component>
      <object_component id="oc-100">
         <name>.debug_frame</name>
         <load_address>0x346</load_address>
         <run_address>0x346</run_address>
         <size>0x63</size>
         <input_file_ref idref="fl-4"/>
      </object_component>
      <object_component id="oc-fa">
         <name>.debug_frame</name>
         <load_address>0x3a9</load_address>
         <run_address>0x3a9</run_address>
         <size>0xc4</size>
         <input_file_ref idref="fl-5"/>
      </object_component>
      <object_component id="oc-140">
         <name>.debug_frame</name>
         <load_address>0x46d</load_address>
         <run_address>0x46d</run_address>
         <size>0x52</size>
         <input_file_ref idref="fl-6"/>
      </object_component>
      <object_component id="oc-ee">
         <name>.debug_frame</name>
         <load_address>0x4bf</load_address>
         <run_address>0x4bf</run_address>
         <size>0x79</size>
         <input_file_ref idref="fl-7"/>
      </object_component>
      <object_component id="oc-e8">
         <name>.debug_frame</name>
         <load_address>0x538</load_address>
         <run_address>0x538</run_address>
         <size>0x1d8</size>
         <input_file_ref idref="fl-8"/>
      </object_component>
      <object_component id="oc-80">
         <name>.debug_frame</name>
         <load_address>0x710</load_address>
         <run_address>0x710</run_address>
         <size>0x118</size>
         <input_file_ref idref="fl-9"/>
      </object_component>
      <object_component id="oc-7a">
         <name>.debug_frame</name>
         <load_address>0x828</load_address>
         <run_address>0x828</run_address>
         <size>0x69</size>
         <input_file_ref idref="fl-a"/>
      </object_component>
      <object_component id="oc-c2">
         <name>.debug_frame</name>
         <load_address>0x891</load_address>
         <run_address>0x891</run_address>
         <size>0x6a</size>
         <input_file_ref idref="fl-b"/>
      </object_component>
      <object_component id="oc-17">
         <name>.debug_frame</name>
         <load_address>0x8fb</load_address>
         <run_address>0x8fb</run_address>
         <size>0x60</size>
         <input_file_ref idref="fl-c6"/>
      </object_component>
      <object_component id="oc-1d">
         <name>.debug_frame</name>
         <load_address>0x95b</load_address>
         <run_address>0x95b</run_address>
         <size>0x51</size>
         <input_file_ref idref="fl-c7"/>
      </object_component>
      <object_component id="oc-21">
         <name>.debug_frame</name>
         <load_address>0x9ac</load_address>
         <run_address>0x9ac</run_address>
         <size>0x51</size>
         <input_file_ref idref="fl-c8"/>
      </object_component>
      <object_component id="oc-6d">
         <name>.debug_frame</name>
         <load_address>0x9fd</load_address>
         <run_address>0x9fd</run_address>
         <size>0x85</size>
         <input_file_ref idref="fl-c9"/>
      </object_component>
      <object_component id="oc-54">
         <name>.debug_frame</name>
         <load_address>0xa82</load_address>
         <run_address>0xa82</run_address>
         <size>0x51</size>
         <input_file_ref idref="fl-cc"/>
      </object_component>
      <object_component id="oc-5b">
         <name>.debug_frame</name>
         <load_address>0xad3</load_address>
         <run_address>0xad3</run_address>
         <size>0x51</size>
         <input_file_ref idref="fl-cd"/>
      </object_component>
      <object_component id="oc-117">
         <name>.debug_frame</name>
         <load_address>0xb24</load_address>
         <run_address>0xb24</run_address>
         <size>0x73</size>
         <input_file_ref idref="fl-cf"/>
      </object_component>
      <object_component id="oc-6a">
         <name>.debug_frame</name>
         <load_address>0xb97</load_address>
         <run_address>0xb97</run_address>
         <size>0x51</size>
         <input_file_ref idref="fl-d0"/>
      </object_component>
      <object_component id="oc-64">
         <name>.debug_frame</name>
         <load_address>0xbe8</load_address>
         <run_address>0xbe8</run_address>
         <size>0x5c</size>
         <input_file_ref idref="fl-d1"/>
      </object_component>
      <object_component id="oc-a1">
         <name>.debug_frame</name>
         <load_address>0xc44</load_address>
         <run_address>0xc44</run_address>
         <size>0x60</size>
         <input_file_ref idref="fl-d2"/>
      </object_component>
      <object_component id="oc-a5">
         <name>.debug_frame</name>
         <load_address>0xca4</load_address>
         <run_address>0xca4</run_address>
         <size>0x51</size>
         <input_file_ref idref="fl-d3"/>
      </object_component>
      <object_component id="oc-189">
         <name>.debug_abbrev</name>
         <load_address>0x0</load_address>
         <run_address>0x0</run_address>
         <size>0x111</size>
         <input_file_ref idref="fl-2"/>
      </object_component>
      <object_component id="oc-190">
         <name>.debug_abbrev</name>
         <load_address>0x111</load_address>
         <run_address>0x111</run_address>
         <size>0x29</size>
         <input_file_ref idref="fl-2"/>
      </object_component>
      <object_component id="oc-1a6">
         <name>.debug_abbrev</name>
         <load_address>0x13a</load_address>
         <run_address>0x13a</run_address>
         <size>0x29</size>
         <input_file_ref idref="fl-2"/>
      </object_component>
      <object_component id="oc-1a8">
         <name>.debug_abbrev</name>
         <load_address>0x163</load_address>
         <run_address>0x163</run_address>
         <size>0x29</size>
         <input_file_ref idref="fl-2"/>
      </object_component>
      <object_component id="oc-192">
         <name>.debug_abbrev</name>
         <load_address>0x18c</load_address>
         <run_address>0x18c</run_address>
         <size>0x29</size>
         <input_file_ref idref="fl-2"/>
      </object_component>
      <object_component id="oc-194">
         <name>.debug_abbrev</name>
         <load_address>0x1b5</load_address>
         <run_address>0x1b5</run_address>
         <size>0x29</size>
         <input_file_ref idref="fl-2"/>
      </object_component>
      <object_component id="oc-1a0">
         <name>.debug_abbrev</name>
         <load_address>0x1de</load_address>
         <run_address>0x1de</run_address>
         <size>0x29</size>
         <input_file_ref idref="fl-2"/>
      </object_component>
      <object_component id="oc-19e">
         <name>.debug_abbrev</name>
         <load_address>0x207</load_address>
         <run_address>0x207</run_address>
         <size>0x29</size>
         <input_file_ref idref="fl-2"/>
      </object_component>
      <object_component id="oc-1a2">
         <name>.debug_abbrev</name>
         <load_address>0x230</load_address>
         <run_address>0x230</run_address>
         <size>0x29</size>
         <input_file_ref idref="fl-2"/>
      </object_component>
      <object_component id="oc-1a4">
         <name>.debug_abbrev</name>
         <load_address>0x259</load_address>
         <run_address>0x259</run_address>
         <size>0x29</size>
         <input_file_ref idref="fl-2"/>
      </object_component>
      <object_component id="oc-1ac">
         <name>.debug_abbrev</name>
         <load_address>0x282</load_address>
         <run_address>0x282</run_address>
         <size>0x29</size>
         <input_file_ref idref="fl-2"/>
      </object_component>
      <object_component id="oc-1aa">
         <name>.debug_abbrev</name>
         <load_address>0x2ab</load_address>
         <run_address>0x2ab</run_address>
         <size>0x29</size>
         <input_file_ref idref="fl-2"/>
      </object_component>
      <object_component id="oc-1ae">
         <name>.debug_abbrev</name>
         <load_address>0x2d4</load_address>
         <run_address>0x2d4</run_address>
         <size>0x29</size>
         <input_file_ref idref="fl-2"/>
      </object_component>
      <object_component id="oc-19c">
         <name>.debug_abbrev</name>
         <load_address>0x2fd</load_address>
         <run_address>0x2fd</run_address>
         <size>0x29</size>
         <input_file_ref idref="fl-2"/>
      </object_component>
      <object_component id="oc-198">
         <name>.debug_abbrev</name>
         <load_address>0x326</load_address>
         <run_address>0x326</run_address>
         <size>0x29</size>
         <input_file_ref idref="fl-2"/>
      </object_component>
      <object_component id="oc-19a">
         <name>.debug_abbrev</name>
         <load_address>0x34f</load_address>
         <run_address>0x34f</run_address>
         <size>0x29</size>
         <input_file_ref idref="fl-2"/>
      </object_component>
      <object_component id="oc-196">
         <name>.debug_abbrev</name>
         <load_address>0x378</load_address>
         <run_address>0x378</run_address>
         <size>0x29</size>
         <input_file_ref idref="fl-2"/>
      </object_component>
      <object_component id="oc-179">
         <name>.debug_abbrev</name>
         <load_address>0x3a1</load_address>
         <run_address>0x3a1</run_address>
         <size>0x11f</size>
         <input_file_ref idref="fl-2"/>
      </object_component>
      <object_component id="oc-126">
         <name>.debug_abbrev</name>
         <load_address>0x4c0</load_address>
         <run_address>0x4c0</run_address>
         <size>0x97</size>
         <input_file_ref idref="fl-2"/>
      </object_component>
      <object_component id="oc-18d">
         <name>.debug_abbrev</name>
         <load_address>0x557</load_address>
         <run_address>0x557</run_address>
         <size>0x4b</size>
         <input_file_ref idref="fl-2"/>
      </object_component>
      <object_component id="oc-38">
         <name>.debug_abbrev</name>
         <load_address>0x5a2</load_address>
         <run_address>0x5a2</run_address>
         <size>0x1f</size>
         <input_file_ref idref="fl-2"/>
      </object_component>
      <object_component id="oc-cd">
         <name>.debug_abbrev</name>
         <load_address>0x5c1</load_address>
         <run_address>0x5c1</run_address>
         <size>0x35</size>
         <input_file_ref idref="fl-2"/>
      </object_component>
      <object_component id="oc-17f">
         <name>.debug_abbrev</name>
         <load_address>0x5f6</load_address>
         <run_address>0x5f6</run_address>
         <size>0xba</size>
         <input_file_ref idref="fl-3"/>
      </object_component>
      <object_component id="oc-108">
         <name>.debug_abbrev</name>
         <load_address>0x6b0</load_address>
         <run_address>0x6b0</run_address>
         <size>0xa9</size>
         <input_file_ref idref="fl-3"/>
      </object_component>
      <object_component id="oc-1b0">
         <name>.debug_abbrev</name>
         <load_address>0x759</load_address>
         <run_address>0x759</run_address>
         <size>0x3d</size>
         <input_file_ref idref="fl-4"/>
      </object_component>
      <object_component id="oc-17e">
         <name>.debug_abbrev</name>
         <load_address>0x796</load_address>
         <run_address>0x796</run_address>
         <size>0x7f</size>
         <input_file_ref idref="fl-4"/>
      </object_component>
      <object_component id="oc-17a">
         <name>.debug_abbrev</name>
         <load_address>0x815</load_address>
         <run_address>0x815</run_address>
         <size>0x7a</size>
         <input_file_ref idref="fl-5"/>
      </object_component>
      <object_component id="oc-188">
         <name>.debug_abbrev</name>
         <load_address>0x88f</load_address>
         <run_address>0x88f</run_address>
         <size>0x50</size>
         <input_file_ref idref="fl-6"/>
      </object_component>
      <object_component id="oc-13a">
         <name>.debug_abbrev</name>
         <load_address>0x8df</load_address>
         <run_address>0x8df</run_address>
         <size>0x9b</size>
         <input_file_ref idref="fl-7"/>
      </object_component>
      <object_component id="oc-186">
         <name>.debug_abbrev</name>
         <load_address>0x97a</load_address>
         <run_address>0x97a</run_address>
         <size>0x9d</size>
         <input_file_ref idref="fl-8"/>
      </object_component>
      <object_component id="oc-139">
         <name>.debug_abbrev</name>
         <load_address>0xa17</load_address>
         <run_address>0xa17</run_address>
         <size>0x130</size>
         <input_file_ref idref="fl-8"/>
      </object_component>
      <object_component id="oc-122">
         <name>.debug_abbrev</name>
         <load_address>0xb47</load_address>
         <run_address>0xb47</run_address>
         <size>0x9d</size>
         <input_file_ref idref="fl-9"/>
      </object_component>
      <object_component id="oc-ca">
         <name>.debug_abbrev</name>
         <load_address>0xbe4</load_address>
         <run_address>0xbe4</run_address>
         <size>0xa9</size>
         <input_file_ref idref="fl-9"/>
      </object_component>
      <object_component id="oc-d0">
         <name>.debug_abbrev</name>
         <load_address>0xc8d</load_address>
         <run_address>0xc8d</run_address>
         <size>0x73</size>
         <input_file_ref idref="fl-a"/>
      </object_component>
      <object_component id="oc-81">
         <name>.debug_abbrev</name>
         <load_address>0xd00</load_address>
         <run_address>0xd00</run_address>
         <size>0x29</size>
         <input_file_ref idref="fl-a"/>
      </object_component>
      <object_component id="oc-c3">
         <name>.debug_abbrev</name>
         <load_address>0xd29</load_address>
         <run_address>0xd29</run_address>
         <size>0x89</size>
         <input_file_ref idref="fl-a"/>
      </object_component>
      <object_component id="oc-184">
         <name>.debug_abbrev</name>
         <load_address>0xdb2</load_address>
         <run_address>0xdb2</run_address>
         <size>0x29</size>
         <input_file_ref idref="fl-b"/>
      </object_component>
      <object_component id="oc-121">
         <name>.debug_abbrev</name>
         <load_address>0xddb</load_address>
         <run_address>0xddb</run_address>
         <size>0x8b</size>
         <input_file_ref idref="fl-b"/>
      </object_component>
      <object_component id="oc-74">
         <name>.debug_abbrev</name>
         <load_address>0xe66</load_address>
         <run_address>0xe66</run_address>
         <size>0x3e</size>
         <input_file_ref idref="fl-c5"/>
      </object_component>
      <object_component id="oc-d2">
         <name>.debug_abbrev</name>
         <load_address>0xea4</load_address>
         <run_address>0xea4</run_address>
         <size>0x37</size>
         <input_file_ref idref="fl-c6"/>
      </object_component>
      <object_component id="oc-30">
         <name>.debug_abbrev</name>
         <load_address>0xedb</load_address>
         <run_address>0xedb</run_address>
         <size>0x6f</size>
         <input_file_ref idref="fl-c6"/>
      </object_component>
      <object_component id="oc-33">
         <name>.debug_abbrev</name>
         <load_address>0xf4a</load_address>
         <run_address>0xf4a</run_address>
         <size>0x24</size>
         <input_file_ref idref="fl-c6"/>
      </object_component>
      <object_component id="oc-86">
         <name>.debug_abbrev</name>
         <load_address>0xf6e</load_address>
         <run_address>0xf6e</run_address>
         <size>0x35</size>
         <input_file_ref idref="fl-c6"/>
      </object_component>
      <object_component id="oc-90">
         <name>.debug_abbrev</name>
         <load_address>0xfa3</load_address>
         <run_address>0xfa3</run_address>
         <size>0x5d</size>
         <input_file_ref idref="fl-c7"/>
      </object_component>
      <object_component id="oc-40">
         <name>.debug_abbrev</name>
         <load_address>0x1000</load_address>
         <run_address>0x1000</run_address>
         <size>0x74</size>
         <input_file_ref idref="fl-c7"/>
      </object_component>
      <object_component id="oc-43">
         <name>.debug_abbrev</name>
         <load_address>0x1074</load_address>
         <run_address>0x1074</run_address>
         <size>0x24</size>
         <input_file_ref idref="fl-c7"/>
      </object_component>
      <object_component id="oc-8d">
         <name>.debug_abbrev</name>
         <load_address>0x1098</load_address>
         <run_address>0x1098</run_address>
         <size>0x24</size>
         <input_file_ref idref="fl-c7"/>
      </object_component>
      <object_component id="oc-98">
[...]
      </symbol>
      <symbol id="sm-24b">
         <name>Prewait</name>
         <value>0x2000030c</value>
         <object_component_ref idref="oc-17b"/>
      </symbol>
      <symbol id="sm-24c">
         <name>IFlags</name>
         <value>0x20000318</value>
         <object_component_ref idref="oc-17b"/>
      </symbol>
      <symbol id="sm-24d">
         <name>Postwait</name>
         <value>0x20000314</value>
         <object_component_ref idref="oc-17b"/>
      </symbol>
      <symbol id="sm-24e">
         <name>Clock_InitFastest</name>
         <value>0x1db9</value>
         <object_component_ref idref="oc-fb"/>
      </symbol>
      <symbol id="sm-24f">
         <name>CPMwait</name>
         <value>0x20000310</value>
         <object_component_ref idref="oc-17b"/>
      </symbol>
      <symbol id="sm-262">
         <name>Clock_Delay1ms</name>
         <value>0x238f</value>
         <object_component_ref idref="oc-f5"/>
      </symbol>
      <symbol id="sm-263">
         <name>StartCritical</name>
         <value>0x2369</value>
         <object_component_ref idref="oc-f5"/>
      </symbol>
      <symbol id="sm-264">
         <name>delay</name>
         <value>0x2381</value>
         <object_component_ref idref="oc-f5"/>
      </symbol>
      <symbol id="sm-265">
         <name>EndCritical</name>
         <value>0x2373</value>
         <object_component_ref idref="oc-f5"/>
      </symbol>
      <symbol id="sm-266">
         <name>DisableInterrupts</name>
         <value>0x235d</value>
         <object_component_ref idref="oc-f5"/>
      </symbol>
      <symbol id="sm-267">
         <name>WaitForInterrupt</name>
         <value>0x237b</value>
         <object_component_ref idref="oc-f5"/>
      </symbol>
      <symbol id="sm-268">
         <name>EnableInterrupts</name>
         <value>0x2363</value>
         <object_component_ref idref="oc-f5"/>
      </symbol>
      <symbol id="sm-27d">
         <name>GPIO_Init</name>
         <value>0x2005</value>
         <object_component_ref idref="oc-13b"/>
      </symbol>
      <symbol id="sm-295">
         <name>LaunchPad_Input</name>
         <value>0x1f9f</value>
         <object_component_ref idref="oc-e9"/>
      </symbol>
      <symbol id="sm-296">
         <name>LaunchPad_Output</name>
         <value>0x1fb9</value>
         <object_component_ref idref="oc-e9"/>
      </symbol>
      <symbol id="sm-297">
         <name>LaunchPad_Init</name>
         <value>0x1f39</value>
         <object_component_ref idref="oc-e9"/>
      </symbol>
      <symbol id="sm-2fa">
         <name>Messageindexb</name>
         <value>0x20000278</value>
      </symbol>
      <symbol id="sm-2fb">
         <name>Messageb</name>
         <value>0x20000270</value>
      </symbol>
      <symbol id="sm-2fc">
         <name>UART0_InString</name>
         <value>0x152d</value>
         <object_component_ref idref="oc-e3"/>
      </symbol>
      <symbol id="sm-2fd">
         <name>UART0_OutUDec</name>
         <value>0x11b9</value>
         <object_component_ref idref="oc-e3"/>
      </symbol>
      <symbol id="sm-2fe">
         <name>UART0_OutUFix1</name>
         <value>0x13b5</value>
         <object_component_ref idref="oc-e3"/>
      </symbol>
      <symbol id="sm-2ff">
         <name>UART0_OutUHex</name>
         <value>0x14a9</value>
         <object_component_ref idref="oc-e3"/>
      </symbol>
      <symbol id="sm-300">
         <name>UART0_OutUDec4</name>
         <value>0x1325</value>
         <object_component_ref idref="oc-e3"/>
      </symbol>
      <symbol id="sm-301">
         <name>UART0_OutUDec5</name>
         <value>0x1379</value>
         <object_component_ref idref="oc-e3"/>
      </symbol>
      <symbol id="sm-302">
         <name>UART0_OutString</name>
         <value>0x1117</value>
         <object_component_ref idref="oc-e3"/>
      </symbol>
      <symbol id="sm-303">
         <name>UART0_OutUHex2</name>
         <value>0x150d</value>
         <object_component_ref idref="oc-e3"/>
      </symbol>
      <symbol id="sm-304">
         <name>UART0_InChar</name>
         <value>0x10eb</value>
         <object_component_ref idref="oc-e3"/>
      </symbol>
      <symbol id="sm-305">
         <name>outnibble</name>
         <value>0x14e5</value>
         <object_component_ref idref="oc-e3"/>
      </symbol>
      <symbol id="sm-306">
         <name>UART0_Init</name>
         <value>0x10a5</value>
         <object_component_ref idref="oc-e3"/>
      </symbol>
      <symbol id="sm-307">
         <name>UART0_OutChar</name>
         <value>0x10fb</value>
         <object_component_ref idref="oc-e3"/>
      </symbol>
      <symbol id="sm-308">
         <name>UART0_InUDec</name>
         <value>0x1135</value>
         <object_component_ref idref="oc-e3"/>
      </symbol>
      <symbol id="sm-309">
         <name>UART0_InUHex</name>
         <value>0x13dd</value>
         <object_component_ref idref="oc-e3"/>
      </symbol>
      <symbol id="sm-33b">
         <name>RxPutI</name>
         <value>0x20000288</value>
      </symbol>
      <symbol id="sm-33c">
         <name>RxGetI</name>
         <value>0x20000284</value>
      </symbol>
      <symbol id="sm-33d">
         <name>RxFifoLost</name>
         <value>0x20000280</value>
      </symbol>
      <symbol id="sm-33e">
         <name>RxFIFO</name>
         <value>0x20000000</value>
      </symbol>
      <symbol id="sm-33f">
         <name>RxFifo_Get</name>
         <value>0x1c69</value>
         <object_component_ref idref="oc-7b"/>
      </symbol>
      <symbol id="sm-340">
         <name>UART1_OutChar</name>
         <value>0x1d1d</value>
         <object_component_ref idref="oc-7b"/>
      </symbol>
      <symbol id="sm-341">
         <name>UART1_InChar</name>
         <value>0x1d0b</value>
         <object_component_ref idref="oc-7b"/>
      </symbol>
      <symbol id="sm-342">
         <name>UART1_InStatus</name>
         <value>0x1c9f</value>
         <object_component_ref idref="oc-7b"/>
      </symbol>
      <symbol id="sm-343">
         <name>EUSCIA2_IRQHandler</name>
         <value>0x1d39</value>
         <object_component_ref idref="oc-7b"/>
      </symbol>
      <symbol id="sm-344">
         <name>UART1_OutString</name>
         <value>0x1d4f</value>
         <object_component_ref idref="oc-7b"/>
      </symbol>
      <symbol id="sm-345">
         <name>RxFifo_Put</name>
         <value>0x1c23</value>
         <object_component_ref idref="oc-7b"/>
      </symbol>
      <symbol id="sm-346">
         <name>UART1_Init</name>
         <value>0x1caf</value>
         <object_component_ref idref="oc-7b"/>
      </symbol>
      <symbol id="sm-347">
         <name>UART1_FinishOutput</name>
         <value>0x1d6d</value>
         <object_component_ref idref="oc-7b"/>
      </symbol>
      <symbol id="sm-348">
         <name>RxFifo_Init</name>
         <value>0x1c11</value>
         <object_component_ref idref="oc-7b"/>
      </symbol>
      <symbol id="sm-35d">
         <name>Reset_Handler</name>
         <value>0x2433</value>
         <object_component_ref idref="oc-75"/>
      </symbol>
      <symbol id="sm-35e">
         <name>Default_Handler</name>
         <value>0x243f</value>
         <object_component_ref idref="oc-75"/>
      </symbol>
      <symbol id="sm-35f">
         <name>interruptVectors</name>
         <value>0x0</value>
         <object_component_ref idref="oc-2c"/>
      </symbol>
      <symbol id="sm-3a5">
         <name>SystemInit</name>
         <value>0x1831</value>
         <object_component_ref idref="oc-bd"/>
      </symbol>
      <symbol id="sm-3a6">
         <name>SystemCoreClockUpdate</name>
         <value>0x15bd</value>
         <object_component_ref idref="oc-bd"/>
      </symbol>
      <symbol id="sm-3a7">
         <name>SystemCoreClock</name>
         <value>0x20000394</value>
         <object_component_ref idref="oc-11e"/>
      </symbol>
      <symbol id="sm-3b8">
         <name>_c_int00</name>
         <value>0x22b5</value>
         <object_component_ref idref="oc-26"/>
      </symbol>
      <symbol id="sm-3b9">
         <name>__stack</name>
         <value>0x2000fe00</value>
         <object_component_ref idref="oc-2f"/>
      </symbol>
      <symbol id="sm-3d7">
         <name>__TI_decompress_lzss</name>
         <value>0x224d</value>
         <object_component_ref idref="oc-14"/>
      </symbol>
      <symbol id="sm-3ee">
         <name>__TI_decompress_none</name>
         <value>0x2425</value>
         <object_component_ref idref="oc-1a"/>
      </symbol>
      <symbol id="sm-405">
         <name>__TI_zero_init</name>
         <value>0x2441</value>
         <object_component_ref idref="oc-20"/>
      </symbol>
      <symbol id="sm-426">
         <name>C$$EXIT</name>
         <value>0x2309</value>
         <object_component_ref idref="oc-6b"/>
      </symbol>
      <symbol id="sm-427">
         <name>abort</name>
         <value>0x230d</value>
         <object_component_ref idref="oc-6b"/>
      </symbol>
      <symbol id="sm-428">
         <name>exit</name>
         <value>0x2315</value>
         <object_component_ref idref="oc-6b"/>
      </symbol>
      <symbol id="sm-429">
         <name>__TI_dtors_ptr</name>
         <value>0x2000035c</value>
         <object_component_ref idref="oc-b2"/>
      </symbol>
      <symbol id="sm-42a">
         <name>__TI_cleanup_ptr</name>
         <value>0x20000358</value>
         <object_component_ref idref="oc-b2"/>
      </symbol>
      <symbol id="sm-42b">
         <name>__TI_enable_exit_profile_output</name>
         <value>0x20000360</value>
         <object_component_ref idref="oc-b2"/>
      </symbol>
      <symbol id="sm-446">
         <name>memcpy</name>
         <value>0x20c5</value>
         <object_component_ref idref="oc-3b"/>
      </symbol>
      <symbol id="sm-447">
         <name>__aeabi_memcpy</name>
         <value>0x20c5</value>
         <object_component_ref idref="oc-3b"/>
      </symbol>
      <symbol id="sm-448">
         <name>__aeabi_memcpy8</name>
         <value>0x20c5</value>
         <object_component_ref idref="oc-3b"/>
      </symbol>
      <symbol id="sm-449">
         <name>__aeabi_memcpy4</name>
         <value>0x20c5</value>
         <object_component_ref idref="oc-3b"/>
      </symbol>
      <symbol id="sm-458">
         <name>__aeabi_memset</name>
         <value>0x2163</value>
         <object_component_ref idref="oc-47"/>
      </symbol>
      <symbol id="sm-459">
         <name>memset</name>
         <value>0x2169</value>
         <object_component_ref idref="oc-47"/>
      </symbol>
      <symbol id="sm-45a">
         <name>__aeabi_memset8</name>
         <value>0x2163</value>
         <object_component_ref idref="oc-47"/>
      </symbol>
      <symbol id="sm-45b">
         <name>__aeabi_memset4</name>
         <value>0x2163</value>
         <object_component_ref idref="oc-47"/>
      </symbol>
      <symbol id="sm-45c">
         <name>__aeabi_memclr8</name>
         <value>0x2161</value>
         <object_component_ref idref="oc-47"/>
      </symbol>
      <symbol id="sm-45d">
         <name>__aeabi_memclr4</name>
         <value>0x2161</value>
         <object_component_ref idref="oc-47"/>
      </symbol>
      <symbol id="sm-45e">
         <name>__aeabi_memclr</name>
         <value>0x2161</value>
         <object_component_ref idref="oc-47"/>
      </symbol>
      <symbol id="sm-468">
         <name>__mpu_init</name>
         <value>0x21db</value>
         <object_component_ref idref="oc-53"/>
      </symbol>
      <symbol id="sm-472">
         <name>_system_pre_init</name>
         <value>0x244d</value>
         <object_component_ref idref="oc-59"/>
      </symbol>
      <symbol id="sm-47a">
         <name>main_func_sp</name>
         <value>0x20000390</value>
         <object_component_ref idref="oc-71"/>
      </symbol>
      <symbol id="sm-493">
         <name>_nop</name>
         <value>0x241f</value>
         <object_component_ref idref="oc-112"/>
      </symbol>
      <symbol id="sm-494">
         <name>_lock</name>
         <value>0x20000380</value>
         <object_component_ref idref="oc-b5"/>
      </symbol>
      <symbol id="sm-495">
         <name>_unlock</name>
         <value>0x20000384</value>
         <object_component_ref idref="oc-b5"/>
      </symbol>
      <symbol id="sm-496">
         <name>_register_lock</name>
         <value>0x2417</value>
         <object_component_ref idref="oc-112"/>
      </symbol>
      <symbol id="sm-497">
         <name>_register_unlock</name>
         <value>0x2411</value>
         <object_component_ref idref="oc-112"/>
      </symbol>
      <symbol id="sm-4ab">
         <name>_args_main</name>
         <value>0x23f9</value>
         <object_component_ref idref="oc-65"/>
      </symbol>
      <symbol id="sm-4d5">
         <name>__TI_auto_init</name>
         <value>0x21dd</value>
         <object_component_ref idref="oc-5f"/>
      </symbol>
      <symbol id="sm-4ef">
         <name>copy_in</name>
         <value>0x23ad</value>
         <object_component_ref idref="oc-9c"/>
      </symbol>
      <symbol id="sm-4f9">
         <name>_system_post_cinit</name>
         <value>0x2451</value>
         <object_component_ref idref="oc-a2"/>
      </symbol>
      <symbol id="sm-4fa">
         <name>__TI_static_base__</name>
         <value>0x0</value>
      </symbol>
      <symbol id="sm-4fd">
         <name>SHT$$INIT_ARRAY$$Limit</name>
         <value>0x0</value>
      </symbol>
      <symbol id="sm-4fe">
         <name>SHT$$INIT_ARRAY$$Base</name>
         <value>0x0</value>
      </symbol>
      <symbol id="sm-4ff">
         <name>NMI_Handler</name>
         <value>0x243f</value>
      </symbol>
      <symbol id="sm-500">
         <name>HardFault_Handler</name>
         <value>0x243f</value>
      </symbol>
      <symbol id="sm-501">
         <name>MemManage_Handler</name>
         <value>0x243f</value>
      </symbol>
      <symbol id="sm-502">
         <name>BusFault_Handler</name>
         <value>0x243f</value>
      </symbol>
      <symbol id="sm-503">
         <name>UsageFault_Handler</name>
         <value>0x243f</value>
      </symbol>
      <symbol id="sm-504">
         <name>SVC_Handler</name>
         <value>0x243f</value>
      </symbol>
      <symbol id="sm-505">
         <name>DebugMon_Handler</name>
         <value>0x243f</value>
      </symbol>
      <symbol id="sm-506">
         <name>PendSV_Handler</name>
         <value>0x243f</value>
      </symbol>
      <symbol id="sm-507">
         <name>SysTick_Handler</name>
         <value>0x243f</value>
      </symbol>
      <symbol id="sm-508">
         <name>PSS_IRQHandler</name>
         <value>0x243f</value>
      </symbol>
      <symbol id="sm-509">
         <name>CS_IRQHandler</name>
         <value>0x243f</value>
      </symbol>
      <symbol id="sm-50a">
         <name>PCM_IRQHandler</name>
         <value>0x243f</value>
      </symbol>
      <symbol id="sm-50b">
         <name>WDT_A_IRQHandler</name>
         <value>0x243f</value>
      </symbol>
      <symbol id="sm-50c">
         <name>FPU_IRQHandler</name>
         <value>0x243f</value>
      </symbol>
      <symbol id="sm-50d">
         <name>FLCTL_IRQHandler</name>
         <value>0x243f</value>
      </symbol>
      <symbol id="sm-50e">
         <name>COMP_E0_IRQHandler</name>
         <value>0x243f</value>
      </symbol>
      <symbol id="sm-50f">
         <name>COMP_E1_IRQHandler</name>
         <value>0x243f</value>
      </symbol>
      <symbol id="sm-510">
         <name>TA0_0_IRQHandler</name>
         <value>0x243f</value>
      </symbol>
      <symbol id="sm-511">
         <name>TA0_N_IRQHandler</name>
         <value>0x243f</value>
      </symbol>
      <symbol id="sm-512">
         <name>TA1_0_IRQHandler</name>
         <value>0x243f</value>
      </symbol>
      <symbol id="sm-513">
         <name>TA1_N_IRQHandler</name>
         <value>0x243f</value>
      </symbol>
      <symbol id="sm-514">
         <name>TA2_0_IRQHandler</name>
         <value>0x243f</value>
      </symbol>
      <symbol id="sm-515">
         <name>TA2_N_IRQHandler</name>
         <value>0x243f</value>
      </symbol>
      <symbol id="sm-516">
         <name>TA3_0_IRQHandler</name>
         <value>0x243f</value>
      </symbol>
      <symbol id="sm-517">
         <name>TA3_N_IRQHandler</name>
         <value>0x243f</value>
      </symbol>
      <symbol id="sm-518">
         <name>EUSCIA0_IRQHandler</name>
         <value>0x243f</value>
      </symbol>
      <symbol id="sm-519">
         <name>EUSCIA1_IRQHandler</name>
         <value>0x243f</value>
      </symbol>
      <symbol id="sm-51a">
         <name>EUSCIA2_IRQHandler</name>
         <value>0x1d39</value>
      </symbol>
      <symbol id="sm-51b">
         <name>EUSCIA3_IRQHandler</name>
         <value>0x243f</value>
      </symbol>
      <symbol id="sm-51c">
         <name>EUSCIB0_IRQHandler</name>
         <value>0x243f</value>
      </symbol>
      <symbol id="sm-51d">
         <name>EUSCIB1_IRQHandler</name>
         <value>0x243f</value>
      </symbol>
      <symbol id="sm-51e">
         <name>EUSCIB2_IRQHandler</name>
         <value>0x243f</value>
      </symbol>
      <symbol id="sm-51f">
         <name>EUSCIB3_IRQHandler</name>
         <value>0x243f</value>
      </symbol>
      <symbol id="sm-520">
         <name>ADC14_IRQHandler</name>
         <value>0x243f</value>
      </symbol>
      <symbol id="sm-521">
         <name>T32_INT1_IRQHandler</name>
         <value>0x243f</value>
      </symbol>
      <symbol id="sm-522">
         <name>T32_INT2_IRQHandler</name>
         <value>0x243f</value>
      </symbol>
      <symbol id="sm-523">
         <name>T32_INTC_IRQHandler</name>
         <value>0x243f</value>
      </symbol>
      <symbol id="sm-524">
         <name>AES256_IRQHandler</name>
         <value>0x243f</value>
      </symbol>
      <symbol id="sm-525">
         <name>RTC_C_IRQHandler</name>
         <value>0x243f</value>
      </symbol>
      <symbol id="sm-526">
         <name>DMA_ERR_IRQHandler</name>
         <value>0x243f</value>
      </symbol>
      <symbol id="sm-527">
         <name>DMA_INT3_IRQHandler</name>
         <value>0x243f</value>
      </symbol>
      <symbol id="sm-528">
         <name>DMA_INT2_IRQHandler</name>
         <value>0x243f</value>
      </symbol>
      <symbol id="sm-529">
         <name>DMA_INT1_IRQHandler</name>
         <value>0x243f</value>
      </symbol>
      <symbol id="sm-52a">
         <name>DMA_INT0_IRQHandler</name>
         <value>0x243f</value>
      </symbol>
      <symbol id="sm-52b">
         <name>PORT1_IRQHandler</name>
         <value>0x243f</value>
      </symbol>
      <symbol id="sm-52c">
         <name>PORT2_IRQHandler</name>
         <value>0x243f</value>
      </symbol>
      <symbol id="sm-52d">
         <name>PORT3_IRQHandler</name>
         <value>0x243f</value>
      </symbol>
      <symbol id="sm-52e">
         <name>PORT4_IRQHandler</name>
         <value>0x243f</value>
      </symbol>
      <symbol id="sm-52f">
         <name>PORT5_IRQHandler</name>
         <value>0x243f</value>
      </symbol>
      <symbol id="sm-530">
         <name>PORT6_IRQHandler</name>
         <value>0x243f</value>
      </symbol>
   </symbol_table>
   <title>Link successful</title>
</link_info>
