******************************************************************************
                  TI ARM Linker PC v16.9.3                     
******************************************************************************
>> Linked Wed Jun 07 15:00:12 2017

OUTPUT FILE NAME:   <ApplicationProcessor-MSP432.out>
ENTRY POINT SYMBOL: "_c_int00"  address: 000022b5


MEMORY CONFIGURATION

         name            origin    length      used     unused   attr    fill
----------------------  --------  ---------  --------  --------  ----  --------
  MAIN                  00000000   00040000  0000256a  0003da96  R  X
  INFO                  00200000   00004000  00000000  00004000  R  X
  SRAM_CODE             01000000   00010000  00000595  0000fa6b  RW X
  SRAM_DATA             20000000   00010000  00000595  0000fa6b  RW  


SEGMENT ALLOCATION MAP

run origin  load origin   length   init length attrs members
----------  ----------- ---------- ----------- ----- -------
00000000    00000000    00002570   00002570    r-x
  00000000    00000000    000000e4   000000e4    r-- .intvecs
  000000e4    000000e4    0000236e   0000236e    r-x .text
  00002452    00002452    00000040   00000040    r-- .const
  00002498    00002498    000000d8   000000d8    r-- .cinit
20000000    20000000    00000398   00000000    rw-
  20000000    20000000    000002a1   00000000    rw- .bss
  200002a4    200002a4    000000f4   00000000    rw- .data
2000fe00    2000fe00    00000200   00000000    rw-
  2000fe00    2000fe00    00000200   00000000    rw- .stack


SECTION ALLOCATION MAP

 output                                  attributes/
section   page    origin      length       input sections
--------  ----  ----------  ----------   ----------------
.intvecs   0    00000000    000000e4     
                  00000000    000000e4     startup_msp432p401r_ccs.obj (.intvecs:retain)

.binit     0    00000000    00000000     

.text      0    000000e4    0000236e     
                  000000e4    00000fc0     AP.obj (.text)
                  000010a4    00000518     UART0.obj (.text)
                  000015bc    0000032c     system_msp432p401r.obj (.text)
                  000018e8    00000328     ApplicationProcessor.obj (.text)
                  00001c10    000001a8     UART1.obj (.text)
                  00001db8    00000180     Clock.obj (.text)
                  00001f38    000000cc     LaunchPad.obj (.text)
                  00002004    000000c0     GPIO.obj (.text)
                  000020c4    0000009c     rtsv7M4_T_le_v4SPD16_eabi.lib : memcpy_t2.obj (.text)
                  00002160    0000007a                                   : memset_t2.obj (.text)
                  000021da    00000002                                   : mpu_init.obj (.text)
                  000021dc    00000070                                   : autoinit.obj (.text)
                  0000224c    00000068                                   : copy_decompress_lzss.obj (.text:decompress:lzss)
                  000022b4    00000054                                   : boot.obj (.text)
                  00002308    00000054                                   : exit.obj (.text)
                  0000235c    00000050     CortexM.obj (.text)
                  000023ac    0000004c     rtsv7M4_T_le_v4SPD16_eabi.lib : cpy_tbl.obj (.text)
                  000023f8    00000018                                   : args_main.obj (.text)
                  00002410    00000014                                   : _lock.obj (.text)
                  00002424    0000000e                                   : copy_decompress_none.obj (.text:decompress:none)
                  00002432    0000000e     startup_msp432p401r_ccs.obj (.text)
                  00002440    0000000c     rtsv7M4_T_le_v4SPD16_eabi.lib : copy_zero_init.obj (.text:decompress:ZI)
                  0000244c    00000004                                   : pre_init.obj (.text)
                  00002450    00000002                                   : startup.obj (.text)

.const     0    00002452    00000040     
                  00002452    00000014     AP.obj (.const:.string:NPI_StartAdvertisement)
                  00002466    00000011     AP.obj (.const:.string:NPI_SetAdvertisement1)
                  00002477    00000009     AP.obj (.const:.string:HCI_EXT_ResetSystemCmd)
                  00002480    00000006     AP.obj (.const:.string:NPI_GetStatus)
                  00002486    00000006     AP.obj (.const:.string:NPI_GetVersion)
                  0000248c    00000006     AP.obj (.const:.string:NPI_Register)

.cinit     0    00002498    000000d8     
                  00002498    000000b0     (.cinit..data.load) [load image, compression = lzss]
                  00002548    0000000c     (__TI_handler_table)
                  00002554    00000004     --HOLE-- [fill = 0]
                  00002558    00000008     (.cinit..bss.load) [load image, compression = zero_init]
                  00002560    00000010     (__TI_cinit_table)

.init_array 
*          0    00000000    00000000     UNINITIALIZED

.bss       0    20000000    000002a1     UNINITIALIZED
                  20000000    00000100     (.common:RxFIFO)
                  20000100    000000a0     (.common:CharacteristicList)
                  200001a0    00000080     (.common:RecvBuf)
                  20000220    00000050     (.common:NotifyCharacteristicList)
                  20000270    00000008     (.common:Messageb)
                  20000278    00000004     (.common:Messageindexb)
                  2000027c    00000004     (.common:NoSOFErr)
                  20000280    00000004     (.common:RxFifoLost)
                  20000284    00000004     (.common:RxGetI)
                  20000288    00000004     (.common:RxPutI)
                  2000028c    00000004     (.common:Switch2)
                  20000290    00000004     (.common:TimeOutErr)
                  20000294    00000004     (.common:WordData)
                  20000298    00000004     (.common:fcserr)
                  2000029c    00000002     (.common:HalfWordData)
                  2000029e    00000002     (.common:Switch1)
                  200002a0    00000001     (.common:ByteData)

.data      0    200002a4    000000f4     UNINITIALIZED
                  200002a4    00000025     AP.obj (.data:NPI_SetAdvertisementData)
                  200002c9    00000020     AP.obj (.data:NPI_AddCharDescriptor)
                  200002e9    0000001c     AP.obj (.data:NPI_GATTSetDeviceName)
                  20000305    00000003     --HOLE--
                  20000308    00000018     Clock.obj (.data)
                  20000320    00000015     AP.obj (.data:NPI_ReadConfirmation)
                  20000335    00000014     AP.obj (.data:NPI_SendNotificationIndication)
                  20000349    0000000e     AP.obj (.data:NPI_AddCharValue)
                  20000357    00000001     --HOLE--
                  20000358    0000000c     rtsv7M4_T_le_v4SPD16_eabi.lib : exit.obj (.data:$O1$$)
                  20000364    00000009     AP.obj (.data:NPI_AddService)
                  2000036d    00000009     AP.obj (.data:NPI_CCCDUpdatedConfirmation)
                  20000376    00000009     AP.obj (.data:NPI_WriteConfirmation)
                  2000037f    00000001     --HOLE--
                  20000380    00000008     rtsv7M4_T_le_v4SPD16_eabi.lib : _lock.obj (.data:$O1$$)
                  20000388    00000008     AP.obj (.data)
                  20000390    00000004     rtsv7M4_T_le_v4SPD16_eabi.lib : stkdepth_vars.obj (.data)
                  20000394    00000004     system_msp432p401r.obj (.data)

.stack     0    2000fe00    00000200     UNINITIALIZED
                  2000fe00    00000200     --HOLE--

MODULE SUMMARY

       Module                        code   ro data   rw data
       ------                        ----   -------   -------
    .\
       AP.obj                        4032   64        1134   
       UART0.obj                     1304   0         24     
       UART1.obj                     424    0         536    
       ApplicationProcessor.obj      808    0         26     
       system_msp432p401r.obj        812    0         8      
       Clock.obj                     384    0         48     
       startup_msp432p401r_ccs.obj   14     228       0      
       LaunchPad.obj                 204    0         0      
       GPIO.obj                      192    0         0      
       CortexM.obj                   80     0         0      
    +--+-----------------------------+------+---------+---------+
       Total:                        8254   292       1776   
                                                             
    C:\ti\ccsv7\tools\compiler\ti-cgt-arm_16.9.3.LTS\lib\rtsv7M4_T_le_v4SPD16_eabi.lib
       memcpy_t2.obj                 156    0         0      
       memset_t2.obj                 122    0         0      
       autoinit.obj                  112    0         0      
       exit.obj                      84     0         24     
       copy_decompress_lzss.obj      104    0         0      
       boot.obj                      84     0         0      
       cpy_tbl.obj                   76     0         0      
       _lock.obj                     20     0         16     
       args_main.obj                 24     0         0      
       copy_decompress_none.obj      14     0         0      
       copy_zero_init.obj            12     0         0      
       stkdepth_vars.obj             0      0         8      
       pre_init.obj                  4      0         0      
       mpu_init.obj                  2      0         0      
       startup.obj                   2      0         0      
    +--+-----------------------------+------+---------+---------+
       Total:                        816    0         48     
                                                             
       Stack:                        0      0         1024   
       Linker Generated:             0      212       0      
    +--+-----------------------------+------+---------+---------+
       Grand Total:                  9070   504       2848   


LINKER GENERATED COPY TABLES

__TI_cinit_table @ 00002560 records: 2, size/record: 8, table size: 16
	.data: load addr=00002498, load size=000000b0 bytes, run addr=200002a4, run size=000000f4 bytes, compression=lzss
	.bss: load addr=00002558, load size=00000008 bytes, run addr=20000000, run size=000002a1 bytes, compression=zero_init


LINKER GENERATED HANDLER TABLE

__TI_handler_table @ 00002548 records: 3, size/record: 4, table size: 12
	index: 0, handler: __TI_decompress_lzss
	index: 1, handler: __TI_decompress_none
	index: 2, handler: __TI_zero_init


GLOBAL SYMBOLS: SORTED ALPHABETICALLY BY Name 

address   name                           
-------   ----                           
0000243f  ADC14_IRQHandler               
0000243f  AES256_IRQHandler              
0000074d  AP_AddCharacteristic           
00000909  AP_AddNotifyCharacteristic     
000006f5  AP_AddService                  
00000dc1  AP_BackgroundProcess           
00000291  AP_EchoReceived                
0000021d  AP_EchoSendMessage             
000006df  AP_GetNotifyCCCD               
000001f3  AP_GetSize                     
00000c89  AP_GetStatus                   
00000cc1  AP_GetVersion                  
0000010d  AP_Init                        
000004b5  AP_RecvMessage                 
00000691  AP_RecvStatus                  
0000072d  AP_RegisterService             
000000e5  AP_Reset                       
00000319  AP_SendMessage                 
0000069f  AP_SendMessageResponse         
00000b35  AP_SendNotification            
00000c35  AP_StartAdvertisement          
0000243f  BusFault_Handler               
00001971  Button1                        
00001983  Button2                        
200002a0  ByteData                       
00002309  C$$EXIT                        
0000243f  COMP_E0_IRQHandler             
0000243f  COMP_E1_IRQHandler             
20000310  CPMwait                        
0000243f  CS_IRQHandler                  
20000388  CharacteristicCount            
20000100  CharacteristicList             
0000238f  Clock_Delay1ms                 
00001ecf  Clock_GetFreq                  
00001db9  Clock_InitFastest              
2000031c  Crystalstable                  
0000243f  DMA_ERR_IRQHandler             
0000243f  DMA_INT0_IRQHandler            
0000243f  DMA_INT1_IRQHandler            
0000243f  DMA_INT2_IRQHandler            
0000243f  DMA_INT3_IRQHandler            
0000243f  DebugMon_Handler               
0000243f  Default_Handler                
0000235d  DisableInterrupts              
0000243f  EUSCIA0_IRQHandler             
0000243f  EUSCIA1_IRQHandler             
00001d39  EUSCIA2_IRQHandler             
00001d39  EUSCIA2_IRQHandler             
0000243f  EUSCIA3_IRQHandler             
0000243f  EUSCIB0_IRQHandler             
0000243f  EUSCIB1_IRQHandler             
0000243f  EUSCIB2_IRQHandler             
0000243f  EUSCIB3_IRQHandler             
00002363  EnableInterrupts               
00002373  EndCritical                    
0000243f  FLCTL_IRQHandler               
0000243f  FPU_IRQHandler                 
00002005  GPIO_Init                      
00002477  HCI_EXT_ResetSystemCmd         
2000029c  HalfWordData                   
0000243f  HardFault_Handler              
20000318  IFlags                         
00001f39  LaunchPad_Init                 
00001f9f  LaunchPad_Input                
00001fb9  LaunchPad_Output               
0000243f  MemManage_Handler              
20000270  Messageb                       
20000278  Messageindexb                  
0000243f  NMI_Handler                    
200002c9  NPI_AddCharDescriptor          
20000349  NPI_AddCharValue               
20000364  NPI_AddService                 
2000036d  NPI_CCCDUpdatedConfirmation    
200002e9  NPI_GATTSetDeviceName          
00002480  NPI_GetStatus                  
00002486  NPI_GetVersion                 
20000320  NPI_ReadConfirmation           
0000248c  NPI_Register                   
20000335  NPI_SendNotificationIndication 
00002466  NPI_SetAdvertisement1          
200002a4  NPI_SetAdvertisementData       
00002452  NPI_StartAdvertisement         
20000376  NPI_WriteConfirmation          
2000027c  NoSOFErr                       
2000038c  NotifyCharacteristicCount      
20000220  NotifyCharacteristicList       
000018e9  OutValue                       
0000243f  PCM_IRQHandler                 
0000243f  PORT1_IRQHandler               
0000243f  PORT2_IRQHandler               
0000243f  PORT3_IRQHandler               
0000243f  PORT4_IRQHandler               
0000243f  PORT5_IRQHandler               
0000243f  PORT6_IRQHandler               
0000243f  PSS_IRQHandler                 
0000243f  PendSV_Handler                 
20000314  Postwait                       
2000030c  Prewait                        
0000243f  RTC_C_IRQHandler               
000018fd  ReadByteData                   
0000191b  ReadHalfWordData               
200001a0  RecvBuf                        
00002433  Reset_Handler                  
20000000  RxFIFO                         
20000280  RxFifoLost                     
00001c69  RxFifo_Get                     
00001c11  RxFifo_Init                    
00001c23  RxFifo_Put                     
20000284  RxGetI                         
20000288  RxPutI                         
UNDEFED   SHT$$INIT_ARRAY$$Base          
UNDEFED   SHT$$INIT_ARRAY$$Limit         
0000243f  SVC_Handler                    
00002369  StartCritical                  
2000029e  Switch1                        
2000028c  Switch2                        
0000243f  SysTick_Handler                
20000394  SystemCoreClock                
000015bd  SystemCoreClockUpdate          
00001831  SystemInit                     
0000243f  T32_INT1_IRQHandler            
0000243f  T32_INT2_IRQHandler            
0000243f  T32_INTC_IRQHandler            
0000243f  TA0_0_IRQHandler               
0000243f  TA0_N_IRQHandler               
0000243f  TA1_0_IRQHandler               
0000243f  TA1_N_IRQHandler               
0000243f  TA2_0_IRQHandler               
0000243f  TA2_N_IRQHandler               
0000243f  TA3_0_IRQHandler               
0000243f  TA3_N_IRQHandler               
20000290  TimeOutErr                     
000010eb  UART0_InChar                   
0000152d  UART0_InString                 
00001135  UART0_InUDec                   
000013dd  UART0_InUHex                   
000010a5  UART0_Init                     
000010fb  UART0_OutChar                  
00001117  UART0_OutString                
000011b9  UART0_OutUDec                  
00001325  UART0_OutUDec4                 
00001379  UART0_OutUDec5                 
000013b5  UART0_OutUFix1                 
000014a9  UART0_OutUHex                  
0000150d  UART0_OutUHex2                 
00001d6d  UART1_FinishOutput             
00001d0b  UART1_InChar                   
00001c9f  UART1_InStatus                 
00001caf  UART1_Init                     
00001d1d  UART1_OutChar                  
00001d4f  UART1_OutString                
0000243f  UsageFault_Handler             
4000480c  WDTCTL_SYM                     
0000243f  WDT_A_IRQHandler               
0000237b  WaitForInterrupt               
20000294  WordData                       
0000193f  WriteByteData                  
0000195b  WriteWordData                  
20010000  __STACK_END                    
00000200  __STACK_SIZE                   
00002560  __TI_CINIT_Base                
00002570  __TI_CINIT_Limit               
00002548  __TI_Handler_Table_Base        
00002554  __TI_Handler_Table_Limit       
000021dd  __TI_auto_init                 
20000358  __TI_cleanup_ptr               
0000224d  __TI_decompress_lzss           
00002425  __TI_decompress_none           
2000035c  __TI_dtors_ptr                 
20000360  __TI_enable_exit_profile_output
ffffffff  __TI_pprof_out_hndl            
ffffffff  __TI_prof_data_size            
ffffffff  __TI_prof_data_start           
00000000  __TI_static_base__             
00002441  __TI_zero_init                 
00002161  __aeabi_memclr                 
00002161  __aeabi_memclr4                
00002161  __aeabi_memclr8                
000020c5  __aeabi_memcpy                 
000020c5  __aeabi_memcpy4                
000020c5  __aeabi_memcpy8                
00002163  __aeabi_memset                 
00002163  __aeabi_memset4                
00002163  __aeabi_memset8                
ffffffff  __binit__                      
ffffffff  __c_args__                     
000021db  __mpu_init                     
2000fe00  __stack                        
000023f9  _args_main                     
000022b5  _c_int00                       
20000380  _lock                          
0000241f  _nop                           
00002417  _register_lock                 
00002411  _register_unlock               
00002451  _system_post_cinit             
0000244d  _system_pre_init               
20000384  _unlock                        
0000230d  abort                          
ffffffff  binit                          
000023ad  copy_in                        
00002381  delay                          
00002315  exit                           
20000298  fcserr                         
00000000  interruptVectors               
00001995  main                           
20000390  main_func_sp                   
000020c5  memcpy                         
00002169  memset                         
000014e5  outnibble                      


GLOBAL SYMBOLS: SORTED BY Symbol Address 

address   name                           
-------   ----                           
00000000  __TI_static_base__             
00000000  interruptVectors               
000000e5  AP_Reset                       
0000010d  AP_Init                        
000001f3  AP_GetSize                     
00000200  __STACK_SIZE                   
0000021d  AP_EchoSendMessage             
00000291  AP_EchoReceived                
00000319  AP_SendMessage                 
000004b5  AP_RecvMessage                 
00000691  AP_RecvStatus                  
0000069f  AP_SendMessageResponse         
000006df  AP_GetNotifyCCCD               
000006f5  AP_AddService                  
0000072d  AP_RegisterService             
0000074d  AP_AddCharacteristic           
00000909  AP_AddNotifyCharacteristic     
00000b35  AP_SendNotification            
00000c35  AP_StartAdvertisement          
00000c89  AP_GetStatus                   
00000cc1  AP_GetVersion                  
00000dc1  AP_BackgroundProcess           
000010a5  UART0_Init                     
000010eb  UART0_InChar                   
000010fb  UART0_OutChar                  
00001117  UART0_OutString                
00001135  UART0_InUDec                   
000011b9  UART0_OutUDec                  
00001325  UART0_OutUDec4                 
00001379  UART0_OutUDec5                 
000013b5  UART0_OutUFix1                 
000013dd  UART0_InUHex                   
000014a9  UART0_OutUHex                  
000014e5  outnibble                      
0000150d  UART0_OutUHex2                 
0000152d  UART0_InString                 
000015bd  SystemCoreClockUpdate          
00001831  SystemInit                     
000018e9  OutValue                       
000018fd  ReadByteData                   
0000191b  ReadHalfWordData               
0000193f  WriteByteData                  
0000195b  WriteWordData                  
00001971  Button1                        
00001983  Button2                        
00001995  main                           
00001c11  RxFifo_Init                    
00001c23  RxFifo_Put                     
00001c69  RxFifo_Get                     
00001c9f  UART1_InStatus                 
00001caf  UART1_Init                     
00001d0b  UART1_InChar                   
00001d1d  UART1_OutChar                  
00001d39  EUSCIA2_IRQHandler             
00001d39  EUSCIA2_IRQHandler             
00001d4f  UART1_OutString                
00001d6d  UART1_FinishOutput             
00001db9  Clock_InitFastest              
00001ecf  Clock_GetFreq                  
00001f39  LaunchPad_Init                 
00001f9f  LaunchPad_Input                
00001fb9  LaunchPad_Output               
00002005  GPIO_Init                      
000020c5  __aeabi_memcpy                 
000020c5  __aeabi_memcpy4                
000020c5  __aeabi_memcpy8                
000020c5  memcpy                         
00002161  __aeabi_memclr                 
00002161  __aeabi_memclr4                
00002161  __aeabi_memclr8                
00002163  __aeabi_memset                 
00002163  __aeabi_memset4                
00002163  __aeabi_memset8                
00002169  memset                         
000021db  __mpu_init                     
000021dd  __TI_auto_init                 
0000224d  __TI_decompress_lzss           
000022b5  _c_int00                       
00002309  C$$EXIT                        
0000230d  abort                          
00002315  exit                           
0000235d  DisableInterrupts              
00002363  EnableInterrupts               
00002369  StartCritical                  
00002373  EndCritical                    
0000237b  WaitForInterrupt               
00002381  delay                          
0000238f  Clock_Delay1ms                 
000023ad  copy_in                        
000023f9  _args_main                     
00002411  _register_unlock               
00002417  _register_lock                 
0000241f  _nop                           
00002425  __TI_decompress_none           
00002433  Reset_Handler                  
0000243f  ADC14_IRQHandler               
0000243f  AES256_IRQHandler              
0000243f  BusFault_Handler               
0000243f  COMP_E0_IRQHandler             
0000243f  COMP_E1_IRQHandler             
0000243f  CS_IRQHandler                  
0000243f  DMA_ERR_IRQHandler             
0000243f  DMA_INT0_IRQHandler            
0000243f  DMA_INT1_IRQHandler            
0000243f  DMA_INT2_IRQHandler            
0000243f  DMA_INT3_IRQHandler            
0000243f  DebugMon_Handler               
0000243f  Default_Handler                
0000243f  EUSCIA0_IRQHandler             
0000243f  EUSCIA1_IRQHandler             
0000243f  EUSCIA3_IRQHandler             
0000243f  EUSCIB0_IRQHandler             
0000243f  EUSCIB1_IRQHandler             
0000243f  EUSCIB2_IRQHandler             
0000243f  EUSCIB3_IRQHandler             
0000243f  FLCTL_IRQHandler               
0000243f  FPU_IRQHandler                 
0000243f  HardFault_Handler              
0000243f  MemManage_Handler              
0000243f  NMI_Handler                    
0000243f  PCM_IRQHandler                 
0000243f  PORT1_IRQHandler               
0000243f  PORT2_IRQHandler               
0000243f  PORT3_IRQHandler               
0000243f  PORT4_IRQHandler               
0000243f  PORT5_IRQHandler               
0000243f  PORT6_IRQHandler               
0000243f  PSS_IRQHandler                 
0000243f  PendSV_Handler                 
0000243f  RTC_C_IRQHandler               
0000243f  SVC_Handler                    
0000243f  SysTick_Handler                
0000243f  T32_INT1_IRQHandler            
0000243f  T32_INT2_IRQHandler            
0000243f  T32_INTC_IRQHandler            
0000243f  TA0_0_IRQHandler               
0000243f  TA0_N_IRQHandler               
0000243f  TA1_0_IRQHandler               
0000243f  TA1_N_IRQHandler               
0000243f  TA2_0_IRQHandler               
0000243f  TA2_N_IRQHandler               
0000243f  TA3_0_IRQHandler               
0000243f  TA3_N_IRQHandler               
0000243f  UsageFault_Handler             
0000243f  WDT_A_IRQHandler               
00002441  __TI_zero_init                 
0000244d  _system_pre_init               
00002451  _system_post_cinit             
00002452  NPI_StartAdvertisement         
00002466  NPI_SetAdvertisement1          
00002477  HCI_EXT_ResetSystemCmd         
00002480  NPI_GetStatus                  
00002486  NPI_GetVersion                 
0000248c  NPI_Register                   
00002548  __TI_Handler_Table_Base        
00002554  __TI_Handler_Table_Limit       
00002560  __TI_CINIT_Base                
00002570  __TI_CINIT_Limit               
20000000  RxFIFO                         
20000100  CharacteristicList             
200001a0  RecvBuf                        
20000220  NotifyCharacteristicList       
20000270  Messageb                       
20000278  Messageindexb                  
2000027c  NoSOFErr                       
20000280  RxFifoLost                     
20000284  RxGetI                         
20000288  RxPutI                         
2000028c  Switch2                        
20000290  TimeOutErr                     
20000294  WordData                       
20000298  fcserr                         
2000029c  HalfWordData                   
2000029e  Switch1                        
200002a0  ByteData                       
200002a4  NPI_SetAdvertisementData       
200002c9  NPI_AddCharDescriptor          
200002e9  NPI_GATTSetDeviceName          
2000030c  Prewait                        
20000310  CPMwait                        
20000314  Postwait                       
20000318  IFlags                         
2000031c  Crystalstable                  
20000320  NPI_ReadConfirmation           
20000335  NPI_SendNotificationIndication 
20000349  NPI_AddCharValue               
20000358  __TI_cleanup_ptr               
2000035c  __TI_dtors_ptr                 
20000360  __TI_enable_exit_profile_output
20000364  NPI_AddService                 
2000036d  NPI_CCCDUpdatedConfirmation    
20000376  NPI_WriteConfirmation          
20000380  _lock                          
20000384  _unlock                        
20000388  CharacteristicCount            
2000038c  NotifyCharacteristicCount      
20000390  main_func_sp                   
20000394  SystemCoreClock                
2000fe00  __stack                        
20010000  __STACK_END                    
4000480c  WDTCTL_SYM                     
ffffffff  __TI_pprof_out_hndl            
ffffffff  __TI_prof_data_size            
ffffffff  __TI_prof_data_start           
ffffffff  __binit__                      
ffffffff  __c_args__                     
ffffffff  binit                          
UNDEFED   SHT$$INIT_ARRAY$$Base          
UNDEFED   SHT$$INIT_ARRAY$$Limit         

[209 symbols]
